SQL> 
SQL> REM SPECIAL OPERATORS : 1 IN 2 BETWEEN 3 LIKE 4 IS NULL
SQL> 
SQL> REM ALL SPECIAL OPERATORS CAN BE USED FOR 1 POSITIVE CONDITION CHECKING 2 NEGATIVE CONDITION CHECKING
SQL> 
SQL> REM 1 IN / NOT IN
SQL> 
SQL> REM 2 BETWEEN / NOT BETWEEN
SQL> 
SQL> REM 3 LIKE / NOT LIKE
SQL> 
SQL> REM 4 IS NULL / IS NOT NULL
SQL> 
SQL> 
SQL> 
SQL> REM ALL SPECIAL OPERATORS WORKS ON ALL 3 BASIC DATA TYPE VALUES : 1 CHARACTER 2 NUMBER 3 DATE
SQL> 
SQL> 
SQL> 
SQL> REM IN : IS USED TO COMPARE MULTIPLE VALUES WITHIN SINGLE CONDITION
SQL> 
SQL> REM DISPLAY ALL EMPLOYEES OF DEPARTMENT 90
SQL> 
SQL> SELECT * FROM EMPLOYEES WHERE DEPARTMENT_ID = 90;

EMPLOYEE_ID FIRST_NAME      LAST_NAME       EMAIL      PHONE_NUMBER         HIRE_DATE JOB_ID         SALARY COMMISSION_PCT MANAGER_ID DEPARTMENT_ID                                                     
----------- --------------- --------------- ---------- -------------------- --------- ---------- ---------- -------------- ---------- -------------                                                     
        100 Steven          King            SKING      515.123.4567         17-JUL-87 AD_PRES         24000                                      90                                                     
        101 Neena           Kochhar         NKOCHHAR   515.123.4568         21-SEP-89 AD_VP           17000                       100            90                                                     
        102 Lex             De Haan         LDEHAAN    515.123.4569         13-JAN-93 AD_VP           17000                       100            90                                                     

SQL> 
SQL> SELECT * FROM EMPLOYEES WHERE DEPARTMENT_ID = 80;

EMPLOYEE_ID FIRST_NAME      LAST_NAME       EMAIL      PHONE_NUMBER         HIRE_DATE JOB_ID         SALARY COMMISSION_PCT MANAGER_ID DEPARTMENT_ID                                                     
----------- --------------- --------------- ---------- -------------------- --------- ---------- ---------- -------------- ---------- -------------                                                     
        149 Eleni           Zlotkey         EZLOTKEY   011.44.1344.429018   29-JAN-00 SA_MAN          10500             .2        100            80                                                     
        174 Ellen           Abel            EABEL      011.44.1644.429267   11-MAY-96 SA_REP          11000             .3        149            80                                                     
        176 Jonathon        Taylor          JTAYLOR    011.44.1644.429265   24-MAR-98 SA_REP           8600             .3        149            80                                                     

SQL> 
SQL> SELECT * FROM EMPLOYEES WHERE DEPARTMENT_ID = 110;

EMPLOYEE_ID FIRST_NAME      LAST_NAME       EMAIL      PHONE_NUMBER         HIRE_DATE JOB_ID         SALARY COMMISSION_PCT MANAGER_ID DEPARTMENT_ID                                                     
----------- --------------- --------------- ---------- -------------------- --------- ---------- ---------- -------------- ---------- -------------                                                     
        205 Shelley         Higgins         SHIGGINS   515.123.8080         07-JUN-94 AC_MGR          12000                       101           110                                                     
        206 William         Gietz           WGIETZ     515.123.8181         07-JUN-94 AC_ACCOUNT       8300                       205           110                                                     

SQL> REM DISPLAY ALL EMPLOYEES OF ANY DEPARTMENT 90 , 60 , 20
SQL> 
SQL> SELECT * FROM EMPLOYEES WHERE DEPARTMENT_ID = ANY (90,60,20);

EMPLOYEE_ID FIRST_NAME      LAST_NAME       EMAIL      PHONE_NUMBER         HIRE_DATE JOB_ID         SALARY COMMISSION_PCT MANAGER_ID DEPARTMENT_ID                                                     
----------- --------------- --------------- ---------- -------------------- --------- ---------- ---------- -------------- ---------- -------------                                                     
        100 Steven          King            SKING      515.123.4567         17-JUL-87 AD_PRES         24000                                      90                                                     
        101 Neena           Kochhar         NKOCHHAR   515.123.4568         21-SEP-89 AD_VP           17000                       100            90                                                     
        102 Lex             De Haan         LDEHAAN    515.123.4569         13-JAN-93 AD_VP           17000                       100            90                                                     
        103 Alexander       Hunold          AHUNOLD    590.423.4567         03-JAN-90 IT_PROG          9000                       102            60                                                     
        104 Bruce           Ernst           BERNST     590.423.4568         21-MAY-91 IT_PROG          6000                       103            60                                                     
        107 Diana           Lorentz         DLORENTZ   590.423.5567         07-FEB-99 IT_PROG          4200                       103            60                                                     
        201 Michael         Hartstein       MHARTSTE   515.123.5555         17-FEB-96 MK_MAN          13000                       100            20                                                     
        202 Pat             Fay             PFAY       603.123.6666         17-AUG-97 MK_REP           6000                       201            20                                                     

8 rows selected.

SQL> SELECT * FROM EMPLOYEES WHERE DEPARTMENT_ID = SOME (90,60,20);

EMPLOYEE_ID FIRST_NAME      LAST_NAME       EMAIL      PHONE_NUMBER         HIRE_DATE JOB_ID         SALARY COMMISSION_PCT MANAGER_ID DEPARTMENT_ID                                                     
----------- --------------- --------------- ---------- -------------------- --------- ---------- ---------- -------------- ---------- -------------                                                     
        100 Steven          King            SKING      515.123.4567         17-JUL-87 AD_PRES         24000                                      90                                                     
        101 Neena           Kochhar         NKOCHHAR   515.123.4568         21-SEP-89 AD_VP           17000                       100            90                                                     
        102 Lex             De Haan         LDEHAAN    515.123.4569         13-JAN-93 AD_VP           17000                       100            90                                                     
        103 Alexander       Hunold          AHUNOLD    590.423.4567         03-JAN-90 IT_PROG          9000                       102            60                                                     
        104 Bruce           Ernst           BERNST     590.423.4568         21-MAY-91 IT_PROG          6000                       103            60                                                     
        107 Diana           Lorentz         DLORENTZ   590.423.5567         07-FEB-99 IT_PROG          4200                       103            60                                                     
        201 Michael         Hartstein       MHARTSTE   515.123.5555         17-FEB-96 MK_MAN          13000                       100            20                                                     
        202 Pat             Fay             PFAY       603.123.6666         17-AUG-97 MK_REP           6000                       201            20                                                     

8 rows selected.

SQL> SELECT * FROM EMPLOYEES WHERE DEPARTMENT_ID IN (90,60,20);

EMPLOYEE_ID FIRST_NAME      LAST_NAME       EMAIL      PHONE_NUMBER         HIRE_DATE JOB_ID         SALARY COMMISSION_PCT MANAGER_ID DEPARTMENT_ID                                                     
----------- --------------- --------------- ---------- -------------------- --------- ---------- ---------- -------------- ---------- -------------                                                     
        100 Steven          King            SKING      515.123.4567         17-JUL-87 AD_PRES         24000                                      90                                                     
        101 Neena           Kochhar         NKOCHHAR   515.123.4568         21-SEP-89 AD_VP           17000                       100            90                                                     
        102 Lex             De Haan         LDEHAAN    515.123.4569         13-JAN-93 AD_VP           17000                       100            90                                                     
        103 Alexander       Hunold          AHUNOLD    590.423.4567         03-JAN-90 IT_PROG          9000                       102            60                                                     
        104 Bruce           Ernst           BERNST     590.423.4568         21-MAY-91 IT_PROG          6000                       103            60                                                     
        107 Diana           Lorentz         DLORENTZ   590.423.5567         07-FEB-99 IT_PROG          4200                       103            60                                                     
        201 Michael         Hartstein       MHARTSTE   515.123.5555         17-FEB-96 MK_MAN          13000                       100            20                                                     
        202 Pat             Fay             PFAY       603.123.6666         17-AUG-97 MK_REP           6000                       201            20                                                     

8 rows selected.

SQL> REM IN IS EQUIVALENT TO = ANY AND = SOME
SQL> 
SQL> REM DISPLAY ALL EXCEPT THOSE WHO WORKS IN ANY OF THE DEPARTMENT 90 , 60 , 20
SQL> 
SQL> SELECT * FROM EMPLOYEES WHERE DEPARTMENT_ID <> ALL (90,60,20);

EMPLOYEE_ID FIRST_NAME      LAST_NAME       EMAIL      PHONE_NUMBER         HIRE_DATE JOB_ID         SALARY COMMISSION_PCT MANAGER_ID DEPARTMENT_ID                                                     
----------- --------------- --------------- ---------- -------------------- --------- ---------- ---------- -------------- ---------- -------------                                                     
        124 Kevin           Mourgos         KMOURGOS   650.123.5234         16-NOV-99 ST_MAN           5800                       100            50                                                     
        141 Trenna          Rajs            TRAJS      650.121.8009         17-OCT-95 ST_CLERK         3500                       124            50                                                     
        142 Curtis          Davies          CDAVIES    650.121.2994         29-JAN-97 ST_CLERK         3100                       124            50                                                     
        143 Randall         Matos           RMATOS     650.121.2874         15-MAR-98 ST_CLERK         2600                       124            50                                                     
        144 Peter           Vargas          PVARGAS    650.121.2004         09-JUL-98 ST_CLERK         2500                       124            50                                                     
        149 Eleni           Zlotkey         EZLOTKEY   011.44.1344.429018   29-JAN-00 SA_MAN          10500             .2        100            80                                                     
        174 Ellen           Abel            EABEL      011.44.1644.429267   11-MAY-96 SA_REP          11000             .3        149            80                                                     
        176 Jonathon        Taylor          JTAYLOR    011.44.1644.429265   24-MAR-98 SA_REP           8600             .3        149            80                                                     
        200 Jennifer        Whalen          JWHALEN    515.123.4444         17-SEP-87 AD_ASST          4400                       101            10                                                     
        205 Shelley         Higgins         SHIGGINS   515.123.8080         07-JUN-94 AC_MGR          12000                       101           110                                                     
        206 William         Gietz           WGIETZ     515.123.8181         07-JUN-94 AC_ACCOUNT       8300                       205           110                                                     

11 rows selected.

SQL> SELECT * FROM EMPLOYEES WHERE DEPARTMENT_ID NOT IN (90,60,20);

EMPLOYEE_ID FIRST_NAME      LAST_NAME       EMAIL      PHONE_NUMBER         HIRE_DATE JOB_ID         SALARY COMMISSION_PCT MANAGER_ID DEPARTMENT_ID                                                     
----------- --------------- --------------- ---------- -------------------- --------- ---------- ---------- -------------- ---------- -------------                                                     
        124 Kevin           Mourgos         KMOURGOS   650.123.5234         16-NOV-99 ST_MAN           5800                       100            50                                                     
        141 Trenna          Rajs            TRAJS      650.121.8009         17-OCT-95 ST_CLERK         3500                       124            50                                                     
        142 Curtis          Davies          CDAVIES    650.121.2994         29-JAN-97 ST_CLERK         3100                       124            50                                                     
        143 Randall         Matos           RMATOS     650.121.2874         15-MAR-98 ST_CLERK         2600                       124            50                                                     
        144 Peter           Vargas          PVARGAS    650.121.2004         09-JUL-98 ST_CLERK         2500                       124            50                                                     
        149 Eleni           Zlotkey         EZLOTKEY   011.44.1344.429018   29-JAN-00 SA_MAN          10500             .2        100            80                                                     
        174 Ellen           Abel            EABEL      011.44.1644.429267   11-MAY-96 SA_REP          11000             .3        149            80                                                     
        176 Jonathon        Taylor          JTAYLOR    011.44.1644.429265   24-MAR-98 SA_REP           8600             .3        149            80                                                     
        200 Jennifer        Whalen          JWHALEN    515.123.4444         17-SEP-87 AD_ASST          4400                       101            10                                                     
        205 Shelley         Higgins         SHIGGINS   515.123.8080         07-JUN-94 AC_MGR          12000                       101           110                                                     
        206 William         Gietz           WGIETZ     515.123.8181         07-JUN-94 AC_ACCOUNT       8300                       205           110                                                     

11 rows selected.

SQL> REM NOT IN EQUIVALENT TO <> ALL AND != ALL AND ^= AND
SQL> 
SQL> REM NOT IN EQUIVALENT TO <> ALL AND != ALL AND ^= ALL
SQL> 
SQL> REM PAIR WISE COMPARISONS
SQL> 
SQL> SELECT DEPARTMENT_ID , MANAGER_ID , FIRST_NAME FROM EMPLOYEES;

DEPARTMENT_ID MANAGER_ID FIRST_NAME                                                                                                                                                                     
------------- ---------- ---------------                                                                                                                                                                
           90            Steven                                                                                                                                                                         
           90        100 Neena                                                                                                                                                                          
           90        100 Lex                                                                                                                                                                            
           60        102 Alexander                                                                                                                                                                      
           60        103 Bruce                                                                                                                                                                          
           60        103 Diana                                                                                                                                                                          
           50        100 Kevin                                                                                                                                                                          
           50        124 Trenna                                                                                                                                                                         
           50        124 Curtis                                                                                                                                                                         
           50        124 Randall                                                                                                                                                                        
           50        124 Peter                                                                                                                                                                          
           80        100 Eleni                                                                                                                                                                          
           80        149 Ellen                                                                                                                                                                          
           80        149 Jonathon                                                                                                                                                                       
                     149 Kimerely                                                                                                                                                                       
           10        101 Jennifer                                                                                                                                                                       
           20        100 Michael                                                                                                                                                                        
           20        201 Pat                                                                                                                                                                            
          110        101 Shelley                                                                                                                                                                        
          110        205 William                                                                                                                                                                        

20 rows selected.

SQL> REM DEPARTMENT_ID MANAGER_ID : 50 124 , 20 100 , 60 103
SQL> 
SQL> SELECT DEPARTMENT_ID , MANAGER_ID , FIRST_NAME FROM EMPLOYEES
  2  WHERE (DEPARTMENT_ID,MANAGER_ID) = ANY ((50,124),(20,100),(60,103));

DEPARTMENT_ID MANAGER_ID FIRST_NAME                                                                                                                                                                     
------------- ---------- ---------------                                                                                                                                                                
           60        103 Bruce                                                                                                                                                                          
           60        103 Diana                                                                                                                                                                          
           50        124 Trenna                                                                                                                                                                         
           50        124 Curtis                                                                                                                                                                         
           50        124 Randall                                                                                                                                                                        
           50        124 Peter                                                                                                                                                                          
           20        100 Michael                                                                                                                                                                        

7 rows selected.

SQL> SELECT DEPARTMENT_ID , MANAGER_ID , FIRST_NAME FROM EMPLOYEES
  2  WHERE (DEPARTMENT_ID,MANAGER_ID) = SOME ((50,124),(20,100),(60,103));

DEPARTMENT_ID MANAGER_ID FIRST_NAME                                                                                                                                                                     
------------- ---------- ---------------                                                                                                                                                                
           60        103 Bruce                                                                                                                                                                          
           60        103 Diana                                                                                                                                                                          
           50        124 Trenna                                                                                                                                                                         
           50        124 Curtis                                                                                                                                                                         
           50        124 Randall                                                                                                                                                                        
           50        124 Peter                                                                                                                                                                          
           20        100 Michael                                                                                                                                                                        

7 rows selected.

SQL> 
SQL> SELECT DEPARTMENT_ID , MANAGER_ID , FIRST_NAME FROM EMPLOYEES
  2  WHERE (DEPARTMENT_ID,MANAGER_ID) IN ((50,124),(20,100),(60,103));

DEPARTMENT_ID MANAGER_ID FIRST_NAME                                                                                                                                                                     
------------- ---------- ---------------                                                                                                                                                                
           60        103 Bruce                                                                                                                                                                          
           60        103 Diana                                                                                                                                                                          
           50        124 Trenna                                                                                                                                                                         
           50        124 Curtis                                                                                                                                                                         
           50        124 Randall                                                                                                                                                                        
           50        124 Peter                                                                                                                                                                          
           20        100 Michael                                                                                                                                                                        

7 rows selected.

SQL> REM DISPLAY ALL EXCEPT : DEPARTMENT_ID MANAGER_ID : 50 124 , 20 100 , 60 103
SQL> 
SQL> SELECT DEPARTMENT_ID , MANAGER_ID , FIRST_NAME FROM EMPLOYEES
  2  WHERE (DEPARTMENT_ID,MANAGER_ID) <> ALL ((50,124),(20,100),(60,103));

DEPARTMENT_ID MANAGER_ID FIRST_NAME                                                                                                                                                                     
------------- ---------- ---------------                                                                                                                                                                
           90            Steven                                                                                                                                                                         
           90        100 Neena                                                                                                                                                                          
           90        100 Lex                                                                                                                                                                            
           60        102 Alexander                                                                                                                                                                      
           50        100 Kevin                                                                                                                                                                          
           80        100 Eleni                                                                                                                                                                          
           80        149 Ellen                                                                                                                                                                          
           80        149 Jonathon                                                                                                                                                                       
                     149 Kimerely                                                                                                                                                                       
           10        101 Jennifer                                                                                                                                                                       
           20        201 Pat                                                                                                                                                                            
          110        101 Shelley                                                                                                                                                                        
          110        205 William                                                                                                                                                                        

13 rows selected.

SQL> SELECT DEPARTMENT_ID , MANAGER_ID , FIRST_NAME FROM EMPLOYEES
  2  WHERE (DEPARTMENT_ID,MANAGER_ID) != ALL ((50,124),(20,100),(60,103));

DEPARTMENT_ID MANAGER_ID FIRST_NAME                                                                                                                                                                     
------------- ---------- ---------------                                                                                                                                                                
           90            Steven                                                                                                                                                                         
           90        100 Neena                                                                                                                                                                          
           90        100 Lex                                                                                                                                                                            
           60        102 Alexander                                                                                                                                                                      
           50        100 Kevin                                                                                                                                                                          
           80        100 Eleni                                                                                                                                                                          
           80        149 Ellen                                                                                                                                                                          
           80        149 Jonathon                                                                                                                                                                       
                     149 Kimerely                                                                                                                                                                       
           10        101 Jennifer                                                                                                                                                                       
           20        201 Pat                                                                                                                                                                            
          110        101 Shelley                                                                                                                                                                        
          110        205 William                                                                                                                                                                        

13 rows selected.

SQL> SELECT DEPARTMENT_ID , MANAGER_ID , FIRST_NAME FROM EMPLOYEES
  2  WHERE (DEPARTMENT_ID,MANAGER_ID) ^= ALL ((50,124),(20,100),(60,103));

DEPARTMENT_ID MANAGER_ID FIRST_NAME                                                                                                                                                                     
------------- ---------- ---------------                                                                                                                                                                
           90            Steven                                                                                                                                                                         
           90        100 Neena                                                                                                                                                                          
           90        100 Lex                                                                                                                                                                            
           60        102 Alexander                                                                                                                                                                      
           50        100 Kevin                                                                                                                                                                          
           80        100 Eleni                                                                                                                                                                          
           80        149 Ellen                                                                                                                                                                          
           80        149 Jonathon                                                                                                                                                                       
                     149 Kimerely                                                                                                                                                                       
           10        101 Jennifer                                                                                                                                                                       
           20        201 Pat                                                                                                                                                                            
          110        101 Shelley                                                                                                                                                                        
          110        205 William                                                                                                                                                                        

13 rows selected.

SQL> SELECT DEPARTMENT_ID , MANAGER_ID , FIRST_NAME FROM EMPLOYEES
  2  WHERE (DEPARTMENT_ID,MANAGER_ID) NOT IN ((50,124),(20,100),(60,103));

DEPARTMENT_ID MANAGER_ID FIRST_NAME                                                                                                                                                                     
------------- ---------- ---------------                                                                                                                                                                
           90            Steven                                                                                                                                                                         
           90        100 Neena                                                                                                                                                                          
           90        100 Lex                                                                                                                                                                            
           60        102 Alexander                                                                                                                                                                      
           50        100 Kevin                                                                                                                                                                          
           80        100 Eleni                                                                                                                                                                          
           80        149 Ellen                                                                                                                                                                          
           80        149 Jonathon                                                                                                                                                                       
                     149 Kimerely                                                                                                                                                                       
           10        101 Jennifer                                                                                                                                                                       
           20        201 Pat                                                                                                                                                                            
          110        101 Shelley                                                                                                                                                                        
          110        205 William                                                                                                                                                                        

13 rows selected.

SQL> SELECT * FROM EMPLOYEES;

EMPLOYEE_ID FIRST_NAME      LAST_NAME       EMAIL      PHONE_NUMBER         HIRE_DATE JOB_ID         SALARY COMMISSION_PCT MANAGER_ID DEPARTMENT_ID                                                     
----------- --------------- --------------- ---------- -------------------- --------- ---------- ---------- -------------- ---------- -------------                                                     
        100 Steven          King            SKING      515.123.4567         17-JUL-87 AD_PRES         24000                                      90                                                     
        101 Neena           Kochhar         NKOCHHAR   515.123.4568         21-SEP-89 AD_VP           17000                       100            90                                                     
        102 Lex             De Haan         LDEHAAN    515.123.4569         13-JAN-93 AD_VP           17000                       100            90                                                     
        103 Alexander       Hunold          AHUNOLD    590.423.4567         03-JAN-90 IT_PROG          9000                       102            60                                                     
        104 Bruce           Ernst           BERNST     590.423.4568         21-MAY-91 IT_PROG          6000                       103            60                                                     
        107 Diana           Lorentz         DLORENTZ   590.423.5567         07-FEB-99 IT_PROG          4200                       103            60                                                     
        124 Kevin           Mourgos         KMOURGOS   650.123.5234         16-NOV-99 ST_MAN           5800                       100            50                                                     
        141 Trenna          Rajs            TRAJS      650.121.8009         17-OCT-95 ST_CLERK         3500                       124            50                                                     
        142 Curtis          Davies          CDAVIES    650.121.2994         29-JAN-97 ST_CLERK         3100                       124            50                                                     
        143 Randall         Matos           RMATOS     650.121.2874         15-MAR-98 ST_CLERK         2600                       124            50                                                     
        144 Peter           Vargas          PVARGAS    650.121.2004         09-JUL-98 ST_CLERK         2500                       124            50                                                     
        149 Eleni           Zlotkey         EZLOTKEY   011.44.1344.429018   29-JAN-00 SA_MAN          10500             .2        100            80                                                     
        174 Ellen           Abel            EABEL      011.44.1644.429267   11-MAY-96 SA_REP          11000             .3        149            80                                                     
        176 Jonathon        Taylor          JTAYLOR    011.44.1644.429265   24-MAR-98 SA_REP           8600             .3        149            80                                                     
        178 Kimerely        Grant           KGRANT     011.44.1644.429263   24-MAY-99 SA_REP           7000            .15        149                                                                   
        200 Jennifer        Whalen          JWHALEN    515.123.4444         17-SEP-87 AD_ASST          4400                       101            10                                                     
        201 Michael         Hartstein       MHARTSTE   515.123.5555         17-FEB-96 MK_MAN          13000                       100            20                                                     
        202 Pat             Fay             PFAY       603.123.6666         17-AUG-97 MK_REP           6000                       201            20                                                     
        205 Shelley         Higgins         SHIGGINS   515.123.8080         07-JUN-94 AC_MGR          12000                       101           110                                                     
        206 William         Gietz           WGIETZ     515.123.8181         07-JUN-94 AC_ACCOUNT       8300                       205           110                                                     

20 rows selected.

SQL> REM IN / NOT IN
SQL> 
SQL> REM DISPLAY THOSE WHO WORKS AS ANY OF : IT_PROG , ST_CLERK , SA_MAN
SQL> 
SQL> REM BETWEEN : FOR CHECK VALUE WITHIN RANGE
SQL> 
SQL> REM DISPLAY THOSE WHO GETS SALARY 6000-11000
SQL> 
SQL> REM DISPLAY THOSE WHO GETS SALARY 6000 TO 11000
SQL> 
SQL> REM DISPLAY THOSE WHO GETS SALARY 6000 AND 11000
SQL> 
SQL> REM DISPLAY THOSE WHO GETS SALARY BETWEEN 6000 AND 11000
SQL> 
SQL> SELECT * FROM EMPLOYEES WHERE SALARY BETWEEN 6000 AND 11000;

EMPLOYEE_ID FIRST_NAME      LAST_NAME       EMAIL      PHONE_NUMBER         HIRE_DATE JOB_ID         SALARY COMMISSION_PCT MANAGER_ID DEPARTMENT_ID                                                     
----------- --------------- --------------- ---------- -------------------- --------- ---------- ---------- -------------- ---------- -------------                                                     
        103 Alexander       Hunold          AHUNOLD    590.423.4567         03-JAN-90 IT_PROG          9000                       102            60                                                     
        104 Bruce           Ernst           BERNST     590.423.4568         21-MAY-91 IT_PROG          6000                       103            60                                                     
        149 Eleni           Zlotkey         EZLOTKEY   011.44.1344.429018   29-JAN-00 SA_MAN          10500             .2        100            80                                                     
        174 Ellen           Abel            EABEL      011.44.1644.429267   11-MAY-96 SA_REP          11000             .3        149            80                                                     
        176 Jonathon        Taylor          JTAYLOR    011.44.1644.429265   24-MAR-98 SA_REP           8600             .3        149            80                                                     
        178 Kimerely        Grant           KGRANT     011.44.1644.429263   24-MAY-99 SA_REP           7000            .15        149                                                                   
        202 Pat             Fay             PFAY       603.123.6666         17-AUG-97 MK_REP           6000                       201            20                                                     
        206 William         Gietz           WGIETZ     515.123.8181         07-JUN-94 AC_ACCOUNT       8300                       205           110                                                     

8 rows selected.

SQL> SELECT * FROM EMPLOYEES WHERE SALARY BETWEEN 6000 AND 11000 ORDER BY SALARY;

EMPLOYEE_ID FIRST_NAME      LAST_NAME       EMAIL      PHONE_NUMBER         HIRE_DATE JOB_ID         SALARY COMMISSION_PCT MANAGER_ID DEPARTMENT_ID                                                     
----------- --------------- --------------- ---------- -------------------- --------- ---------- ---------- -------------- ---------- -------------                                                     
        104 Bruce           Ernst           BERNST     590.423.4568         21-MAY-91 IT_PROG          6000                       103            60                                                     
        202 Pat             Fay             PFAY       603.123.6666         17-AUG-97 MK_REP           6000                       201            20                                                     
        178 Kimerely        Grant           KGRANT     011.44.1644.429263   24-MAY-99 SA_REP           7000            .15        149                                                                   
        206 William         Gietz           WGIETZ     515.123.8181         07-JUN-94 AC_ACCOUNT       8300                       205           110                                                     
        176 Jonathon        Taylor          JTAYLOR    011.44.1644.429265   24-MAR-98 SA_REP           8600             .3        149            80                                                     
        103 Alexander       Hunold          AHUNOLD    590.423.4567         03-JAN-90 IT_PROG          9000                       102            60                                                     
        149 Eleni           Zlotkey         EZLOTKEY   011.44.1344.429018   29-JAN-00 SA_MAN          10500             .2        100            80                                                     
        174 Ellen           Abel            EABEL      011.44.1644.429267   11-MAY-96 SA_REP          11000             .3        149            80                                                     

8 rows selected.

SQL> SELECT * FROM EMPLOYEES WHERE SALARY NOT BETWEEN 6000 AND 11000 ORDER BY SALARY;

EMPLOYEE_ID FIRST_NAME      LAST_NAME       EMAIL      PHONE_NUMBER         HIRE_DATE JOB_ID         SALARY COMMISSION_PCT MANAGER_ID DEPARTMENT_ID                                                     
----------- --------------- --------------- ---------- -------------------- --------- ---------- ---------- -------------- ---------- -------------                                                     
        144 Peter           Vargas          PVARGAS    650.121.2004         09-JUL-98 ST_CLERK         2500                       124            50                                                     
        143 Randall         Matos           RMATOS     650.121.2874         15-MAR-98 ST_CLERK         2600                       124            50                                                     
        142 Curtis          Davies          CDAVIES    650.121.2994         29-JAN-97 ST_CLERK         3100                       124            50                                                     
        141 Trenna          Rajs            TRAJS      650.121.8009         17-OCT-95 ST_CLERK         3500                       124            50                                                     
        107 Diana           Lorentz         DLORENTZ   590.423.5567         07-FEB-99 IT_PROG          4200                       103            60                                                     
        200 Jennifer        Whalen          JWHALEN    515.123.4444         17-SEP-87 AD_ASST          4400                       101            10                                                     
        124 Kevin           Mourgos         KMOURGOS   650.123.5234         16-NOV-99 ST_MAN           5800                       100            50                                                     
        205 Shelley         Higgins         SHIGGINS   515.123.8080         07-JUN-94 AC_MGR          12000                       101           110                                                     
        201 Michael         Hartstein       MHARTSTE   515.123.5555         17-FEB-96 MK_MAN          13000                       100            20                                                     
        102 Lex             De Haan         LDEHAAN    515.123.4569         13-JAN-93 AD_VP           17000                       100            90                                                     
        101 Neena           Kochhar         NKOCHHAR   515.123.4568         21-SEP-89 AD_VP           17000                       100            90                                                     
        100 Steven          King            SKING      515.123.4567         17-JUL-87 AD_PRES         24000                                      90                                                     

12 rows selected.

SQL> REM DATE
SQL> 
SQL> REM DISPLAY THOSE WHO WERE HIRED BETWEEN YEAR 91 AND 95
SQL> 
SQL> SELECT * FROM EMPLOYEES WHERE HIRE_DATE BETWEEN 91 AND 95;
SELECT * FROM EMPLOYEES WHERE HIRE_DATE BETWEEN 91 AND 95
                                        *
ERROR at line 1:
ORA-00932: inconsistent datatypes: expected DATE got NUMBER 


SQL> SELECT * FROM EMPLOYEES WHERE HIRE_DATE BETWEEN '91' AND '95';
SELECT * FROM EMPLOYEES WHERE HIRE_DATE BETWEEN '91' AND '95'
                                                         *
ERROR at line 1:
ORA-01847: day of month must be between 1 and last day of month 


SQL> SELECT * FROM EMPLOYEES WHERE HIRE_DATE BETWEEN 01-JAN-91 AND 31-DEC-95;
SELECT * FROM EMPLOYEES WHERE HIRE_DATE BETWEEN 01-JAN-91 AND 31-DEC-95
                                                                 *
ERROR at line 1:
ORA-00904: "DEC": invalid identifier 


SQL> SELECT * FROM EMPLOYEES WHERE HIRE_DATE BETWEEN '01-JAN-91' AND '31-DEC-95';

EMPLOYEE_ID FIRST_NAME      LAST_NAME       EMAIL      PHONE_NUMBER         HIRE_DATE JOB_ID         SALARY COMMISSION_PCT MANAGER_ID DEPARTMENT_ID                                                     
----------- --------------- --------------- ---------- -------------------- --------- ---------- ---------- -------------- ---------- -------------                                                     
        102 Lex             De Haan         LDEHAAN    515.123.4569         13-JAN-93 AD_VP           17000                       100            90                                                     
        104 Bruce           Ernst           BERNST     590.423.4568         21-MAY-91 IT_PROG          6000                       103            60                                                     
        141 Trenna          Rajs            TRAJS      650.121.8009         17-OCT-95 ST_CLERK         3500                       124            50                                                     
        205 Shelley         Higgins         SHIGGINS   515.123.8080         07-JUN-94 AC_MGR          12000                       101           110                                                     
        206 William         Gietz           WGIETZ     515.123.8181         07-JUN-94 AC_ACCOUNT       8300                       205           110                                                     

SQL> SELECT * FROM EMPLOYEES WHERE HIRE_DATE BETWEEN '01-JAN-91' AND '31-DEC-95' ORDER BY HIRE_DATE;

EMPLOYEE_ID FIRST_NAME      LAST_NAME       EMAIL      PHONE_NUMBER         HIRE_DATE JOB_ID         SALARY COMMISSION_PCT MANAGER_ID DEPARTMENT_ID                                                     
----------- --------------- --------------- ---------- -------------------- --------- ---------- ---------- -------------- ---------- -------------                                                     
        104 Bruce           Ernst           BERNST     590.423.4568         21-MAY-91 IT_PROG          6000                       103            60                                                     
        102 Lex             De Haan         LDEHAAN    515.123.4569         13-JAN-93 AD_VP           17000                       100            90                                                     
        206 William         Gietz           WGIETZ     515.123.8181         07-JUN-94 AC_ACCOUNT       8300                       205           110                                                     
        205 Shelley         Higgins         SHIGGINS   515.123.8080         07-JUN-94 AC_MGR          12000                       101           110                                                     
        141 Trenna          Rajs            TRAJS      650.121.8009         17-OCT-95 ST_CLERK         3500                       124            50                                                     

SQL> SELECT * FROM EMPLOYEES WHERE HIRE_DATE NOT BETWEEN '01-JAN-91' AND '31-DEC-95' ORDER BY HIRE_DATE;

EMPLOYEE_ID FIRST_NAME      LAST_NAME       EMAIL      PHONE_NUMBER         HIRE_DATE JOB_ID         SALARY COMMISSION_PCT MANAGER_ID DEPARTMENT_ID                                                     
----------- --------------- --------------- ---------- -------------------- --------- ---------- ---------- -------------- ---------- -------------                                                     
        100 Steven          King            SKING      515.123.4567         17-JUL-87 AD_PRES         24000                                      90                                                     
        200 Jennifer        Whalen          JWHALEN    515.123.4444         17-SEP-87 AD_ASST          4400                       101            10                                                     
        101 Neena           Kochhar         NKOCHHAR   515.123.4568         21-SEP-89 AD_VP           17000                       100            90                                                     
        103 Alexander       Hunold          AHUNOLD    590.423.4567         03-JAN-90 IT_PROG          9000                       102            60                                                     
        201 Michael         Hartstein       MHARTSTE   515.123.5555         17-FEB-96 MK_MAN          13000                       100            20                                                     
        174 Ellen           Abel            EABEL      011.44.1644.429267   11-MAY-96 SA_REP          11000             .3        149            80                                                     
        142 Curtis          Davies          CDAVIES    650.121.2994         29-JAN-97 ST_CLERK         3100                       124            50                                                     
        202 Pat             Fay             PFAY       603.123.6666         17-AUG-97 MK_REP           6000                       201            20                                                     
        143 Randall         Matos           RMATOS     650.121.2874         15-MAR-98 ST_CLERK         2600                       124            50                                                     
        176 Jonathon        Taylor          JTAYLOR    011.44.1644.429265   24-MAR-98 SA_REP           8600             .3        149            80                                                     
        144 Peter           Vargas          PVARGAS    650.121.2004         09-JUL-98 ST_CLERK         2500                       124            50                                                     
        107 Diana           Lorentz         DLORENTZ   590.423.5567         07-FEB-99 IT_PROG          4200                       103            60                                                     
        178 Kimerely        Grant           KGRANT     011.44.1644.429263   24-MAY-99 SA_REP           7000            .15        149                                                                   
        124 Kevin           Mourgos         KMOURGOS   650.123.5234         16-NOV-99 ST_MAN           5800                       100            50                                                     
        149 Eleni           Zlotkey         EZLOTKEY   011.44.1344.429018   29-JAN-00 SA_MAN          10500             .2        100            80                                                     

15 rows selected.

SQL> REM CHARACTER
SQL> 
SQL> REM DISPLAY THOSE WHOSE SPELLING STARTS WITH ANY ALPHABETS BETWEEN 'H' AND 'P'
SQL> 
SQL> SELECT FIRST_NAME FROM EMPLOYEES ORDER BY 1;

FIRST_NAME                                                                                                                                                                                              
---------------                                                                                                                                                                                         
Alexander                                                                                                                                                                                               
Bruce                                                                                                                                                                                                   
Curtis                                                                                                                                                                                                  
Diana                                                                                                                                                                                                   
Eleni                                                                                                                                                                                                   
Ellen                                                                                                                                                                                                   
Jennifer                                                                                                                                                                                                
Jonathon                                                                                                                                                                                                
Kevin                                                                                                                                                                                                   
Kimerely                                                                                                                                                                                                
Lex                                                                                                                                                                                                     
Michael                                                                                                                                                                                                 
Neena                                                                                                                                                                                                   
Pat                                                                                                                                                                                                     
Peter                                                                                                                                                                                                   
Randall                                                                                                                                                                                                 
Shelley                                                                                                                                                                                                 
Steven                                                                                                                                                                                                  
Trenna                                                                                                                                                                                                  
William                                                                                                                                                                                                 

20 rows selected.

SQL> REM DISPLAY THOSE WHOSE SPELLING STARTS WITH ANY ALPHABETS BETWEEN 'J' AND 'P'
SQL> 
SQL> SELECT FIRST_NAME FROM EMPLOYEES WHERE FIRST_NAME BETWEEN 'J' AND 'P' ORDER BY 1;

FIRST_NAME                                                                                                                                                                                              
---------------                                                                                                                                                                                         
Jennifer                                                                                                                                                                                                
Jonathon                                                                                                                                                                                                
Kevin                                                                                                                                                                                                   
Kimerely                                                                                                                                                                                                
Lex                                                                                                                                                                                                     
Michael                                                                                                                                                                                                 
Neena                                                                                                                                                                                                   

7 rows selected.

SQL> SELECT FIRST_NAME FROM EMPLOYEES WHERE FIRST_NAME BETWEEN 'J' AND 'Q' ORDER BY 1;

FIRST_NAME                                                                                                                                                                                              
---------------                                                                                                                                                                                         
Jennifer                                                                                                                                                                                                
Jonathon                                                                                                                                                                                                
Kevin                                                                                                                                                                                                   
Kimerely                                                                                                                                                                                                
Lex                                                                                                                                                                                                     
Michael                                                                                                                                                                                                 
Neena                                                                                                                                                                                                   
Pat                                                                                                                                                                                                     
Peter                                                                                                                                                                                                   

9 rows selected.

SQL> SELECT LAST_NAME FROM EMPLOYEES ORDER BY 1;

LAST_NAME                                                                                                                                                                                               
---------------                                                                                                                                                                                         
Abel                                                                                                                                                                                                    
Davies                                                                                                                                                                                                  
De Haan                                                                                                                                                                                                 
Ernst                                                                                                                                                                                                   
Fay                                                                                                                                                                                                     
Gietz                                                                                                                                                                                                   
Grant                                                                                                                                                                                                   
Hartstein                                                                                                                                                                                               
Higgins                                                                                                                                                                                                 
Hunold                                                                                                                                                                                                  
King                                                                                                                                                                                                    
Kochhar                                                                                                                                                                                                 
Lorentz                                                                                                                                                                                                 
Matos                                                                                                                                                                                                   
Mourgos                                                                                                                                                                                                 
Rajs                                                                                                                                                                                                    
Taylor                                                                                                                                                                                                  
Vargas                                                                                                                                                                                                  
Whalen                                                                                                                                                                                                  
Zlotkey                                                                                                                                                                                                 

20 rows selected.

SQL> REM Hartstein ... Rajs
SQL> 
SQL> REM DISPLAY THOSE WHO WERE HIRED BETWEEN YEAR 91 AND 98
SQL> 
SQL> REM DISPLAY THOSE WHO GETS SALARY OUT SIDE RANGE : 4400 AND 10500
SQL> 
SQL> REM LIKE : IS USED FOR PATTERN MATCHING
SQL> 
SQL> REM DISPLAY THOSE FIRST_NAME WHOSE SPELLING IS OF FIVE ALPHABETS
SQL> 
SQL> REM DISPLAY THOSE FIRST_NAME WHOSE SPELLING IS OF FIVE OR MORE ALPHABETS
SQL> 
SQL> REM DISPLAY THOSE FIRST_NAME WHOSE SPELLING IS OF SIX OR LESS ALPHABETS
SQL> 
SQL> 
SQL> REM DISPLAY THOSE FIRST_NAME WHOSE SPELLING STARTS WITH H
SQL> 
SQL> REM DISPLAY THOSE FIRST_NAME WHOSE SPELLING ENDS WITH n
SQL> 
SQL> REM DISPLAY THOSE FIRST_NAME WHOSE SPELLING CONTAINS 'e'
SQL> 
SQL> 
SQL> 
SQL> REM LIKE SUPPORTS TWO WILD CARD CHARACTERS
SQL> 
SQL> REM _ %
SQL> 
SQL> REM _ IS USED FOR SINGLE CHARACTER
SQL> 
SQL> REM % IS USED FOR ZERO OR MORE CHARACTERS
SQL> 
SQL> 
SQL> REM 1 EXAMPLES OF ONLY WILD CARDS 2 EXAMPLES OF WILD CARDS WITH OTHER CHARACTERS
SQL> 
SQL> REM 1 EXAMPLES OF ONLY WILD CARDS
SQL> 
SQL> REM DISPLAY THOSE FIRST_NAME WHOSE SPELLING IS OF FIVE ALPHABETS
SQL> 
SQL> SELECT FIRST_NAME FROM EMPLOYEES WHERE FIRST_NAME LIKE '_____';

FIRST_NAME                                                                                                                                                                                              
---------------                                                                                                                                                                                         
Bruce                                                                                                                                                                                                   
Diana                                                                                                                                                                                                   
Eleni                                                                                                                                                                                                   
Ellen                                                                                                                                                                                                   
Kevin                                                                                                                                                                                                   
Neena                                                                                                                                                                                                   
Peter                                                                                                                                                                                                   

7 rows selected.

SQL> SELECT FIRST_NAME FROM EMPLOYEES WHERE FIRST_NAME LIKE '______';

FIRST_NAME                                                                                                                                                                                              
---------------                                                                                                                                                                                         
Curtis                                                                                                                                                                                                  
Steven                                                                                                                                                                                                  
Trenna                                                                                                                                                                                                  

SQL> SELECT FIRST_NAME FROM EMPLOYEES WHERE FIRST_NAME LIKE '_______';

FIRST_NAME                                                                                                                                                                                              
---------------                                                                                                                                                                                         
Michael                                                                                                                                                                                                 
Randall                                                                                                                                                                                                 
Shelley                                                                                                                                                                                                 
William                                                                                                                                                                                                 

SQL> SELECT FIRST_NAME FROM EMPLOYEES WHERE FIRST_NAME LIKE '_______%';

FIRST_NAME                                                                                                                                                                                              
---------------                                                                                                                                                                                         
Alexander                                                                                                                                                                                               
Jennifer                                                                                                                                                                                                
Jonathon                                                                                                                                                                                                
Kimerely                                                                                                                                                                                                
Michael                                                                                                                                                                                                 
Randall                                                                                                                                                                                                 
Shelley                                                                                                                                                                                                 
William                                                                                                                                                                                                 

8 rows selected.

SQL> SELECT FIRST_NAME FROM EMPLOYEES WHERE FIRST_NAME LIKE '%_______';

FIRST_NAME                                                                                                                                                                                              
---------------                                                                                                                                                                                         
Alexander                                                                                                                                                                                               
Jennifer                                                                                                                                                                                                
Jonathon                                                                                                                                                                                                
Kimerely                                                                                                                                                                                                
Michael                                                                                                                                                                                                 
Randall                                                                                                                                                                                                 
Shelley                                                                                                                                                                                                 
William                                                                                                                                                                                                 

8 rows selected.

SQL> SELECT FIRST_NAME FROM EMPLOYEES WHERE FIRST_NAME LIKE '__%_____';

FIRST_NAME                                                                                                                                                                                              
---------------                                                                                                                                                                                         
Alexander                                                                                                                                                                                               
Jennifer                                                                                                                                                                                                
Jonathon                                                                                                                                                                                                
Kimerely                                                                                                                                                                                                
Michael                                                                                                                                                                                                 
Randall                                                                                                                                                                                                 
Shelley                                                                                                                                                                                                 
William                                                                                                                                                                                                 

8 rows selected.

SQL> SELECT FIRST_NAME FROM EMPLOYEES WHERE FIRST_NAME LIKE '__%__%___';

FIRST_NAME                                                                                                                                                                                              
---------------                                                                                                                                                                                         
Alexander                                                                                                                                                                                               
Jennifer                                                                                                                                                                                                
Jonathon                                                                                                                                                                                                
Kimerely                                                                                                                                                                                                
Michael                                                                                                                                                                                                 
Randall                                                                                                                                                                                                 
Shelley                                                                                                                                                                                                 
William                                                                                                                                                                                                 

8 rows selected.

SQL> SELECT FIRST_NAME FROM EMPLOYEES WHERE FIRST_NAME LIKE '_______%';

FIRST_NAME                                                                                                                                                                                              
---------------                                                                                                                                                                                         
Alexander                                                                                                                                                                                               
Jennifer                                                                                                                                                                                                
Jonathon                                                                                                                                                                                                
Kimerely                                                                                                                                                                                                
Michael                                                                                                                                                                                                 
Randall                                                                                                                                                                                                 
Shelley                                                                                                                                                                                                 
William                                                                                                                                                                                                 

8 rows selected.

SQL> SELECT FIRST_NAME FROM EMPLOYEES WHERE FIRST_NAME NOT LIKE '_______%';

FIRST_NAME                                                                                                                                                                                              
---------------                                                                                                                                                                                         
Bruce                                                                                                                                                                                                   
Curtis                                                                                                                                                                                                  
Diana                                                                                                                                                                                                   
Eleni                                                                                                                                                                                                   
Ellen                                                                                                                                                                                                   
Kevin                                                                                                                                                                                                   
Lex                                                                                                                                                                                                     
Neena                                                                                                                                                                                                   
Pat                                                                                                                                                                                                     
Peter                                                                                                                                                                                                   
Steven                                                                                                                                                                                                  
Trenna                                                                                                                                                                                                  

12 rows selected.

SQL> SELECT FIRST_NAME FROM EMPLOYEES WHERE FIRST_NAME LIKE '_______';

FIRST_NAME                                                                                                                                                                                              
---------------                                                                                                                                                                                         
Michael                                                                                                                                                                                                 
Randall                                                                                                                                                                                                 
Shelley                                                                                                                                                                                                 
William                                                                                                                                                                                                 

SQL> SELECT FIRST_NAME FROM EMPLOYEES WHERE FIRST_NAME NOT LIKE '_______';

FIRST_NAME                                                                                                                                                                                              
---------------                                                                                                                                                                                         
Alexander                                                                                                                                                                                               
Bruce                                                                                                                                                                                                   
Curtis                                                                                                                                                                                                  
Diana                                                                                                                                                                                                   
Eleni                                                                                                                                                                                                   
Ellen                                                                                                                                                                                                   
Jennifer                                                                                                                                                                                                
Jonathon                                                                                                                                                                                                
Kevin                                                                                                                                                                                                   
Kimerely                                                                                                                                                                                                
Lex                                                                                                                                                                                                     
Neena                                                                                                                                                                                                   
Pat                                                                                                                                                                                                     
Peter                                                                                                                                                                                                   
Steven                                                                                                                                                                                                  
Trenna                                                                                                                                                                                                  

16 rows selected.

SQL> REM DISPLAY LAST_NAME WITH LENGTH OF 6 CHARACTERS
SQL> 
SQL> REM 2 EXAMPLES OF WILD CARDS WITH OTHER CHARACTERS
SQL> 
SQL> REM DISPLAY THOSE FIRST_NAME WHOSE SPELLING STARTS WITH H
SQL> 
SQL> REM DISPLAY THOSE FIRST_NAME WHOSE SPELLING ENDS WITH n
SQL> 
SQL> REM DISPLAY THOSE FIRST_NAME WHOSE SPELLING CONTAINS 'e'
SQL> 
SQL> 
SQL> SELECT FIRST_NAME FROM EMPLOYEES WHERE FIRST_NAME LIKE 'H%';

no rows selected

SQL> SELECT LAST_NAME FROM EMPLOYEES WHERE LAST_NAME LIKE 'H%';

LAST_NAME                                                                                                                                                                                               
---------------                                                                                                                                                                                         
Hunold                                                                                                                                                                                                  
Hartstein                                                                                                                                                                                               
Higgins                                                                                                                                                                                                 

SQL> SELECT LAST_NAME FROM EMPLOYEES WHERE LAST_NAME LIKE 'Hu%';

LAST_NAME                                                                                                                                                                                               
---------------                                                                                                                                                                                         
Hunold                                                                                                                                                                                                  

SQL> SELECT LAST_NAME FROM EMPLOYEES WHERE LAST_NAME LIKE 'H_r%';

LAST_NAME                                                                                                                                                                                               
---------------                                                                                                                                                                                         
Hartstein                                                                                                                                                                                               

SQL> SELECT LAST_NAME FROM EMPLOYEES WHERE LAST_NAME LIKE '%n';

LAST_NAME                                                                                                                                                                                               
---------------                                                                                                                                                                                         
De Haan                                                                                                                                                                                                 
Whalen                                                                                                                                                                                                  
Hartstein                                                                                                                                                                                               

SQL> SELECT LAST_NAME FROM EMPLOYEES WHERE LAST_NAME LIKE '%e%';

LAST_NAME                                                                                                                                                                                               
---------------                                                                                                                                                                                         
De Haan                                                                                                                                                                                                 
Lorentz                                                                                                                                                                                                 
Davies                                                                                                                                                                                                  
Zlotkey                                                                                                                                                                                                 
Abel                                                                                                                                                                                                    
Whalen                                                                                                                                                                                                  
Hartstein                                                                                                                                                                                               
Gietz                                                                                                                                                                                                   

8 rows selected.

SQL> SELECT FIRST_NAME FROM EMPLOYEES WHERE FIRST_NAME LIKE '%e%';

FIRST_NAME                                                                                                                                                                                              
---------------                                                                                                                                                                                         
Alexander                                                                                                                                                                                               
Bruce                                                                                                                                                                                                   
Eleni                                                                                                                                                                                                   
Ellen                                                                                                                                                                                                   
Jennifer                                                                                                                                                                                                
Kevin                                                                                                                                                                                                   
Kimerely                                                                                                                                                                                                
Lex                                                                                                                                                                                                     
Michael                                                                                                                                                                                                 
Neena                                                                                                                                                                                                   
Peter                                                                                                                                                                                                   
Shelley                                                                                                                                                                                                 
Steven                                                                                                                                                                                                  
Trenna                                                                                                                                                                                                  

14 rows selected.

SQL> SELECT FIRST_NAME FROM EMPLOYEES WHERE FIRST_NAME LIKE '%ee%';

FIRST_NAME                                                                                                                                                                                              
---------------                                                                                                                                                                                         
Neena                                                                                                                                                                                                   

SQL> SELECT FIRST_NAME FROM EMPLOYEES WHERE FIRST_NAME LIKE '%e_e%';

FIRST_NAME                                                                                                                                                                                              
---------------                                                                                                                                                                                         
Kimerely                                                                                                                                                                                                
Peter                                                                                                                                                                                                   
Steven                                                                                                                                                                                                  

SQL> SELECT FIRST_NAME FROM EMPLOYEES WHERE FIRST_NAME LIKE '%e__e%';

FIRST_NAME                                                                                                                                                                                              
---------------                                                                                                                                                                                         
Shelley                                                                                                                                                                                                 

SQL> SELECT FIRST_NAME FROM EMPLOYEES WHERE FIRST_NAME LIKE '%e%e%';

FIRST_NAME                                                                                                                                                                                              
---------------                                                                                                                                                                                         
Alexander                                                                                                                                                                                               
Jennifer                                                                                                                                                                                                
Kimerely                                                                                                                                                                                                
Neena                                                                                                                                                                                                   
Peter                                                                                                                                                                                                   
Shelley                                                                                                                                                                                                 
Steven                                                                                                                                                                                                  

7 rows selected.

SQL> SELECT FIRST_NAME FROM EMPLOYEES WHERE FIRST_NAME LIKE '_e%';

FIRST_NAME                                                                                                                                                                                              
---------------                                                                                                                                                                                         
Jennifer                                                                                                                                                                                                
Kevin                                                                                                                                                                                                   
Lex                                                                                                                                                                                                     
Neena                                                                                                                                                                                                   
Peter                                                                                                                                                                                                   

SQL> SELECT FIRST_NAME FROM EMPLOYEES WHERE FIRST_NAME LIKE '%e_';

FIRST_NAME                                                                                                                                                                                              
---------------                                                                                                                                                                                         
Alexander                                                                                                                                                                                               
Ellen                                                                                                                                                                                                   
Jennifer                                                                                                                                                                                                
Lex                                                                                                                                                                                                     
Michael                                                                                                                                                                                                 
Peter                                                                                                                                                                                                   
Shelley                                                                                                                                                                                                 
Steven                                                                                                                                                                                                  

8 rows selected.

SQL> SELECT FIRST_NAME FROM EMPLOYEES WHERE FIRST_NAME LIKE '_e%e_';

FIRST_NAME                                                                                                                                                                                              
---------------                                                                                                                                                                                         
Jennifer                                                                                                                                                                                                
Peter                                                                                                                                                                                                   

SQL> 
SQL> REM HIRE_DATE : DD-MON-RR : 17-JUL-87
SQL> 
SQL> REM HIRE_DATE : JUL , JUN , JAN
SQL> 
SQL> SELECT HIRE_DATE FROM EMPLOYEES WHERE HIRE_DATE LIKE '%J%';

HIRE_DATE                                                                                                                                                                                               
---------                                                                                                                                                                                               
17-JUL-87                                                                                                                                                                                               
13-JAN-93                                                                                                                                                                                               
03-JAN-90                                                                                                                                                                                               
29-JAN-97                                                                                                                                                                                               
09-JUL-98                                                                                                                                                                                               
29-JAN-00                                                                                                                                                                                               
07-JUN-94                                                                                                                                                                                               
07-JUN-94                                                                                                                                                                                               

8 rows selected.

SQL> SELECT HIRE_DATE FROM EMPLOYEES WHERE HIRE_DATE LIKE '%-J%';

HIRE_DATE                                                                                                                                                                                               
---------                                                                                                                                                                                               
17-JUL-87                                                                                                                                                                                               
13-JAN-93                                                                                                                                                                                               
03-JAN-90                                                                                                                                                                                               
29-JAN-97                                                                                                                                                                                               
09-JUL-98                                                                                                                                                                                               
29-JAN-00                                                                                                                                                                                               
07-JUN-94                                                                                                                                                                                               
07-JUN-94                                                                                                                                                                                               

8 rows selected.

SQL> REM JAN , JUN
SQL> 
SQL> REM AUG , APR : JAN MAR MAY SELECT HIRE_DATE FROM EMPLOYEES WHERE HIRE_DATE LIKE '%-A%';
SQL> 
SQL> 
SQL> SELECT HIRE_DATE FROM EMPLOYEES WHERE HIRE_DATE LIKE '%-A%';

HIRE_DATE                                                                                                                                                                                               
---------                                                                                                                                                                                               
17-AUG-97                                                                                                                                                                                               

SQL> REM IS NULL : IS USED TO COMPARE NULL VALUES
SQL> 
SQL> REM DISPLAY THOSE WHO GETS COMMISSION
SQL> 
SQL> SELECT * FROM EMPLOYEES WHERE COMMISSION_PCT > 0;

EMPLOYEE_ID FIRST_NAME      LAST_NAME       EMAIL      PHONE_NUMBER         HIRE_DATE JOB_ID         SALARY COMMISSION_PCT MANAGER_ID DEPARTMENT_ID                                                     
----------- --------------- --------------- ---------- -------------------- --------- ---------- ---------- -------------- ---------- -------------                                                     
        149 Eleni           Zlotkey         EZLOTKEY   011.44.1344.429018   29-JAN-00 SA_MAN          10500             .2        100            80                                                     
        174 Ellen           Abel            EABEL      011.44.1644.429267   11-MAY-96 SA_REP          11000             .3        149            80                                                     
        176 Jonathon        Taylor          JTAYLOR    011.44.1644.429265   24-MAR-98 SA_REP           8600             .3        149            80                                                     
        178 Kimerely        Grant           KGRANT     011.44.1644.429263   24-MAY-99 SA_REP           7000            .15        149                                                                   

SQL> SELECT * FROM EMPLOYEES WHERE COMMISSION_PCT < 1;

EMPLOYEE_ID FIRST_NAME      LAST_NAME       EMAIL      PHONE_NUMBER         HIRE_DATE JOB_ID         SALARY COMMISSION_PCT MANAGER_ID DEPARTMENT_ID                                                     
----------- --------------- --------------- ---------- -------------------- --------- ---------- ---------- -------------- ---------- -------------                                                     
        149 Eleni           Zlotkey         EZLOTKEY   011.44.1344.429018   29-JAN-00 SA_MAN          10500             .2        100            80                                                     
        174 Ellen           Abel            EABEL      011.44.1644.429267   11-MAY-96 SA_REP          11000             .3        149            80                                                     
        176 Jonathon        Taylor          JTAYLOR    011.44.1644.429265   24-MAR-98 SA_REP           8600             .3        149            80                                                     
        178 Kimerely        Grant           KGRANT     011.44.1644.429263   24-MAY-99 SA_REP           7000            .15        149                                                                   

SQL> SELECT * FROM EMPLOYEES WHERE COMMISSION_PCT <> 0;

EMPLOYEE_ID FIRST_NAME      LAST_NAME       EMAIL      PHONE_NUMBER         HIRE_DATE JOB_ID         SALARY COMMISSION_PCT MANAGER_ID DEPARTMENT_ID                                                     
----------- --------------- --------------- ---------- -------------------- --------- ---------- ---------- -------------- ---------- -------------                                                     
        149 Eleni           Zlotkey         EZLOTKEY   011.44.1344.429018   29-JAN-00 SA_MAN          10500             .2        100            80                                                     
        174 Ellen           Abel            EABEL      011.44.1644.429267   11-MAY-96 SA_REP          11000             .3        149            80                                                     
        176 Jonathon        Taylor          JTAYLOR    011.44.1644.429265   24-MAR-98 SA_REP           8600             .3        149            80                                                     
        178 Kimerely        Grant           KGRANT     011.44.1644.429263   24-MAY-99 SA_REP           7000            .15        149                                                                   

SQL> SELECT * FROM EMPLOYEES WHERE COMMISSION_PCT LIKE '%';

EMPLOYEE_ID FIRST_NAME      LAST_NAME       EMAIL      PHONE_NUMBER         HIRE_DATE JOB_ID         SALARY COMMISSION_PCT MANAGER_ID DEPARTMENT_ID                                                     
----------- --------------- --------------- ---------- -------------------- --------- ---------- ---------- -------------- ---------- -------------                                                     
        149 Eleni           Zlotkey         EZLOTKEY   011.44.1344.429018   29-JAN-00 SA_MAN          10500             .2        100            80                                                     
        174 Ellen           Abel            EABEL      011.44.1644.429267   11-MAY-96 SA_REP          11000             .3        149            80                                                     
        176 Jonathon        Taylor          JTAYLOR    011.44.1644.429265   24-MAR-98 SA_REP           8600             .3        149            80                                                     
        178 Kimerely        Grant           KGRANT     011.44.1644.429263   24-MAY-99 SA_REP           7000            .15        149                                                                   

SQL> SELECT * FROM EMPLOYEES WHERE COMMISSION_PCT BETWEEN 0 AND 1;

EMPLOYEE_ID FIRST_NAME      LAST_NAME       EMAIL      PHONE_NUMBER         HIRE_DATE JOB_ID         SALARY COMMISSION_PCT MANAGER_ID DEPARTMENT_ID                                                     
----------- --------------- --------------- ---------- -------------------- --------- ---------- ---------- -------------- ---------- -------------                                                     
        149 Eleni           Zlotkey         EZLOTKEY   011.44.1344.429018   29-JAN-00 SA_MAN          10500             .2        100            80                                                     
        174 Ellen           Abel            EABEL      011.44.1644.429267   11-MAY-96 SA_REP          11000             .3        149            80                                                     
        176 Jonathon        Taylor          JTAYLOR    011.44.1644.429265   24-MAR-98 SA_REP           8600             .3        149            80                                                     
        178 Kimerely        Grant           KGRANT     011.44.1644.429263   24-MAY-99 SA_REP           7000            .15        149                                                                   

SQL> REM DISPLAY THOSE WHO DOESN'T GET COMMISSION
SQL> 
SQL> SELECT * FROM EMPLOYEES WHERE COMMISSION_PCT = 0;

no rows selected

SQL> SELECT * FROM EMPLOYEES WHERE COMMISSION_PCT = NULL;

no rows selected

SQL> SELECT * FROM EMPLOYEES WHERE COMMISSION_PCT NOT BETWEEN 0 AND 1;

no rows selected

SQL> REM NULL VALUES ARE IGNORED BY ALL COMPARISON OPERATORS , EXCEPT IS NULL
SQL> 
SQL> SELECT * FROM EMPLOYEES WHERE COMMISSION_PCT IS NULL;

EMPLOYEE_ID FIRST_NAME      LAST_NAME       EMAIL      PHONE_NUMBER         HIRE_DATE JOB_ID         SALARY COMMISSION_PCT MANAGER_ID DEPARTMENT_ID                                                     
----------- --------------- --------------- ---------- -------------------- --------- ---------- ---------- -------------- ---------- -------------                                                     
        100 Steven          King            SKING      515.123.4567         17-JUL-87 AD_PRES         24000                                      90                                                     
        101 Neena           Kochhar         NKOCHHAR   515.123.4568         21-SEP-89 AD_VP           17000                       100            90                                                     
        102 Lex             De Haan         LDEHAAN    515.123.4569         13-JAN-93 AD_VP           17000                       100            90                                                     
        103 Alexander       Hunold          AHUNOLD    590.423.4567         03-JAN-90 IT_PROG          9000                       102            60                                                     
        104 Bruce           Ernst           BERNST     590.423.4568         21-MAY-91 IT_PROG          6000                       103            60                                                     
        107 Diana           Lorentz         DLORENTZ   590.423.5567         07-FEB-99 IT_PROG          4200                       103            60                                                     
        124 Kevin           Mourgos         KMOURGOS   650.123.5234         16-NOV-99 ST_MAN           5800                       100            50                                                     
        141 Trenna          Rajs            TRAJS      650.121.8009         17-OCT-95 ST_CLERK         3500                       124            50                                                     
        142 Curtis          Davies          CDAVIES    650.121.2994         29-JAN-97 ST_CLERK         3100                       124            50                                                     
        143 Randall         Matos           RMATOS     650.121.2874         15-MAR-98 ST_CLERK         2600                       124            50                                                     
        144 Peter           Vargas          PVARGAS    650.121.2004         09-JUL-98 ST_CLERK         2500                       124            50                                                     
        200 Jennifer        Whalen          JWHALEN    515.123.4444         17-SEP-87 AD_ASST          4400                       101            10                                                     
        201 Michael         Hartstein       MHARTSTE   515.123.5555         17-FEB-96 MK_MAN          13000                       100            20                                                     
        202 Pat             Fay             PFAY       603.123.6666         17-AUG-97 MK_REP           6000                       201            20                                                     
        205 Shelley         Higgins         SHIGGINS   515.123.8080         07-JUN-94 AC_MGR          12000                       101           110                                                     
        206 William         Gietz           WGIETZ     515.123.8181         07-JUN-94 AC_ACCOUNT       8300                       205           110                                                     

16 rows selected.

SQL> SELECT * FROM EMPLOYEES WHERE COMMISSION_PCT IS NOT NULL;

EMPLOYEE_ID FIRST_NAME      LAST_NAME       EMAIL      PHONE_NUMBER         HIRE_DATE JOB_ID         SALARY COMMISSION_PCT MANAGER_ID DEPARTMENT_ID                                                     
----------- --------------- --------------- ---------- -------------------- --------- ---------- ---------- -------------- ---------- -------------                                                     
        149 Eleni           Zlotkey         EZLOTKEY   011.44.1344.429018   29-JAN-00 SA_MAN          10500             .2        100            80                                                     
        174 Ellen           Abel            EABEL      011.44.1644.429267   11-MAY-96 SA_REP          11000             .3        149            80                                                     
        176 Jonathon        Taylor          JTAYLOR    011.44.1644.429265   24-MAR-98 SA_REP           8600             .3        149            80                                                     
        178 Kimerely        Grant           KGRANT     011.44.1644.429263   24-MAY-99 SA_REP           7000            .15        149                                                                   

SQL> REM SPECIAL OPERATORS : IN , BETWEEN , LIKE , IS NULL
SQL> 
SQL> SELECT * FROM MPSLIKETBL;

NAME                                                                                                                                                                                                    
------------------------------                                                                                                                                                                          
AMIT PATEL                                                                                                                                                                                              
AMIT_PATEL                                                                                                                                                                                              
AMIT%PATEL                                                                                                                                                                                              
AMIT_%PATEL                                                                                                                                                                                             
AMIT  PATEL                                                                                                                                                                                             
TAPAN PATEL                                                                                                                                                                                             
PARMAR TARAK                                                                                                                                                                                            

7 rows selected.

SQL> REM DISPLAY THOSE WHOSE NAME CONTAINS T_P
SQL> 
SQL> SELECT * FROM MPSLIKETBL WHERE FIRST_NAME LIKE '%T_P%';
SELECT * FROM MPSLIKETBL WHERE FIRST_NAME LIKE '%T_P%'
                               *
ERROR at line 1:
ORA-00904: "FIRST_NAME": invalid identifier 


SQL> SELECT * FROM MPSLIKETBL WHERE NAME LIKE '%T_P%';

NAME                                                                                                                                                                                                    
------------------------------                                                                                                                                                                          
AMIT PATEL                                                                                                                                                                                              
AMIT_PATEL                                                                                                                                                                                              
AMIT%PATEL                                                                                                                                                                                              
TAPAN PATEL                                                                                                                                                                                             

SQL> SELECT * FROM MPSLIKETBL WHERE NAME LIKE '%T\_P%' ESCAPE '\';

NAME                                                                                                                                                                                                    
------------------------------                                                                                                                                                                          
AMIT_PATEL                                                                                                                                                                                              

SQL> REM DISPLAY THOSE WHOSE NAME CONTAINS T_%P
SQL> 
SQL> SELECT * FROM MPSLIKETBL WHERE NAME LIKE '%T\_\%P%' ESCAPE '\';

NAME                                                                                                                                                                                                    
------------------------------                                                                                                                                                                          
AMIT_%PATEL                                                                                                                                                                                             

SQL> SELECT * FROM MPSLIKETBL WHERE NAME LIKE '%T/_P%' ESCAPE '/';

NAME                                                                                                                                                                                                    
------------------------------                                                                                                                                                                          
AMIT_PATEL                                                                                                                                                                                              

SQL> SELECT * FROM MPSLIKETBL WHERE NAME LIKE '%T5_P%' ESCAPE '5';

NAME                                                                                                                                                                                                    
------------------------------                                                                                                                                                                          
AMIT_PATEL                                                                                                                                                                                              

SQL> SELECT * FROM MPSLIKETBL WHERE NAME LIKE '%TX_P%' ESCAPE 'X';

NAME                                                                                                                                                                                                    
------------------------------                                                                                                                                                                          
AMIT_PATEL                                                                                                                                                                                              

SQL> SELECT * FROM MPSLIKETBL WHERE NAME LIKE '%T__P%' ESCAPE '_';

NAME                                                                                                                                                                                                    
------------------------------                                                                                                                                                                          
AMIT_PATEL                                                                                                                                                                                              

SQL> SELECT * FROM MPSLIKETBL WHERE NAME LIKE '%T _P%' ESCAPE ' ';

NAME                                                                                                                                                                                                    
------------------------------                                                                                                                                                                          
AMIT_PATEL                                                                                                                                                                                              

SQL> SELECT * FROM MPSLIKETBL WHERE NAME LIKE '%T%_P%' ESCAPE '%';
SELECT * FROM MPSLIKETBL WHERE NAME LIKE '%T%_P%' ESCAPE '%'
                                         *
ERROR at line 1:
ORA-01424: missing or illegal character following the escape character 


SQL> SELECT * FROM MPSLIKETBL WHERE NAME LIKE '%TT_P%' ESCAPE 'T';

NAME                                                                                                                                                                                                    
------------------------------                                                                                                                                                                          
AMIT PATEL                                                                                                                                                                                              
AMIT_PATEL                                                                                                                                                                                              
AMIT%PATEL                                                                                                                                                                                              
TAPAN PATEL                                                                                                                                                                                             

SQL> SELECT * FROM MPSLIKETBL WHERE NAME LIKE '%TP_P%' ESCAPE 'P';

no rows selected

SQL> SELECT * FROM MPSLIKETBL WHERE NAME LIKE '%T&_P%' ESCAPE '&';
Enter value for _p: 
old   1: SELECT * FROM MPSLIKETBL WHERE NAME LIKE '%T&_P%' ESCAPE '&'
new   1: SELECT * FROM MPSLIKETBL WHERE NAME LIKE '%T%' ESCAPE '&'

NAME                                                                                                                                                                                                    
------------------------------                                                                                                                                                                          
AMIT PATEL                                                                                                                                                                                              
AMIT_PATEL                                                                                                                                                                                              
AMIT%PATEL                                                                                                                                                                                              
AMIT_%PATEL                                                                                                                                                                                             
AMIT  PATEL                                                                                                                                                                                             
TAPAN PATEL                                                                                                                                                                                             
PARMAR TARAK                                                                                                                                                                                            

7 rows selected.

SQL> SELECT * FROM MPSLIKETBL WHERE NAME LIKE '%T''_P%' ESCAPE '''';

NAME                                                                                                                                                                                                    
------------------------------                                                                                                                                                                          
AMIT_PATEL                                                                                                                                                                                              

SQL> REM LOGICAL OPERATORS
SQL> 
SQL> REM NOT , AND , OR
SQL> 
SQL> REM PRECEDENCE : () -> NOT -> AND -> OR
SQL> 
SQL> REM NOT IS PLACED BEFORE CONDITION
SQL> 
SQL> REM AND & OR ARE PLACED BETWEEN TWO CONDITIONS
SQL> 
SQL> REM NOT IS USED TO REVERSE THE OUTPUT
SQL> 
SQL> REM AND IS USED WHEN WE WANT TO PROCESS ROWS WHICH SATISFIES BOTH CONDITIONS
SQL> 
SQL> REM OR IS USED WHEN WE WANT TO PROCESS ROWS WHICH SATISFIES ATLEAST ONE CONDITION
SQL> 
SQL> 
SQL> SELECT * FROM EXAM;

       RNO    ENGLISH      MATHS                                                                                                                                                                        
---------- ---------- ----------                                                                                                                                                                        
         1         30         70                                                                                                                                                                        
         2         70         20                                                                                                                                                                        
         3         30         10                                                                                                                                                                        
         4         60         70                                                                                                                                                                        

SQL> REM 33 PASSING LEVE
SQL> 
SQL> REM 33 PASSING LEVEL
SQL> 
SQL> REM DISPLAY THOSE WHO IS PASS IN ENGLISH SUBJECT
SQL> 
SQL> SELECT * FROM EXAM WHERE ENGLISH >= 33;

       RNO    ENGLISH      MATHS                                                                                                                                                                        
---------- ---------- ----------                                                                                                                                                                        
         2         70         20                                                                                                                                                                        
         4         60         70                                                                                                                                                                        

SQL> REM DISPLAY THOSE WHO IS FAIL IN MATHS SUBJECT
SQL> 
SQL> SELECT * FROM EXAM WHERE MATHS < 33;

       RNO    ENGLISH      MATHS                                                                                                                                                                        
---------- ---------- ----------                                                                                                                                                                        
         2         70         20                                                                                                                                                                        
         3         30         10                                                                                                                                                                        

SQL> REM DISPLAY THOSE WHO IS FAIL IN ENGLISH SUBJECT
SQL> 
SQL> SELECT * FROM EXAM WHERE NOT ENGLISH >= 33;

       RNO    ENGLISH      MATHS                                                                                                                                                                        
---------- ---------- ----------                                                                                                                                                                        
         1         30         70                                                                                                                                                                        
         3         30         10                                                                                                                                                                        

SQL> REM DISPLAY THOSE WHO IS PASS IN MATHS SUBJECT
SQL> 
SQL> SELECT * FROM EXAM WHERE NOT MATHS < 33;

       RNO    ENGLISH      MATHS                                                                                                                                                                        
---------- ---------- ----------                                                                                                                                                                        
         1         30         70                                                                                                                                                                        
         4         60         70                                                                                                                                                                        

SQL> REM AND IS USED WHEN WE WANT TO PROCESS ROWS WHICH SATISFIES BOTH CONDITIONS
SQL> 
SQL> REM DISPLAY THOSE WHOSE RESULT IS PASS
SQL> 
SQL> SELECT * FROM EXAM WHERE ENGLISH >= 33 AND MATHS >= 33;

       RNO    ENGLISH      MATHS                                                                                                                                                                        
---------- ---------- ----------                                                                                                                                                                        
         4         60         70                                                                                                                                                                        

SQL> REM DISPLAY THOSE WHOSE RESULT IS FAIL
SQL> 
SQL> SELECT * FROM EXAM WHERE ENGLISH < 33 OR MATHS < 33;

       RNO    ENGLISH      MATHS                                                                                                                                                                        
---------- ---------- ----------                                                                                                                                                                        
         1         30         70                                                                                                                                                                        
         2         70         20                                                                                                                                                                        
         3         30         10                                                                                                                                                                        

SQL> SELECT * FROM EXAM;

       RNO    ENGLISH      MATHS                                                                                                                                                                        
---------- ---------- ----------                                                                                                                                                                        
         1         30         70                                                                                                                                                                        
         2         70         20                                                                                                                                                                        
         3         30         10                                                                                                                                                                        
         4         60         70                                                                                                                                                                        

SQL> SELECT * FROM EXAM WHERE NOT ENGLISH >= 33 AND MATHS >= 33;

       RNO    ENGLISH      MATHS                                                                                                                                                                        
---------- ---------- ----------                                                                                                                                                                        
         1         30         70                                                                                                                                                                        

SQL> SELECT * FROM EXAM WHERE NOT ENGLISH >= 33 AND NOT MATHS >= 33;

       RNO    ENGLISH      MATHS                                                                                                                                                                        
---------- ---------- ----------                                                                                                                                                                        
         3         30         10                                                                                                                                                                        

SQL> SELECT * FROM EXAM WHERE NOT ENGLISH >= 33 OR NOT MATHS >= 33;

       RNO    ENGLISH      MATHS                                                                                                                                                                        
---------- ---------- ----------                                                                                                                                                                        
         1         30         70                                                                                                                                                                        
         2         70         20                                                                                                                                                                        
         3         30         10                                                                                                                                                                        

SQL> 
SQL> SELECT * FROM EXAM WHERE NOT (ENGLISH >= 33 OR MATHS >= 33);

       RNO    ENGLISH      MATHS                                                                                                                                                                        
---------- ---------- ----------                                                                                                                                                                        
         3         30         10                                                                                                                                                                        

SQL> SELECT FIRST_NAME , JOB_ID , SALARY FROM EMPLOYEES ORDER BY 3;

FIRST_NAME      JOB_ID         SALARY                                                                                                                                                                   
--------------- ---------- ----------                                                                                                                                                                   
Peter           ST_CLERK         2500                                                                                                                                                                   
Randall         ST_CLERK         2600                                                                                                                                                                   
Curtis          ST_CLERK         3100                                                                                                                                                                   
Trenna          ST_CLERK         3500                                                                                                                                                                   
Diana           IT_PROG          4200                                                                                                                                                                   
Jennifer        AD_ASST          4400                                                                                                                                                                   
Kevin           ST_MAN           5800                                                                                                                                                                   
Bruce           IT_PROG          6000                                                                                                                                                                   
Pat             MK_REP           6000                                                                                                                                                                   
Kimerely        SA_REP           7000                                                                                                                                                                   
William         AC_ACCOUNT       8300                                                                                                                                                                   
Jonathon        SA_REP           8600                                                                                                                                                                   
Alexander       IT_PROG          9000                                                                                                                                                                   
Eleni           SA_MAN          10500                                                                                                                                                                   
Ellen           SA_REP          11000                                                                                                                                                                   
Shelley         AC_MGR          12000                                                                                                                                                                   
Michael         MK_MAN          13000                                                                                                                                                                   
Neena           AD_VP           17000                                                                                                                                                                   
Lex             AD_VP           17000                                                                                                                                                                   
Steven          AD_PRES         24000                                                                                                                                                                   

20 rows selected.

SQL> SELECT FIRST_NAME , JOB_ID , SALARY FROM EMPLOYEES WHERE SALARY >= 10500 AND JOB_ID LIKE '%REP';

FIRST_NAME      JOB_ID         SALARY                                                                                                                                                                   
--------------- ---------- ----------                                                                                                                                                                   
Ellen           SA_REP          11000                                                                                                                                                                   

SQL> SELECT FIRST_NAME , JOB_ID , SALARY FROM EMPLOYEES WHERE SALARY >= 10500 OR JOB_ID LIKE '%REP';

FIRST_NAME      JOB_ID         SALARY                                                                                                                                                                   
--------------- ---------- ----------                                                                                                                                                                   
Steven          AD_PRES         24000                                                                                                                                                                   
Neena           AD_VP           17000                                                                                                                                                                   
Lex             AD_VP           17000                                                                                                                                                                   
Eleni           SA_MAN          10500                                                                                                                                                                   
Ellen           SA_REP          11000                                                                                                                                                                   
Jonathon        SA_REP           8600                                                                                                                                                                   
Kimerely        SA_REP           7000                                                                                                                                                                   
Michael         MK_MAN          13000                                                                                                                                                                   
Pat             MK_REP           6000                                                                                                                                                                   
Shelley         AC_MGR          12000                                                                                                                                                                   

10 rows selected.

SQL> SELECT FIRST_NAME , JOB_ID , SALARY FROM EMPLOYEES ORDER BY 3;

FIRST_NAME      JOB_ID         SALARY                                                                                                                                                                   
--------------- ---------- ----------                                                                                                                                                                   
Peter           ST_CLERK         2500                                                                                                                                                                   
Randall         ST_CLERK         2600                                                                                                                                                                   
Curtis          ST_CLERK         3100                                                                                                                                                                   
Trenna          ST_CLERK         3500                                                                                                                                                                   
Diana           IT_PROG          4200                                                                                                                                                                   
Jennifer        AD_ASST          4400                                                                                                                                                                   
Kevin           ST_MAN           5800                                                                                                                                                                   
Bruce           IT_PROG          6000                                                                                                                                                                   
Pat             MK_REP           6000                                                                                                                                                                   
Kimerely        SA_REP           7000                                                                                                                                                                   
William         AC_ACCOUNT       8300                                                                                                                                                                   
Jonathon        SA_REP           8600                                                                                                                                                                   
Alexander       IT_PROG          9000                                                                                                                                                                   
Eleni           SA_MAN          10500                                                                                                                                                                   
Ellen           SA_REP          11000                                                                                                                                                                   
Shelley         AC_MGR          12000                                                                                                                                                                   
Michael         MK_MAN          13000                                                                                                                                                                   
Neena           AD_VP           17000                                                                                                                                                                   
Lex             AD_VP           17000                                                                                                                                                                   
Steven          AD_PRES         24000                                                                                                                                                                   

20 rows selected.

SQL> SELECT FIRST_NAME , JOB_ID , SALARY FROM EMPLOYEES WHERE NOT SALARY >= 11000 AND JOB_ID LIKE '%REP';

FIRST_NAME      JOB_ID         SALARY                                                                                                                                                                   
--------------- ---------- ----------                                                                                                                                                                   
Jonathon        SA_REP           8600                                                                                                                                                                   
Kimerely        SA_REP           7000                                                                                                                                                                   
Pat             MK_REP           6000                                                                                                                                                                   

SQL> SELECT FIRST_NAME , JOB_ID , SALARY FROM EMPLOYEES WHERE NOT SALARY > 11000 AND JOB_ID LIKE '%REP';

FIRST_NAME      JOB_ID         SALARY                                                                                                                                                                   
--------------- ---------- ----------                                                                                                                                                                   
Ellen           SA_REP          11000                                                                                                                                                                   
Jonathon        SA_REP           8600                                                                                                                                                                   
Kimerely        SA_REP           7000                                                                                                                                                                   
Pat             MK_REP           6000                                                                                                                                                                   

SQL> SELECT FIRST_NAME , DEPARTMENT_ID , SALARY FROM EMPLOYEES ORDER BY 3;

FIRST_NAME      DEPARTMENT_ID     SALARY                                                                                                                                                                
--------------- ------------- ----------                                                                                                                                                                
Peter                      50       2500                                                                                                                                                                
Randall                    50       2600                                                                                                                                                                
Curtis                     50       3100                                                                                                                                                                
Trenna                     50       3500                                                                                                                                                                
Diana                      60       4200                                                                                                                                                                
Jennifer                   10       4400                                                                                                                                                                
Kevin                      50       5800                                                                                                                                                                
Bruce                      60       6000                                                                                                                                                                
Pat                        20       6000                                                                                                                                                                
Kimerely                            7000                                                                                                                                                                
William                   110       8300                                                                                                                                                                
Jonathon                   80       8600                                                                                                                                                                
Alexander                  60       9000                                                                                                                                                                
Eleni                      80      10500                                                                                                                                                                
Ellen                      80      11000                                                                                                                                                                
Shelley                   110      12000                                                                                                                                                                
Michael                    20      13000                                                                                                                                                                
Neena                      90      17000                                                                                                                                                                
Lex                        90      17000                                                                                                                                                                
Steven                     90      24000                                                                                                                                                                

20 rows selected.

SQL> SELECT FIRST_NAME , DEPARTMENT_ID , SALARY FROM EMPLOYEES ORDER BY 2;

FIRST_NAME      DEPARTMENT_ID     SALARY                                                                                                                                                                
--------------- ------------- ----------                                                                                                                                                                
Jennifer                   10       4400                                                                                                                                                                
Michael                    20      13000                                                                                                                                                                
Pat                        20       6000                                                                                                                                                                
Kevin                      50       5800                                                                                                                                                                
Peter                      50       2500                                                                                                                                                                
Randall                    50       2600                                                                                                                                                                
Curtis                     50       3100                                                                                                                                                                
Trenna                     50       3500                                                                                                                                                                
Diana                      60       4200                                                                                                                                                                
Bruce                      60       6000                                                                                                                                                                
Alexander                  60       9000                                                                                                                                                                
Ellen                      80      11000                                                                                                                                                                
Eleni                      80      10500                                                                                                                                                                
Jonathon                   80       8600                                                                                                                                                                
Lex                        90      17000                                                                                                                                                                
Steven                     90      24000                                                                                                                                                                
Neena                      90      17000                                                                                                                                                                
William                   110       8300                                                                                                                                                                
Shelley                   110      12000                                                                                                                                                                
Kimerely                            7000                                                                                                                                                                

20 rows selected.

SQL> REM DISPLAY THOSE WHO WORKS IN ANY OF 60 OR 80 DEPARTMENT AND GETS SALARY HIGHRE THAN 8800
SQL> 
SQL> SELECT FIRST_NAME , DEPARTMENT_ID , SALARY FROM EMPLOYEES
  2  WHERE DEPARTMENT_ID = 60 OR DEPARTMENT_ID = 80 AND SALARY > 8800;

FIRST_NAME      DEPARTMENT_ID     SALARY                                                                                                                                                                
--------------- ------------- ----------                                                                                                                                                                
Alexander                  60       9000                                                                                                                                                                
Bruce                      60       6000                                                                                                                                                                
Diana                      60       4200                                                                                                                                                                
Eleni                      80      10500                                                                                                                                                                
Ellen                      80      11000                                                                                                                                                                

SQL> REM () -> NOT -> AND -> OR
SQL> 
SQL> WHERE DEPARTMENT_ID = 60 OR DEPARTMENT_ID = 80 AND SALARY > 8800;
SP2-0734: unknown command beginning "WHERE DEPA..." - rest of line ignored.
SQL> 
SQL> 
SQL> SELECT FIRST_NAME , DEPARTMENT_ID , SALARY FROM EMPLOYEES
  2  WHERE (DEPARTMENT_ID = 60 OR DEPARTMENT_ID = 80) AND SALARY > 8800;

FIRST_NAME      DEPARTMENT_ID     SALARY                                                                                                                                                                
--------------- ------------- ----------                                                                                                                                                                
Alexander                  60       9000                                                                                                                                                                
Eleni                      80      10500                                                                                                                                                                
Ellen                      80      11000                                                                                                                                                                

SQL> SPOOL OFF
