SQL> 
SQL> CL SCR

SQL> REM CONVERSION FUNCTIONS : 1 TO_NUMBER 2 TO_DATE 3 TO_CHAR
SQL> 
SQL> REM TO : CONVERT IT TO
SQL> 
SQL> REM TO_NUMBER : CONVERT CHARACTER VALUE TO NUMBER TYPE VALUE
SQL> 
SQL> REM TO_DATE : CONVERT CHARACTER VALUE TO DATE TYPE VALUE
SQL> 
SQL> REM TO_CHAR : CONVERT NUMBER OR DATE VALUE INTO CHARACTER TYPE VALUE
SQL> 
SQL> 
SQL> REM NUMBER TO DATE = TO_CHAR (NUMBER -> CHAR) + TO_DATE(CHAR TO DATE)
SQL> 
SQL> REM DATE TO NUMBER = TO_CHAR (DATE -> CHAR) + TO_NUMBER(CHAR TO NUMBER)
SQL> 
SQL> 
SQL> REM PURPOSE OF USING TO_NUMBER : 1 FOR CALCULATION 2 FOR COMPARISON
SQL> 
SQL> REM TO_NUMBER FOR CALCULATION
SQL> 
SQL> SELECT 500 + 12345 FROM DUAL;

 500+12345                                                                                                                                                                                              
----------                                                                                                                                                                                              
     12845                                                                                                                                                                                              

SQL> SELECT 500 + '12345' FROM DUAL;

500+'12345'                                                                                                                                                                                             
-----------                                                                                                                                                                                             
      12845                                                                                                                                                                                             

SQL> SELECT 500 + '12345.67' FROM DUAL;

500+'12345.67'                                                                                                                                                                                          
--------------                                                                                                                                                                                          
      12845.67                                                                                                                                                                                          

SQL> SELECT 500 + '-12345.67' FROM DUAL;

500+'-12345.67'                                                                                                                                                                                         
---------------                                                                                                                                                                                         
      -11845.67                                                                                                                                                                                         

SQL> REM TYPES OF CONVERSION : 1 IMPLICIT/AUTOMATIC 2 EXPLICIT/MANUAL USING CONVERSION FUNCTION
SQL> \
SP2-0042: unknown command "\" - rest of line ignored.
SQL> REM IN ABOSE CASES IMPLICIT CONVERSION WAS PERFORMED.
SQL> 
SQL> SELECT 500 + '12,345' FROM DUAL;
SELECT 500 + '12,345' FROM DUAL
             *
ERROR at line 1:
ORA-01722: invalid number 


SQL> SELECT 500 + '$12345' FROM DUAL;
SELECT 500 + '$12345' FROM DUAL
             *
ERROR at line 1:
ORA-01722: invalid number 


SQL> SELECT 500 + '$12,345' FROM DUAL;
SELECT 500 + '$12,345' FROM DUAL
             *
ERROR at line 1:
ORA-01722: invalid number 


SQL> REM IMPLICIT CONVERSION IS NOT RELIABLE.
SQL> 
SQL> SELECT 500 + TO_NUMBER('12,345','99,999') FROM DUAL;

500+TO_NUMBER('12,345','99,999')                                                                                                                                                                        
--------------------------------                                                                                                                                                                        
                           12845                                                                                                                                                                        

SQL> SELECT 500 + TO_NUMBER('12,345','00,000') FROM DUAL;

500+TO_NUMBER('12,345','00,000')                                                                                                                                                                        
--------------------------------                                                                                                                                                                        
                           12845                                                                                                                                                                        

SQL> SELECT 500 + TO_NUMBER('12,345','09,990') FROM DUAL;

500+TO_NUMBER('12,345','09,990')                                                                                                                                                                        
--------------------------------                                                                                                                                                                        
                           12845                                                                                                                                                                        

SQL> SELECT 500 + TO_NUMBER('12,345','09,995') FROM DUAL;

500+TO_NUMBER('12,345','09,995')                                                                                                                                                                        
--------------------------------                                                                                                                                                                        
                           12845                                                                                                                                                                        

SQL> SELECT 500 + TO_NUMBER('12,345','09,997') FROM DUAL;
SELECT 500 + TO_NUMBER('12,345','09,997') FROM DUAL
                                *
ERROR at line 1:
ORA-01481: invalid number format model 


SQL> SELECT 500 + TO_NUMBER('12,345','09,998') FROM DUAL;
SELECT 500 + TO_NUMBER('12,345','09,998') FROM DUAL
                                *
ERROR at line 1:
ORA-01481: invalid number format model 


SQL> SELECT 500 + TO_NUMBER('12,345','09,994') FROM DUAL;
SELECT 500 + TO_NUMBER('12,345','09,994') FROM DUAL
                                *
ERROR at line 1:
ORA-01481: invalid number format model 


SQL> SELECT 500 + TO_NUMBER('12,345','09,993') FROM DUAL;
SELECT 500 + TO_NUMBER('12,345','09,993') FROM DUAL
                                *
ERROR at line 1:
ORA-01481: invalid number format model 


SQL> SELECT 500 + TO_NUMBER('12,345','09,992') FROM DUAL;
SELECT 500 + TO_NUMBER('12,345','09,992') FROM DUAL
                                *
ERROR at line 1:
ORA-01481: invalid number format model 


SQL> SELECT 500 + TO_NUMBER('12,345','09,991') FROM DUAL;
SELECT 500 + TO_NUMBER('12,345','09,991') FROM DUAL
                                *
ERROR at line 1:
ORA-01481: invalid number format model 


SQL> SELECT 500 + TO_NUMBER('12,345','09,995') FROM DUAL;

500+TO_NUMBER('12,345','09,995')                                                                                                                                                                        
--------------------------------                                                                                                                                                                        
                           12845                                                                                                                                                                        

SQL> SELECT 500 + TO_NUMBER('12,345','09,945') FROM DUAL;
SELECT 500 + TO_NUMBER('12,345','09,945') FROM DUAL
                                *
ERROR at line 1:
ORA-01481: invalid number format model 


SQL> SELECT 500 + TO_NUMBER('12,345','09,955') FROM DUAL;
SELECT 500 + TO_NUMBER('12,345','09,955') FROM DUAL
                                *
ERROR at line 1:
ORA-01481: invalid number format model 


SQL> SELECT 500 + TO_NUMBER('12,347','09,995') FROM DUAL;
SELECT 500 + TO_NUMBER('12,347','09,995') FROM DUAL
                       *
ERROR at line 1:
ORA-01722: invalid number 


SQL> SELECT 500 + TO_NUMBER('12,34','09,997') FROM DUAL;
SELECT 500 + TO_NUMBER('12,34','09,997') FROM DUAL
                               *
ERROR at line 1:
ORA-01481: invalid number format model 


SQL> SELECT 500 + TO_NUMBER('12,347','09,997') FROM DUAL;
SELECT 500 + TO_NUMBER('12,347','09,997') FROM DUAL
                                *
ERROR at line 1:
ORA-01481: invalid number format model 


SQL> SELECT 500 + TO_NUMBER('12,345','09,995') FROM DUAL;

500+TO_NUMBER('12,345','09,995')                                                                                                                                                                        
--------------------------------                                                                                                                                                                        
                           12845                                                                                                                                                                        

SQL> SELECT 500 + TO_NUMBER('$12345','$09999') FROM DUAL;

500+TO_NUMBER('$12345','$09999')                                                                                                                                                                        
--------------------------------                                                                                                                                                                        
                           12845                                                                                                                                                                        

SQL> SELECT 500 + TO_NUMBER('$12,345','$09,999') FROM DUAL;

500+TO_NUMBER('$12,345','$09,999')                                                                                                                                                                      
----------------------------------                                                                                                                                                                      
                             12845                                                                                                                                                                      

SQL> SELECT 500 + TO_NUMBER('$12,346','$09,996') FROM DUAL;
SELECT 500 + TO_NUMBER('$12,346','$09,996') FROM DUAL
                                 *
ERROR at line 1:
ORA-01481: invalid number format model 


SQL> SELECT 500 + TO_NUMBER('$12,345','$09,995') FROM DUAL;

500+TO_NUMBER('$12,345','$09,995')                                                                                                                                                                      
----------------------------------                                                                                                                                                                      
                             12845                                                                                                                                                                      

SQL> SELECT 500 + TO_NUMBER('$3,12,346','$9,09,996') FROM DUAL;
SELECT 500 + TO_NUMBER('$3,12,346','$9,09,996') FROM DUAL
                                   *
ERROR at line 1:
ORA-01481: invalid number format model 


SQL> REM TO_NUMBER FOR COMPARISON
SQL> 
SQL> SELECT FIRST_NAME , SALARY FROM EMPLOYEES WHERE SALARY > 10000;

FIRST_NAME     SALARY                                                                                                                                                                                   
---------- ----------                                                                                                                                                                                   
Steven          24000                                                                                                                                                                                   
Neena           17000                                                                                                                                                                                   
Lex             17000                                                                                                                                                                                   
Eleni           10500                                                                                                                                                                                   
Ellen           11000                                                                                                                                                                                   
Michael         13000                                                                                                                                                                                   
Shelley         12000                                                                                                                                                                                   

7 rows selected.

SQL> SELECT FIRST_NAME , SALARY FROM EMPLOYEES WHERE SALARY > '10000';

FIRST_NAME     SALARY                                                                                                                                                                                   
---------- ----------                                                                                                                                                                                   
Steven          24000                                                                                                                                                                                   
Neena           17000                                                                                                                                                                                   
Lex             17000                                                                                                                                                                                   
Eleni           10500                                                                                                                                                                                   
Ellen           11000                                                                                                                                                                                   
Michael         13000                                                                                                                                                                                   
Shelley         12000                                                                                                                                                                                   

7 rows selected.

SQL> SELECT FIRST_NAME , SALARY FROM EMPLOYEES WHERE SALARY > '10000.56';

FIRST_NAME     SALARY                                                                                                                                                                                   
---------- ----------                                                                                                                                                                                   
Steven          24000                                                                                                                                                                                   
Neena           17000                                                                                                                                                                                   
Lex             17000                                                                                                                                                                                   
Eleni           10500                                                                                                                                                                                   
Ellen           11000                                                                                                                                                                                   
Michael         13000                                                                                                                                                                                   
Shelley         12000                                                                                                                                                                                   

7 rows selected.

SQL> SELECT FIRST_NAME , SALARY FROM EMPLOYEES WHERE SALARY > '-10000.56';

FIRST_NAME     SALARY                                                                                                                                                                                   
---------- ----------                                                                                                                                                                                   
Steven          24000                                                                                                                                                                                   
Neena           17000                                                                                                                                                                                   
Lex             17000                                                                                                                                                                                   
Alexander        9000                                                                                                                                                                                   
Bruce            6000                                                                                                                                                                                   
Diana            4200                                                                                                                                                                                   
Kevin            5800                                                                                                                                                                                   
Trenna           3500                                                                                                                                                                                   
Curtis           3100                                                                                                                                                                                   
Randall          2600                                                                                                                                                                                   
Peter            2500                                                                                                                                                                                   
Eleni           10500                                                                                                                                                                                   
Ellen           11000                                                                                                                                                                                   
Jonathon         8600                                                                                                                                                                                   
Kimerely         7000                                                                                                                                                                                   
Jennifer         4400                                                                                                                                                                                   
Michael         13000                                                                                                                                                                                   
Pat              6000                                                                                                                                                                                   
Shelley         12000                                                                                                                                                                                   
William          8300                                                                                                                                                                                   

20 rows selected.

SQL> SELECT FIRST_NAME , SALARY FROM EMPLOYEES WHERE SALARY > '10,000';
SELECT FIRST_NAME , SALARY FROM EMPLOYEES WHERE SALARY > '10,000'
                                                         *
ERROR at line 1:
ORA-01722: invalid number 


SQL> SELECT FIRST_NAME , SALARY FROM EMPLOYEES WHERE SALARY > '$10000';
SELECT FIRST_NAME , SALARY FROM EMPLOYEES WHERE SALARY > '$10000'
                                                         *
ERROR at line 1:
ORA-01722: invalid number 


SQL> SELECT FIRST_NAME , SALARY FROM EMPLOYEES WHERE SALARY > '$10,000';
SELECT FIRST_NAME , SALARY FROM EMPLOYEES WHERE SALARY > '$10,000'
                                                         *
ERROR at line 1:
ORA-01722: invalid number 


SQL> SELECT FIRST_NAME , SALARY FROM EMPLOYEES WHERE SALARY > TO_NUMBER('10,000','99,999');

FIRST_NAME     SALARY                                                                                                                                                                                   
---------- ----------                                                                                                                                                                                   
Steven          24000                                                                                                                                                                                   
Neena           17000                                                                                                                                                                                   
Lex             17000                                                                                                                                                                                   
Eleni           10500                                                                                                                                                                                   
Ellen           11000                                                                                                                                                                                   
Michael         13000                                                                                                                                                                                   
Shelley         12000                                                                                                                                                                                   

7 rows selected.

SQL> SELECT FIRST_NAME , SALARY FROM EMPLOYEES WHERE SALARY > TO_NUMBER('10,000','00,000');

FIRST_NAME     SALARY                                                                                                                                                                                   
---------- ----------                                                                                                                                                                                   
Steven          24000                                                                                                                                                                                   
Neena           17000                                                                                                                                                                                   
Lex             17000                                                                                                                                                                                   
Eleni           10500                                                                                                                                                                                   
Ellen           11000                                                                                                                                                                                   
Michael         13000                                                                                                                                                                                   
Shelley         12000                                                                                                                                                                                   

7 rows selected.

SQL> SELECT FIRST_NAME , SALARY FROM EMPLOYEES WHERE SALARY > TO_NUMBER('10,000','90,990');

FIRST_NAME     SALARY                                                                                                                                                                                   
---------- ----------                                                                                                                                                                                   
Steven          24000                                                                                                                                                                                   
Neena           17000                                                                                                                                                                                   
Lex             17000                                                                                                                                                                                   
Eleni           10500                                                                                                                                                                                   
Ellen           11000                                                                                                                                                                                   
Michael         13000                                                                                                                                                                                   
Shelley         12000                                                                                                                                                                                   

7 rows selected.

SQL> SELECT FIRST_NAME , SALARY FROM EMPLOYEES WHERE SALARY > TO_NUMBER('10,000','90,995');

FIRST_NAME     SALARY                                                                                                                                                                                   
---------- ----------                                                                                                                                                                                   
Steven          24000                                                                                                                                                                                   
Neena           17000                                                                                                                                                                                   
Lex             17000                                                                                                                                                                                   
Eleni           10500                                                                                                                                                                                   
Ellen           11000                                                                                                                                                                                   
Michael         13000                                                                                                                                                                                   
Shelley         12000                                                                                                                                                                                   

7 rows selected.

SQL> SELECT FIRST_NAME , SALARY FROM EMPLOYEES WHERE SALARY > TO_NUMBER('$10,000','$90,995');

FIRST_NAME     SALARY                                                                                                                                                                                   
---------- ----------                                                                                                                                                                                   
Steven          24000                                                                                                                                                                                   
Neena           17000                                                                                                                                                                                   
Lex             17000                                                                                                                                                                                   
Eleni           10500                                                                                                                                                                                   
Ellen           11000                                                                                                                                                                                   
Michael         13000                                                                                                                                                                                   
Shelley         12000                                                                                                                                                                                   

7 rows selected.

SQL> REM PURPOSE OF TO_DATE : 1 FOR CALCULATION 2 FOR COMPARISON
SQL> 
SQL> SELECT FIRST_NAME , SYSDATE , HIRE_DATE , SYSDATE - HIRE_DATE DAYS FROM EMPLOYEES;

FIRST_NAME SYSDATE   HIRE_DATE       DAYS                                                                                                                                                               
---------- --------- --------- ----------                                                                                                                                                               
Steven     14-FEB-22 17-JUL-87 12631.8168                                                                                                                                                               
Neena      14-FEB-22 21-SEP-89 11834.8168                                                                                                                                                               
Lex        14-FEB-22 13-JAN-93 10624.8168                                                                                                                                                               
Alexander  14-FEB-22 03-JAN-90 11730.8168                                                                                                                                                               
Bruce      14-FEB-22 21-MAY-91 11227.8168                                                                                                                                                               
Diana      14-FEB-22 07-FEB-99 8408.81684                                                                                                                                                               
Kevin      14-FEB-22 16-NOV-99 8126.81684                                                                                                                                                               
Trenna     14-FEB-22 17-OCT-95 9617.81684                                                                                                                                                               
Curtis     14-FEB-22 29-JAN-97 9147.81684                                                                                                                                                               
Randall    14-FEB-22 15-MAR-98 8737.81684                                                                                                                                                               
Peter      14-FEB-22 09-JUL-98 8621.81684                                                                                                                                                               
Eleni      14-FEB-22 29-JAN-00 8052.81684                                                                                                                                                               
Ellen      14-FEB-22 11-MAY-96 9410.81684                                                                                                                                                               
Jonathon   14-FEB-22 24-MAR-98 8728.81684                                                                                                                                                               
Kimerely   14-FEB-22 24-MAY-99 8302.81684                                                                                                                                                               
Jennifer   14-FEB-22 17-SEP-87 12569.8168                                                                                                                                                               
Michael    14-FEB-22 17-FEB-96 9494.81684                                                                                                                                                               
Pat        14-FEB-22 17-AUG-97 8947.81684                                                                                                                                                               
Shelley    14-FEB-22 07-JUN-94 10114.8168                                                                                                                                                               
William    14-FEB-22 07-JUN-94 10114.8168                                                                                                                                                               

20 rows selected.

SQL> SELECT '13-MAR-73' - '15-JAN-71' DAYS FROM DUAL;
SELECT '13-MAR-73' - '15-JAN-71' DAYS FROM DUAL
       *
ERROR at line 1:
ORA-01722: invalid number 


SQL> SELECT TO_DATE('13-MAR-73') - TO_DATE('15-JAN-71') DAYS FROM DUAL;

      DAYS                                                                                                                                                                                              
----------                                                                                                                                                                                              
       788                                                                                                                                                                                              

SQL> REM WHEN WE USE DATE VALUE IN DEFAULT OR COMPATIBLE FORMAT, SECOND ARGUMENT OF TO_DATE IS OPTIONAL.
SQL> 
SQL> SELECT TO_DATE('13-MARCH/73') - TO_DATE('15JanuARY71') DAYS FROM DUAL;

      DAYS                                                                                                                                                                                              
----------                                                                                                                                                                                              
       788                                                                                                                                                                                              

SQL> SELECT TO_DATE('13-MARCH/73') - TO_DATE('15-01-71') DAYS FROM DUAL;
SELECT TO_DATE('13-MARCH/73') - TO_DATE('15-01-71') DAYS FROM DUAL
                                        *
ERROR at line 1:
ORA-01843: not a valid month 


SQL> SELECT TO_DATE('13-MARCH/73') - TO_DATE('15-01-71','DD-MM-RR') DAYS FROM DUAL;

      DAYS                                                                                                                                                                                              
----------                                                                                                                                                                                              
       788                                                                                                                                                                                              

SQL> SELECT TO_DATE('13-MARCH/73') - TO_DATE('71-JAN-15') DAYS FROM DUAL;
SELECT TO_DATE('13-MARCH/73') - TO_DATE('71-JAN-15') DAYS FROM DUAL
                                        *
ERROR at line 1:
ORA-01847: day of month must be between 1 and last day of month 


SQL> SELECT TO_DATE('13-MARCH/73') - TO_DATE('71-JAN-15','RR-MON-DD') DAYS FROM DUAL;

      DAYS                                                                                                                                                                                              
----------                                                                                                                                                                                              
       788                                                                                                                                                                                              

SQL> SELECT TO_DATE('13-MARCH/73') - TO_DATE('71-JAN-15','RR/MON\DD') DAYS FROM DUAL;

      DAYS                                                                                                                                                                                              
----------                                                                                                                                                                                              
       788                                                                                                                                                                                              

SQL> SELECT TO_DATE('13-MARCH/73') - TO_DATE('71-JAN-15','RRMONDD') DAYS FROM DUAL;
SELECT TO_DATE('13-MARCH/73') - TO_DATE('71-JAN-15','RRMONDD') DAYS FROM DUAL
                                        *
ERROR at line 1:
ORA-01843: not a valid month 


SQL> REM TO_DATE FOR COMPARISON
SQL> 
SQL> SELECT FIRST_NAME , HIRE_DATE FROM EMPLOYEES WHERE HIRE_DATE > '31-DEC-95';

FIRST_NAME HIRE_DATE                                                                                                                                                                                    
---------- ---------                                                                                                                                                                                    
Diana      07-FEB-99                                                                                                                                                                                    
Kevin      16-NOV-99                                                                                                                                                                                    
Curtis     29-JAN-97                                                                                                                                                                                    
Randall    15-MAR-98                                                                                                                                                                                    
Peter      09-JUL-98                                                                                                                                                                                    
Eleni      29-JAN-00                                                                                                                                                                                    
Ellen      11-MAY-96                                                                                                                                                                                    
Jonathon   24-MAR-98                                                                                                                                                                                    
Kimerely   24-MAY-99                                                                                                                                                                                    
Michael    17-FEB-96                                                                                                                                                                                    
Pat        17-AUG-97                                                                                                                                                                                    

11 rows selected.

SQL> SELECT FIRST_NAME , HIRE_DATE FROM EMPLOYEES WHERE HIRE_DATE > '31-DECEMBER-95';

FIRST_NAME HIRE_DATE                                                                                                                                                                                    
---------- ---------                                                                                                                                                                                    
Diana      07-FEB-99                                                                                                                                                                                    
Kevin      16-NOV-99                                                                                                                                                                                    
Curtis     29-JAN-97                                                                                                                                                                                    
Randall    15-MAR-98                                                                                                                                                                                    
Peter      09-JUL-98                                                                                                                                                                                    
Eleni      29-JAN-00                                                                                                                                                                                    
Ellen      11-MAY-96                                                                                                                                                                                    
Jonathon   24-MAR-98                                                                                                                                                                                    
Kimerely   24-MAY-99                                                                                                                                                                                    
Michael    17-FEB-96                                                                                                                                                                                    
Pat        17-AUG-97                                                                                                                                                                                    

11 rows selected.

SQL> SELECT FIRST_NAME , HIRE_DATE FROM EMPLOYEES WHERE HIRE_DATE > '31-DECEMBER-1995';

FIRST_NAME HIRE_DATE                                                                                                                                                                                    
---------- ---------                                                                                                                                                                                    
Diana      07-FEB-99                                                                                                                                                                                    
Kevin      16-NOV-99                                                                                                                                                                                    
Curtis     29-JAN-97                                                                                                                                                                                    
Randall    15-MAR-98                                                                                                                                                                                    
Peter      09-JUL-98                                                                                                                                                                                    
Eleni      29-JAN-00                                                                                                                                                                                    
Ellen      11-MAY-96                                                                                                                                                                                    
Jonathon   24-MAR-98                                                                                                                                                                                    
Kimerely   24-MAY-99                                                                                                                                                                                    
Michael    17-FEB-96                                                                                                                                                                                    
Pat        17-AUG-97                                                                                                                                                                                    

11 rows selected.

SQL> SELECT FIRST_NAME , HIRE_DATE FROM EMPLOYEES WHERE HIRE_DATE > '31DECEMBER/1995';

FIRST_NAME HIRE_DATE                                                                                                                                                                                    
---------- ---------                                                                                                                                                                                    
Diana      07-FEB-99                                                                                                                                                                                    
Kevin      16-NOV-99                                                                                                                                                                                    
Curtis     29-JAN-97                                                                                                                                                                                    
Randall    15-MAR-98                                                                                                                                                                                    
Peter      09-JUL-98                                                                                                                                                                                    
Eleni      29-JAN-00                                                                                                                                                                                    
Ellen      11-MAY-96                                                                                                                                                                                    
Jonathon   24-MAR-98                                                                                                                                                                                    
Kimerely   24-MAY-99                                                                                                                                                                                    
Michael    17-FEB-96                                                                                                                                                                                    
Pat        17-AUG-97                                                                                                                                                                                    

11 rows selected.

SQL> SELECT FIRST_NAME , HIRE_DATE FROM EMPLOYEES WHERE HIRE_DATE > '31DEcemBER/1995';

FIRST_NAME HIRE_DATE                                                                                                                                                                                    
---------- ---------                                                                                                                                                                                    
Diana      07-FEB-99                                                                                                                                                                                    
Kevin      16-NOV-99                                                                                                                                                                                    
Curtis     29-JAN-97                                                                                                                                                                                    
Randall    15-MAR-98                                                                                                                                                                                    
Peter      09-JUL-98                                                                                                                                                                                    
Eleni      29-JAN-00                                                                                                                                                                                    
Ellen      11-MAY-96                                                                                                                                                                                    
Jonathon   24-MAR-98                                                                                                                                                                                    
Kimerely   24-MAY-99                                                                                                                                                                                    
Michael    17-FEB-96                                                                                                                                                                                    
Pat        17-AUG-97                                                                                                                                                                                    

11 rows selected.

SQL> SELECT FIRST_NAME , HIRE_DATE FROM EMPLOYEES WHERE HIRE_DATE > '31-12-1995';
SELECT FIRST_NAME , HIRE_DATE FROM EMPLOYEES WHERE HIRE_DATE > '31-12-1995'
                                                               *
ERROR at line 1:
ORA-01843: not a valid month 


SQL> SELECT FIRST_NAME , HIRE_DATE FROM EMPLOYEES WHERE HIRE_DATE > TO_DATE('31-12-1995','DD-MM-RRRR');

FIRST_NAME HIRE_DATE                                                                                                                                                                                    
---------- ---------                                                                                                                                                                                    
Diana      07-FEB-99                                                                                                                                                                                    
Kevin      16-NOV-99                                                                                                                                                                                    
Curtis     29-JAN-97                                                                                                                                                                                    
Randall    15-MAR-98                                                                                                                                                                                    
Peter      09-JUL-98                                                                                                                                                                                    
Eleni      29-JAN-00                                                                                                                                                                                    
Ellen      11-MAY-96                                                                                                                                                                                    
Jonathon   24-MAR-98                                                                                                                                                                                    
Kimerely   24-MAY-99                                                                                                                                                                                    
Michael    17-FEB-96                                                                                                                                                                                    
Pat        17-AUG-97                                                                                                                                                                                    

11 rows selected.

SQL> SELECT FIRST_NAME , HIRE_DATE FROM EMPLOYEES WHERE HIRE_DATE > TO_DATE('31-12-1995','DD-MM-YYYY');

FIRST_NAME HIRE_DATE                                                                                                                                                                                    
---------- ---------                                                                                                                                                                                    
Diana      07-FEB-99                                                                                                                                                                                    
Kevin      16-NOV-99                                                                                                                                                                                    
Curtis     29-JAN-97                                                                                                                                                                                    
Randall    15-MAR-98                                                                                                                                                                                    
Peter      09-JUL-98                                                                                                                                                                                    
Eleni      29-JAN-00                                                                                                                                                                                    
Ellen      11-MAY-96                                                                                                                                                                                    
Jonathon   24-MAR-98                                                                                                                                                                                    
Kimerely   24-MAY-99                                                                                                                                                                                    
Michael    17-FEB-96                                                                                                                                                                                    
Pat        17-AUG-97                                                                                                                                                                                    

11 rows selected.

SQL> SELECT FIRST_NAME , HIRE_DATE FROM EMPLOYEES WHERE HIRE_DATE > TO_DATE('31-12-95','DD-MM-YY');

no rows selected

SQL> REM YY CENTURY : 2000 TO 2099 = 100 YEARS : FOR WHOLE YY CENTURY, CENTURY VALUE WILL BE 20
SQL> 
SQL> REM 95 : 2095
SQL> 
SQL> REM YY : DUMB FORMAT
SQL> 
SQL> REM RR : SMARTER FORMAT
SQL> 
SQL> REM RR CENTURY : 1950 TO 2049
SQL> 
SQL> REM RR CENTURY : CURRENT 50 YEARS + PREVIOUS 50 YEARS
SQL> 
SQL> REM RR CENTURY : 2000 TO 2049     + 1950 TO 1999 = 100 YEARS
SQL> 
SQL> SELECT FIRST_NAME , HIRE_DATE FROM EMPLOYEES WHERE HIRE_DATE > TO_DATE('31-12-95','DD-MM-RR');

FIRST_NAME HIRE_DATE                                                                                                                                                                                    
---------- ---------                                                                                                                                                                                    
Diana      07-FEB-99                                                                                                                                                                                    
Kevin      16-NOV-99                                                                                                                                                                                    
Curtis     29-JAN-97                                                                                                                                                                                    
Randall    15-MAR-98                                                                                                                                                                                    
Peter      09-JUL-98                                                                                                                                                                                    
Eleni      29-JAN-00                                                                                                                                                                                    
Ellen      11-MAY-96                                                                                                                                                                                    
Jonathon   24-MAR-98                                                                                                                                                                                    
Kimerely   24-MAY-99                                                                                                                                                                                    
Michael    17-FEB-96                                                                                                                                                                                    
Pat        17-AUG-97                                                                                                                                                                                    

11 rows selected.

SQL> REM 95 : 1995
SQL> 
SQL> REM 05 : 2005
SQL> 
SQL> REM 31-MAY-44 : 31-MAY-1944
SQL> 
SQL> REM 44 : 2044
SQL> 
SQL> SELECT FIRST_NAME , HIRE_DATE FROM EMPLOYEES WHERE HIRE_DATE > TO_DATE('31-DECEMBER-1995','DD-MON-RRRR');

FIRST_NAME HIRE_DATE                                                                                                                                                                                    
---------- ---------                                                                                                                                                                                    
Diana      07-FEB-99                                                                                                                                                                                    
Kevin      16-NOV-99                                                                                                                                                                                    
Curtis     29-JAN-97                                                                                                                                                                                    
Randall    15-MAR-98                                                                                                                                                                                    
Peter      09-JUL-98                                                                                                                                                                                    
Eleni      29-JAN-00                                                                                                                                                                                    
Ellen      11-MAY-96                                                                                                                                                                                    
Jonathon   24-MAR-98                                                                                                                                                                                    
Kimerely   24-MAY-99                                                                                                                                                                                    
Michael    17-FEB-96                                                                                                                                                                                    
Pat        17-AUG-97                                                                                                                                                                                    

11 rows selected.

SQL> SELECT FIRST_NAME , HIRE_DATE FROM EMPLOYEES WHERE HIRE_DATE > TO_DATE('31-DECEMBER-1995','FXDD-MON-RRRR');
SELECT FIRST_NAME , HIRE_DATE FROM EMPLOYEES WHERE HIRE_DATE > TO_DATE('31-DECEMBER-1995','FXDD-MON-RRRR')
                                                                       *
ERROR at line 1:
ORA-01861: literal does not match format string 


SQL> SELECT FIRST_NAME , HIRE_DATE FROM EMPLOYEES WHERE HIRE_DATE > TO_DATE('31-DECEMBER-1995','FXDD-MONTH-RRRR');

FIRST_NAME HIRE_DATE                                                                                                                                                                                    
---------- ---------                                                                                                                                                                                    
Diana      07-FEB-99                                                                                                                                                                                    
Kevin      16-NOV-99                                                                                                                                                                                    
Curtis     29-JAN-97                                                                                                                                                                                    
Randall    15-MAR-98                                                                                                                                                                                    
Peter      09-JUL-98                                                                                                                                                                                    
Eleni      29-JAN-00                                                                                                                                                                                    
Ellen      11-MAY-96                                                                                                                                                                                    
Jonathon   24-MAR-98                                                                                                                                                                                    
Kimerely   24-MAY-99                                                                                                                                                                                    
Michael    17-FEB-96                                                                                                                                                                                    
Pat        17-AUG-97                                                                                                                                                                                    

11 rows selected.

SQL> SELECT FIRST_NAME , HIRE_DATE FROM EMPLOYEES WHERE HIRE_DATE > TO_DATE('31-DEC-1995','FXDD-MON-RRRR');

FIRST_NAME HIRE_DATE                                                                                                                                                                                    
---------- ---------                                                                                                                                                                                    
Diana      07-FEB-99                                                                                                                                                                                    
Kevin      16-NOV-99                                                                                                                                                                                    
Curtis     29-JAN-97                                                                                                                                                                                    
Randall    15-MAR-98                                                                                                                                                                                    
Peter      09-JUL-98                                                                                                                                                                                    
Eleni      29-JAN-00                                                                                                                                                                                    
Ellen      11-MAY-96                                                                                                                                                                                    
Jonathon   24-MAR-98                                                                                                                                                                                    
Kimerely   24-MAY-99                                                                                                                                                                                    
Michael    17-FEB-96                                                                                                                                                                                    
Pat        17-AUG-97                                                                                                                                                                                    

11 rows selected.

SQL> SELECT FIRST_NAME , HIRE_DATE FROM EMPLOYEES WHERE HIRE_DATE > TO_DATE('31-DEC-1995','FXDD-MONTH-RRRR');
SELECT FIRST_NAME , HIRE_DATE FROM EMPLOYEES WHERE HIRE_DATE > TO_DATE('31-DEC-1995','FXDD-MONTH-RRRR')
                                                                       *
ERROR at line 1:
ORA-01843: not a valid month 


SQL> SELECT FIRST_NAME , HIRE_DATE FROM EMPLOYEES WHERE HIRE_DATE > TO_DATE('31-DEC-1995','FXDD-MON-RR');
SELECT FIRST_NAME , HIRE_DATE FROM EMPLOYEES WHERE HIRE_DATE > TO_DATE('31-DEC-1995','FXDD-MON-RR')
                                                                       *
ERROR at line 1:
ORA-01830: date format picture ends before converting entire input string 


SQL> SELECT FIRST_NAME , HIRE_DATE FROM EMPLOYEES WHERE HIRE_DATE > TO_DATE('31-DEC-95','FXDD-MON-RRRR');
SELECT FIRST_NAME , HIRE_DATE FROM EMPLOYEES WHERE HIRE_DATE > TO_DATE('31-DEC-95','FXDD-MON-RRRR')
                                                                       *
ERROR at line 1:
ORA-01862: the numeric value does not match the length of the format item 


SQL> REM FX : FORMAT EXACT/FIXED FORMAT
SQL> 
SQL> SELECT FIRST_NAME , HIRE_DATE FROM EMPLOYEES WHERE HIRE_DATE > TO_DATE('31-DEcembER-95','FXDD-MONTH-RRRR');
SELECT FIRST_NAME , HIRE_DATE FROM EMPLOYEES WHERE HIRE_DATE > TO_DATE('31-DEcembER-95','FXDD-MONTH-RRRR')
                                                                       *
ERROR at line 1:
ORA-01862: the numeric value does not match the length of the format item 


SQL> SELECT FIRST_NAME , HIRE_DATE FROM EMPLOYEES WHERE HIRE_DATE > TO_DATE('31-DEcembER-1995','FXDD-MONTH-RRRR');

FIRST_NAME HIRE_DATE                                                                                                                                                                                    
---------- ---------                                                                                                                                                                                    
Diana      07-FEB-99                                                                                                                                                                                    
Kevin      16-NOV-99                                                                                                                                                                                    
Curtis     29-JAN-97                                                                                                                                                                                    
Randall    15-MAR-98                                                                                                                                                                                    
Peter      09-JUL-98                                                                                                                                                                                    
Eleni      29-JAN-00                                                                                                                                                                                    
Ellen      11-MAY-96                                                                                                                                                                                    
Jonathon   24-MAR-98                                                                                                                                                                                    
Kimerely   24-MAY-99                                                                                                                                                                                    
Michael    17-FEB-96                                                                                                                                                                                    
Pat        17-AUG-97                                                                                                                                                                                    

11 rows selected.

SQL> REM FX : FX IS FORMAT SENSITIVE BUT NOT CASE SENSITIVE
SQL> 
SQL> REM TO_NUMBER, TO_DATE
SQL> 
SQL> REM TO_CHAR : CONVERT NUMBER VALUE INTO CHARACTER TYPE VALUE
SQL> 
SQL> REM TO_CHAR IS GENERALLY USED FOR DISPLAYING NUMBER VALUE IN USER DEFINED / NON-DEFAULT FORMAT
SQL> 
SQL> REM LIST OF VALID NUMBER FORMAT CHARACTERS : 9 0    . ,    G D   $ L U   EEEE or eeee    V
SQL> 
SQL> SELECT SALARY FROM EMPLOYEES;

    SALARY                                                                                                                                                                                              
----------                                                                                                                                                                                              
     24000                                                                                                                                                                                              
     17000                                                                                                                                                                                              
     17000                                                                                                                                                                                              
      9000                                                                                                                                                                                              
      6000                                                                                                                                                                                              
      4200                                                                                                                                                                                              
      5800                                                                                                                                                                                              
      3500                                                                                                                                                                                              
      3100                                                                                                                                                                                              
      2600                                                                                                                                                                                              
      2500                                                                                                                                                                                              
     10500                                                                                                                                                                                              
     11000                                                                                                                                                                                              
      8600                                                                                                                                                                                              
      7000                                                                                                                                                                                              
      4400                                                                                                                                                                                              
     13000                                                                                                                                                                                              
      6000                                                                                                                                                                                              
     12000                                                                                                                                                                                              
      8300                                                                                                                                                                                              

20 rows selected.

SQL> SELECT SALARY , TO_CHAR(SALARY,'99999') FROM EMPLOYEES;

    SALARY TO_CHA                                                                                                                                                                                       
---------- ------                                                                                                                                                                                       
     24000  24000                                                                                                                                                                                       
     17000  17000                                                                                                                                                                                       
     17000  17000                                                                                                                                                                                       
      9000   9000                                                                                                                                                                                       
      6000   6000                                                                                                                                                                                       
      4200   4200                                                                                                                                                                                       
      5800   5800                                                                                                                                                                                       
      3500   3500                                                                                                                                                                                       
      3100   3100                                                                                                                                                                                       
      2600   2600                                                                                                                                                                                       
      2500   2500                                                                                                                                                                                       
     10500  10500                                                                                                                                                                                       
     11000  11000                                                                                                                                                                                       
      8600   8600                                                                                                                                                                                       
      7000   7000                                                                                                                                                                                       
      4400   4400                                                                                                                                                                                       
     13000  13000                                                                                                                                                                                       
      6000   6000                                                                                                                                                                                       
     12000  12000                                                                                                                                                                                       
      8300   8300                                                                                                                                                                                       

20 rows selected.

SQL> SELECT SALARY , TO_CHAR(SALARY,'00000') FROM EMPLOYEES;

    SALARY TO_CHA                                                                                                                                                                                       
---------- ------                                                                                                                                                                                       
     24000  24000                                                                                                                                                                                       
     17000  17000                                                                                                                                                                                       
     17000  17000                                                                                                                                                                                       
      9000  09000                                                                                                                                                                                       
      6000  06000                                                                                                                                                                                       
      4200  04200                                                                                                                                                                                       
      5800  05800                                                                                                                                                                                       
      3500  03500                                                                                                                                                                                       
      3100  03100                                                                                                                                                                                       
      2600  02600                                                                                                                                                                                       
      2500  02500                                                                                                                                                                                       
     10500  10500                                                                                                                                                                                       
     11000  11000                                                                                                                                                                                       
      8600  08600                                                                                                                                                                                       
      7000  07000                                                                                                                                                                                       
      4400  04400                                                                                                                                                                                       
     13000  13000                                                                                                                                                                                       
      6000  06000                                                                                                                                                                                       
     12000  12000                                                                                                                                                                                       
      8300  08300                                                                                                                                                                                       

20 rows selected.

SQL> SELECT SALARY , TO_CHAR(SALARY,'09990') FROM EMPLOYEES;

    SALARY TO_CHA                                                                                                                                                                                       
---------- ------                                                                                                                                                                                       
     24000  24000                                                                                                                                                                                       
     17000  17000                                                                                                                                                                                       
     17000  17000                                                                                                                                                                                       
      9000  09000                                                                                                                                                                                       
      6000  06000                                                                                                                                                                                       
      4200  04200                                                                                                                                                                                       
      5800  05800                                                                                                                                                                                       
      3500  03500                                                                                                                                                                                       
      3100  03100                                                                                                                                                                                       
      2600  02600                                                                                                                                                                                       
      2500  02500                                                                                                                                                                                       
     10500  10500                                                                                                                                                                                       
     11000  11000                                                                                                                                                                                       
      8600  08600                                                                                                                                                                                       
      7000  07000                                                                                                                                                                                       
      4400  04400                                                                                                                                                                                       
     13000  13000                                                                                                                                                                                       
      6000  06000                                                                                                                                                                                       
     12000  12000                                                                                                                                                                                       
      8300  08300                                                                                                                                                                                       

20 rows selected.

SQL> SELECT SALARY , TO_CHAR(SALARY,'90990') FROM EMPLOYEES;

    SALARY TO_CHA                                                                                                                                                                                       
---------- ------                                                                                                                                                                                       
     24000  24000                                                                                                                                                                                       
     17000  17000                                                                                                                                                                                       
     17000  17000                                                                                                                                                                                       
      9000   9000                                                                                                                                                                                       
      6000   6000                                                                                                                                                                                       
      4200   4200                                                                                                                                                                                       
      5800   5800                                                                                                                                                                                       
      3500   3500                                                                                                                                                                                       
      3100   3100                                                                                                                                                                                       
      2600   2600                                                                                                                                                                                       
      2500   2500                                                                                                                                                                                       
     10500  10500                                                                                                                                                                                       
     11000  11000                                                                                                                                                                                       
      8600   8600                                                                                                                                                                                       
      7000   7000                                                                                                                                                                                       
      4400   4400                                                                                                                                                                                       
     13000  13000                                                                                                                                                                                       
      6000   6000                                                                                                                                                                                       
     12000  12000                                                                                                                                                                                       
      8300   8300                                                                                                                                                                                       

20 rows selected.

SQL> SELECT SALARY , TO_CHAR(SALARY,'090990') FROM EMPLOYEES;

    SALARY TO_CHAR                                                                                                                                                                                      
---------- -------                                                                                                                                                                                      
     24000  024000                                                                                                                                                                                      
     17000  017000                                                                                                                                                                                      
     17000  017000                                                                                                                                                                                      
      9000  009000                                                                                                                                                                                      
      6000  006000                                                                                                                                                                                      
      4200  004200                                                                                                                                                                                      
      5800  005800                                                                                                                                                                                      
      3500  003500                                                                                                                                                                                      
      3100  003100                                                                                                                                                                                      
      2600  002600                                                                                                                                                                                      
      2500  002500                                                                                                                                                                                      
     10500  010500                                                                                                                                                                                      
     11000  011000                                                                                                                                                                                      
      8600  008600                                                                                                                                                                                      
      7000  007000                                                                                                                                                                                      
      4400  004400                                                                                                                                                                                      
     13000  013000                                                                                                                                                                                      
      6000  006000                                                                                                                                                                                      
     12000  012000                                                                                                                                                                                      
      8300  008300                                                                                                                                                                                      

20 rows selected.

SQL> SELECT SALARY , TO_CHAR(SALARY,'090995') FROM EMPLOYEES;

    SALARY TO_CHAR                                                                                                                                                                                      
---------- -------                                                                                                                                                                                      
     24000  025000                                                                                                                                                                                      
     17000  015000                                                                                                                                                                                      
     17000  015000                                                                                                                                                                                      
      9000  010000                                                                                                                                                                                      
      6000  005000                                                                                                                                                                                      
      4200  004000                                                                                                                                                                                      
      5800  006000                                                                                                                                                                                      
      3500  003500                                                                                                                                                                                      
      3100  003000                                                                                                                                                                                      
      2600  002500                                                                                                                                                                                      
      2500  002500                                                                                                                                                                                      
     10500  010500                                                                                                                                                                                      
     11000  010000                                                                                                                                                                                      
      8600  008500                                                                                                                                                                                      
      7000  005000                                                                                                                                                                                      
      4400  004500                                                                                                                                                                                      
     13000  015000                                                                                                                                                                                      
      6000  005000                                                                                                                                                                                      
     12000  010000                                                                                                                                                                                      
      8300  008500                                                                                                                                                                                      

20 rows selected.

SQL> SELECT SALARY , TO_CHAR(SALARY,'90995') FROM EMPLOYEES;

    SALARY TO_CHA                                                                                                                                                                                       
---------- ------                                                                                                                                                                                       
     24000  25000                                                                                                                                                                                       
     17000  15000                                                                                                                                                                                       
     17000  15000                                                                                                                                                                                       
      9000  10000                                                                                                                                                                                       
      6000   5000                                                                                                                                                                                       
      4200   4000                                                                                                                                                                                       
      5800   6000                                                                                                                                                                                       
      3500   3500                                                                                                                                                                                       
      3100   3000                                                                                                                                                                                       
      2600   2500                                                                                                                                                                                       
      2500   2500                                                                                                                                                                                       
     10500  10500                                                                                                                                                                                       
     11000  10000                                                                                                                                                                                       
      8600   8500                                                                                                                                                                                       
      7000   5000                                                                                                                                                                                       
      4400   4500                                                                                                                                                                                       
     13000  15000                                                                                                                                                                                       
      6000   5000                                                                                                                                                                                       
     12000  10000                                                                                                                                                                                       
      8300   8500                                                                                                                                                                                       

20 rows selected.

SQL> SELECT SALARY , TO_CHAR(SALARY,'90955') FROM EMPLOYEES;
SELECT SALARY , TO_CHAR(SALARY,'90955') FROM EMPLOYEES
                               *
ERROR at line 1:
ORA-01481: invalid number format model 


SQL> SELECT SALARY , TO_CHAR(SALARY,'90995') FROM EMPLOYEES;

    SALARY TO_CHA                                                                                                                                                                                       
---------- ------                                                                                                                                                                                       
     24000  25000                                                                                                                                                                                       
     17000  15000                                                                                                                                                                                       
     17000  15000                                                                                                                                                                                       
      9000  10000                                                                                                                                                                                       
      6000   5000                                                                                                                                                                                       
      4200   4000                                                                                                                                                                                       
      5800   6000                                                                                                                                                                                       
      3500   3500                                                                                                                                                                                       
      3100   3000                                                                                                                                                                                       
      2600   2500                                                                                                                                                                                       
      2500   2500                                                                                                                                                                                       
     10500  10500                                                                                                                                                                                       
     11000  10000                                                                                                                                                                                       
      8600   8500                                                                                                                                                                                       
      7000   5000                                                                                                                                                                                       
      4400   4500                                                                                                                                                                                       
     13000  15000                                                                                                                                                                                       
      6000   5000                                                                                                                                                                                       
     12000  10000                                                                                                                                                                                       
      8300   8500                                                                                                                                                                                       

20 rows selected.

SQL> REM LIST OF VALID NUMBER FORMAT CHARACTERS : 9 0 (5 AS LAST DIGIT)   . ,    G D   $ L U   EEEE or eeee    V
SQL> 
SQL> SELECT SALARY , TO_CHAR(SALARY,'90995.00') FROM EMPLOYEES;
SELECT SALARY , TO_CHAR(SALARY,'90995.00') FROM EMPLOYEES
                               *
ERROR at line 1:
ORA-01481: invalid number format model 


SQL> SELECT SALARY , TO_CHAR(SALARY,'90999.00') FROM EMPLOYEES;

    SALARY TO_CHAR(S                                                                                                                                                                                    
---------- ---------                                                                                                                                                                                    
     24000  24000.00                                                                                                                                                                                    
     17000  17000.00                                                                                                                                                                                    
     17000  17000.00                                                                                                                                                                                    
      9000   9000.00                                                                                                                                                                                    
      6000   6000.00                                                                                                                                                                                    
      4200   4200.00                                                                                                                                                                                    
      5800   5800.00                                                                                                                                                                                    
      3500   3500.00                                                                                                                                                                                    
      3100   3100.00                                                                                                                                                                                    
      2600   2600.00                                                                                                                                                                                    
      2500   2500.00                                                                                                                                                                                    
     10500  10500.00                                                                                                                                                                                    
     11000  11000.00                                                                                                                                                                                    
      8600   8600.00                                                                                                                                                                                    
      7000   7000.00                                                                                                                                                                                    
      4400   4400.00                                                                                                                                                                                    
     13000  13000.00                                                                                                                                                                                    
      6000   6000.00                                                                                                                                                                                    
     12000  12000.00                                                                                                                                                                                    
      8300   8300.00                                                                                                                                                                                    

20 rows selected.

SQL> SELECT SALARY , TO_CHAR(SALARY,'90999.05') FROM EMPLOYEES;

    SALARY TO_CHAR(S                                                                                                                                                                                    
---------- ---------                                                                                                                                                                                    
     24000  24000.00                                                                                                                                                                                    
     17000  17000.00                                                                                                                                                                                    
     17000  17000.00                                                                                                                                                                                    
      9000   9000.00                                                                                                                                                                                    
      6000   6000.00                                                                                                                                                                                    
      4200   4200.00                                                                                                                                                                                    
      5800   5800.00                                                                                                                                                                                    
      3500   3500.00                                                                                                                                                                                    
      3100   3100.00                                                                                                                                                                                    
      2600   2600.00                                                                                                                                                                                    
      2500   2500.00                                                                                                                                                                                    
     10500  10500.00                                                                                                                                                                                    
     11000  11000.00                                                                                                                                                                                    
      8600   8600.00                                                                                                                                                                                    
      7000   7000.00                                                                                                                                                                                    
      4400   4400.00                                                                                                                                                                                    
     13000  13000.00                                                                                                                                                                                    
      6000   6000.00                                                                                                                                                                                    
     12000  12000.00                                                                                                                                                                                    
      8300   8300.00                                                                                                                                                                                    

20 rows selected.

SQL> SELECT SALARY , TO_CHAR(SALARY,'90995.05') FROM EMPLOYEES;
SELECT SALARY , TO_CHAR(SALARY,'90995.05') FROM EMPLOYEES
                               *
ERROR at line 1:
ORA-01481: invalid number format model 


SQL> SELECT SALARY , TO_CHAR(SALARY,'90999.05') FROM EMPLOYEES;

    SALARY TO_CHAR(S                                                                                                                                                                                    
---------- ---------                                                                                                                                                                                    
     24000  24000.00                                                                                                                                                                                    
     17000  17000.00                                                                                                                                                                                    
     17000  17000.00                                                                                                                                                                                    
      9000   9000.00                                                                                                                                                                                    
      6000   6000.00                                                                                                                                                                                    
      4200   4200.00                                                                                                                                                                                    
      5800   5800.00                                                                                                                                                                                    
      3500   3500.00                                                                                                                                                                                    
      3100   3100.00                                                                                                                                                                                    
      2600   2600.00                                                                                                                                                                                    
      2500   2500.00                                                                                                                                                                                    
     10500  10500.00                                                                                                                                                                                    
     11000  11000.00                                                                                                                                                                                    
      8600   8600.00                                                                                                                                                                                    
      7000   7000.00                                                                                                                                                                                    
      4400   4400.00                                                                                                                                                                                    
     13000  13000.00                                                                                                                                                                                    
      6000   6000.00                                                                                                                                                                                    
     12000  12000.00                                                                                                                                                                                    
      8300   8300.00                                                                                                                                                                                    

20 rows selected.

SQL> SELECT SALARY , TO_CHAR(SALARY,'00000.05') FROM EMPLOYEES;

    SALARY TO_CHAR(S                                                                                                                                                                                    
---------- ---------                                                                                                                                                                                    
     24000  24000.00                                                                                                                                                                                    
     17000  17000.00                                                                                                                                                                                    
     17000  17000.00                                                                                                                                                                                    
      9000  09000.00                                                                                                                                                                                    
      6000  06000.00                                                                                                                                                                                    
      4200  04200.00                                                                                                                                                                                    
      5800  05800.00                                                                                                                                                                                    
      3500  03500.00                                                                                                                                                                                    
      3100  03100.00                                                                                                                                                                                    
      2600  02600.00                                                                                                                                                                                    
      2500  02500.00                                                                                                                                                                                    
     10500  10500.00                                                                                                                                                                                    
     11000  11000.00                                                                                                                                                                                    
      8600  08600.00                                                                                                                                                                                    
      7000  07000.00                                                                                                                                                                                    
      4400  04400.00                                                                                                                                                                                    
     13000  13000.00                                                                                                                                                                                    
      6000  06000.00                                                                                                                                                                                    
     12000  12000.00                                                                                                                                                                                    
      8300  08300.00                                                                                                                                                                                    

20 rows selected.

SQL> SELECT SALARY , TO_CHAR(SALARY,'00,000.05') FROM EMPLOYEES;

    SALARY TO_CHAR(SA                                                                                                                                                                                   
---------- ----------                                                                                                                                                                                   
     24000  24,000.00                                                                                                                                                                                   
     17000  17,000.00                                                                                                                                                                                   
     17000  17,000.00                                                                                                                                                                                   
      9000  09,000.00                                                                                                                                                                                   
      6000  06,000.00                                                                                                                                                                                   
      4200  04,200.00                                                                                                                                                                                   
      5800  05,800.00                                                                                                                                                                                   
      3500  03,500.00                                                                                                                                                                                   
      3100  03,100.00                                                                                                                                                                                   
      2600  02,600.00                                                                                                                                                                                   
      2500  02,500.00                                                                                                                                                                                   
     10500  10,500.00                                                                                                                                                                                   
     11000  11,000.00                                                                                                                                                                                   
      8600  08,600.00                                                                                                                                                                                   
      7000  07,000.00                                                                                                                                                                                   
      4400  04,400.00                                                                                                                                                                                   
     13000  13,000.00                                                                                                                                                                                   
      6000  06,000.00                                                                                                                                                                                   
     12000  12,000.00                                                                                                                                                                                   
      8300  08,300.00                                                                                                                                                                                   

20 rows selected.

SQL> REM LIST OF VALID NUMBER FORMAT CHARACTERS : 9 0 (5 AS LAST DIGIT)   . ,    G D   $ L U   EEEE or eeee    V
SQL> 
SQL> SELECT SALARY , TO_CHAR(SALARY,'99999') FROM EMPLOYEES;

    SALARY TO_CHA                                                                                                                                                                                       
---------- ------                                                                                                                                                                                       
     24000  24000                                                                                                                                                                                       
     17000  17000                                                                                                                                                                                       
     17000  17000                                                                                                                                                                                       
      9000   9000                                                                                                                                                                                       
      6000   6000                                                                                                                                                                                       
      4200   4200                                                                                                                                                                                       
      5800   5800                                                                                                                                                                                       
      3500   3500                                                                                                                                                                                       
      3100   3100                                                                                                                                                                                       
      2600   2600                                                                                                                                                                                       
      2500   2500                                                                                                                                                                                       
     10500  10500                                                                                                                                                                                       
     11000  11000                                                                                                                                                                                       
      8600   8600                                                                                                                                                                                       
      7000   7000                                                                                                                                                                                       
      4400   4400                                                                                                                                                                                       
     13000  13000                                                                                                                                                                                       
      6000   6000                                                                                                                                                                                       
     12000  12000                                                                                                                                                                                       
      8300   8300                                                                                                                                                                                       

20 rows selected.

SQL> SELECT SALARY , TO_CHAR(SALARY,'9999') FROM EMPLOYEES;

    SALARY TO_CH                                                                                                                                                                                        
---------- -----                                                                                                                                                                                        
     24000 #####                                                                                                                                                                                        
     17000 #####                                                                                                                                                                                        
     17000 #####                                                                                                                                                                                        
      9000  9000                                                                                                                                                                                        
      6000  6000                                                                                                                                                                                        
      4200  4200                                                                                                                                                                                        
      5800  5800                                                                                                                                                                                        
      3500  3500                                                                                                                                                                                        
      3100  3100                                                                                                                                                                                        
      2600  2600                                                                                                                                                                                        
      2500  2500                                                                                                                                                                                        
     10500 #####                                                                                                                                                                                        
     11000 #####                                                                                                                                                                                        
      8600  8600                                                                                                                                                                                        
      7000  7000                                                                                                                                                                                        
      4400  4400                                                                                                                                                                                        
     13000 #####                                                                                                                                                                                        
      6000  6000                                                                                                                                                                                        
     12000 #####                                                                                                                                                                                        
      8300  8300                                                                                                                                                                                        

20 rows selected.

SQL> SELECT SALARY , TO_CHAR(SALARY,'999') FROM EMPLOYEES;

    SALARY TO_C                                                                                                                                                                                         
---------- ----                                                                                                                                                                                         
     24000 ####                                                                                                                                                                                         
     17000 ####                                                                                                                                                                                         
     17000 ####                                                                                                                                                                                         
      9000 ####                                                                                                                                                                                         
      6000 ####                                                                                                                                                                                         
      4200 ####                                                                                                                                                                                         
      5800 ####                                                                                                                                                                                         
      3500 ####                                                                                                                                                                                         
      3100 ####                                                                                                                                                                                         
      2600 ####                                                                                                                                                                                         
      2500 ####                                                                                                                                                                                         
     10500 ####                                                                                                                                                                                         
     11000 ####                                                                                                                                                                                         
      8600 ####                                                                                                                                                                                         
      7000 ####                                                                                                                                                                                         
      4400 ####                                                                                                                                                                                         
     13000 ####                                                                                                                                                                                         
      6000 ####                                                                                                                                                                                         
     12000 ####                                                                                                                                                                                         
      8300 ####                                                                                                                                                                                         

20 rows selected.

SQL> SELECT SALARY , TO_CHAR(SALARY,'$99999') FROM EMPLOYEES;

    SALARY TO_CHAR                                                                                                                                                                                      
---------- -------                                                                                                                                                                                      
     24000  $24000                                                                                                                                                                                      
     17000  $17000                                                                                                                                                                                      
     17000  $17000                                                                                                                                                                                      
      9000   $9000                                                                                                                                                                                      
      6000   $6000                                                                                                                                                                                      
      4200   $4200                                                                                                                                                                                      
      5800   $5800                                                                                                                                                                                      
      3500   $3500                                                                                                                                                                                      
      3100   $3100                                                                                                                                                                                      
      2600   $2600                                                                                                                                                                                      
      2500   $2500                                                                                                                                                                                      
     10500  $10500                                                                                                                                                                                      
     11000  $11000                                                                                                                                                                                      
      8600   $8600                                                                                                                                                                                      
      7000   $7000                                                                                                                                                                                      
      4400   $4400                                                                                                                                                                                      
     13000  $13000                                                                                                                                                                                      
      6000   $6000                                                                                                                                                                                      
     12000  $12000                                                                                                                                                                                      
      8300   $8300                                                                                                                                                                                      

20 rows selected.

SQL> SELECT SALARY , TO_CHAR(SALARY,'0000') FROM EMPLOYEES;

    SALARY TO_CH                                                                                                                                                                                        
---------- -----                                                                                                                                                                                        
     24000 #####                                                                                                                                                                                        
     17000 #####                                                                                                                                                                                        
     17000 #####                                                                                                                                                                                        
      9000  9000                                                                                                                                                                                        
      6000  6000                                                                                                                                                                                        
      4200  4200                                                                                                                                                                                        
      5800  5800                                                                                                                                                                                        
      3500  3500                                                                                                                                                                                        
      3100  3100                                                                                                                                                                                        
      2600  2600                                                                                                                                                                                        
      2500  2500                                                                                                                                                                                        
     10500 #####                                                                                                                                                                                        
     11000 #####                                                                                                                                                                                        
      8600  8600                                                                                                                                                                                        
      7000  7000                                                                                                                                                                                        
      4400  4400                                                                                                                                                                                        
     13000 #####                                                                                                                                                                                        
      6000  6000                                                                                                                                                                                        
     12000 #####                                                                                                                                                                                        
      8300  8300                                                                                                                                                                                        

20 rows selected.

SQL> SELECT SALARY , TO_CHAR(SALARY,'$99999') FROM EMPLOYEES;

    SALARY TO_CHAR                                                                                                                                                                                      
---------- -------                                                                                                                                                                                      
     24000  $24000                                                                                                                                                                                      
     17000  $17000                                                                                                                                                                                      
     17000  $17000                                                                                                                                                                                      
      9000   $9000                                                                                                                                                                                      
      6000   $6000                                                                                                                                                                                      
      4200   $4200                                                                                                                                                                                      
      5800   $5800                                                                                                                                                                                      
      3500   $3500                                                                                                                                                                                      
      3100   $3100                                                                                                                                                                                      
      2600   $2600                                                                                                                                                                                      
      2500   $2500                                                                                                                                                                                      
     10500  $10500                                                                                                                                                                                      
     11000  $11000                                                                                                                                                                                      
      8600   $8600                                                                                                                                                                                      
      7000   $7000                                                                                                                                                                                      
      4400   $4400                                                                                                                                                                                      
     13000  $13000                                                                                                                                                                                      
      6000   $6000                                                                                                                                                                                      
     12000  $12000                                                                                                                                                                                      
      8300   $8300                                                                                                                                                                                      

20 rows selected.

SQL> SELECT SALARY , TO_CHAR(SALARY,'99999$') FROM EMPLOYEES;

    SALARY TO_CHAR                                                                                                                                                                                      
---------- -------                                                                                                                                                                                      
     24000  $24000                                                                                                                                                                                      
     17000  $17000                                                                                                                                                                                      
     17000  $17000                                                                                                                                                                                      
      9000   $9000                                                                                                                                                                                      
      6000   $6000                                                                                                                                                                                      
      4200   $4200                                                                                                                                                                                      
      5800   $5800                                                                                                                                                                                      
      3500   $3500                                                                                                                                                                                      
      3100   $3100                                                                                                                                                                                      
      2600   $2600                                                                                                                                                                                      
      2500   $2500                                                                                                                                                                                      
     10500  $10500                                                                                                                                                                                      
     11000  $11000                                                                                                                                                                                      
      8600   $8600                                                                                                                                                                                      
      7000   $7000                                                                                                                                                                                      
      4400   $4400                                                                                                                                                                                      
     13000  $13000                                                                                                                                                                                      
      6000   $6000                                                                                                                                                                                      
     12000  $12000                                                                                                                                                                                      
      8300   $8300                                                                                                                                                                                      

20 rows selected.

SQL> SELECT SALARY , TO_CHAR(SALARY,'99$999') FROM EMPLOYEES;

    SALARY TO_CHAR                                                                                                                                                                                      
---------- -------                                                                                                                                                                                      
     24000  $24000                                                                                                                                                                                      
     17000  $17000                                                                                                                                                                                      
     17000  $17000                                                                                                                                                                                      
      9000   $9000                                                                                                                                                                                      
      6000   $6000                                                                                                                                                                                      
      4200   $4200                                                                                                                                                                                      
      5800   $5800                                                                                                                                                                                      
      3500   $3500                                                                                                                                                                                      
      3100   $3100                                                                                                                                                                                      
      2600   $2600                                                                                                                                                                                      
      2500   $2500                                                                                                                                                                                      
     10500  $10500                                                                                                                                                                                      
     11000  $11000                                                                                                                                                                                      
      8600   $8600                                                                                                                                                                                      
      7000   $7000                                                                                                                                                                                      
      4400   $4400                                                                                                                                                                                      
     13000  $13000                                                                                                                                                                                      
      6000   $6000                                                                                                                                                                                      
     12000  $12000                                                                                                                                                                                      
      8300   $8300                                                                                                                                                                                      

20 rows selected.

SQL> SELECT SALARY , TO_CHAR(SALARY,'99999.0$0') FROM EMPLOYEES;

    SALARY TO_CHAR(SA                                                                                                                                                                                   
---------- ----------                                                                                                                                                                                   
     24000  $24000.00                                                                                                                                                                                   
     17000  $17000.00                                                                                                                                                                                   
     17000  $17000.00                                                                                                                                                                                   
      9000   $9000.00                                                                                                                                                                                   
      6000   $6000.00                                                                                                                                                                                   
      4200   $4200.00                                                                                                                                                                                   
      5800   $5800.00                                                                                                                                                                                   
      3500   $3500.00                                                                                                                                                                                   
      3100   $3100.00                                                                                                                                                                                   
      2600   $2600.00                                                                                                                                                                                   
      2500   $2500.00                                                                                                                                                                                   
     10500  $10500.00                                                                                                                                                                                   
     11000  $11000.00                                                                                                                                                                                   
      8600   $8600.00                                                                                                                                                                                   
      7000   $7000.00                                                                                                                                                                                   
      4400   $4400.00                                                                                                                                                                                   
     13000  $13000.00                                                                                                                                                                                   
      6000   $6000.00                                                                                                                                                                                   
     12000  $12000.00                                                                                                                                                                                   
      8300   $8300.00                                                                                                                                                                                   

20 rows selected.

SQL> SELECT SALARY , TO_CHAR(SALARY,'9$9999.0$0') FROM EMPLOYEES;
SELECT SALARY , TO_CHAR(SALARY,'9$9999.0$0') FROM EMPLOYEES
                               *
ERROR at line 1:
ORA-01481: invalid number format model 


SQL> SELECT SALARY , TO_CHAR(SALARY,'Rs.99999.00') FROM EMPLOYEES;
SELECT SALARY , TO_CHAR(SALARY,'Rs.99999.00') FROM EMPLOYEES
                               *
ERROR at line 1:
ORA-01481: invalid number format model 


SQL> COL PARAMETER FORMAT A30
SQL> COL VALUE FORMAT A30
SQL> 
SQL> SELECT * FROM NLS_SESSION_PARMAETERS;
SELECT * FROM NLS_SESSION_PARMAETERS
              *
ERROR at line 1:
ORA-00942: table or view does not exist 


SQL> SELECT * FROM NLS_SESSION_PARMETERS;
SELECT * FROM NLS_SESSION_PARMETERS
              *
ERROR at line 1:
ORA-00942: table or view does not exist 


SQL> SELECT * FROM NLS_SESSION_PARAMETERS;

PARAMETER                      VALUE                                                                                                                                                                    
------------------------------ ------------------------------                                                                                                                                           
NLS_LANGUAGE                   AMERICAN                                                                                                                                                                 
NLS_TERRITORY                  AMERICA                                                                                                                                                                  
NLS_CURRENCY                   $                                                                                                                                                                        
NLS_ISO_CURRENCY               AMERICA                                                                                                                                                                  
NLS_NUMERIC_CHARACTERS         .,                                                                                                                                                                       
NLS_CALENDAR                   GREGORIAN                                                                                                                                                                
NLS_DATE_FORMAT                DD-MON-RR                                                                                                                                                                
NLS_DATE_LANGUAGE              AMERICAN                                                                                                                                                                 
NLS_SORT                       BINARY                                                                                                                                                                   
NLS_TIME_FORMAT                HH.MI.SSXFF AM                                                                                                                                                           
NLS_TIMESTAMP_FORMAT           DD-MON-RR HH.MI.SSXFF AM                                                                                                                                                 
NLS_TIME_TZ_FORMAT             HH.MI.SSXFF AM TZR                                                                                                                                                       
NLS_TIMESTAMP_TZ_FORMAT        DD-MON-RR HH.MI.SSXFF AM TZR                                                                                                                                             
NLS_DUAL_CURRENCY              $                                                                                                                                                                        
NLS_COMP                       BINARY                                                                                                                                                                   
NLS_LENGTH_SEMANTICS           BYTE                                                                                                                                                                     
NLS_NCHAR_CONV_EXCP            FALSE                                                                                                                                                                    

17 rows selected.

SQL> REM LIST OF VALID NUMBER FORMAT CHARACTERS : 9 0 (5 AS LAST DIGIT)   . ,    G D   $ L U   EEEE or eeee    V
SQL> 
SQL> REM L : LOCAL CURRENCY : $ : NLS_CURRENCY
SQL> 
SQL> REM U : DUAL/EURO CURRENCY : $ : NLS_DUAL_CURRENCY
SQL> 
SQL> SELECT SALARY , TO_CHAR(SALARY,'L99999.00') FROM EMPLOYEES;

    SALARY TO_CHAR(SALARY,'L99                                                                                                                                                                          
---------- -------------------                                                                                                                                                                          
     24000           $24000.00                                                                                                                                                                          
     17000           $17000.00                                                                                                                                                                          
     17000           $17000.00                                                                                                                                                                          
      9000            $9000.00                                                                                                                                                                          
      6000            $6000.00                                                                                                                                                                          
      4200            $4200.00                                                                                                                                                                          
      5800            $5800.00                                                                                                                                                                          
      3500            $3500.00                                                                                                                                                                          
      3100            $3100.00                                                                                                                                                                          
      2600            $2600.00                                                                                                                                                                          
      2500            $2500.00                                                                                                                                                                          
     10500           $10500.00                                                                                                                                                                          
     11000           $11000.00                                                                                                                                                                          
      8600            $8600.00                                                                                                                                                                          
      7000            $7000.00                                                                                                                                                                          
      4400            $4400.00                                                                                                                                                                          
     13000           $13000.00                                                                                                                                                                          
      6000            $6000.00                                                                                                                                                                          
     12000           $12000.00                                                                                                                                                                          
      8300            $8300.00                                                                                                                                                                          

20 rows selected.

SQL> SELECT SALARY , TO_CHAR(SALARY,'99999.00L') FROM EMPLOYEES;

    SALARY TO_CHAR(SALARY,'999                                                                                                                                                                          
---------- -------------------                                                                                                                                                                          
     24000           24000.00$                                                                                                                                                                          
     17000           17000.00$                                                                                                                                                                          
     17000           17000.00$                                                                                                                                                                          
      9000            9000.00$                                                                                                                                                                          
      6000            6000.00$                                                                                                                                                                          
      4200            4200.00$                                                                                                                                                                          
      5800            5800.00$                                                                                                                                                                          
      3500            3500.00$                                                                                                                                                                          
      3100            3100.00$                                                                                                                                                                          
      2600            2600.00$                                                                                                                                                                          
      2500            2500.00$                                                                                                                                                                          
     10500           10500.00$                                                                                                                                                                          
     11000           11000.00$                                                                                                                                                                          
      8600            8600.00$                                                                                                                                                                          
      7000            7000.00$                                                                                                                                                                          
      4400            4400.00$                                                                                                                                                                          
     13000           13000.00$                                                                                                                                                                          
      6000            6000.00$                                                                                                                                                                          
     12000           12000.00$                                                                                                                                                                          
      8300            8300.00$                                                                                                                                                                          

20 rows selected.

SQL> SELECT SALARY , TO_CHAR(SALARY,'999L99.00') FROM EMPLOYEES;
SELECT SALARY , TO_CHAR(SALARY,'999L99.00') FROM EMPLOYEES
                               *
ERROR at line 1:
ORA-01481: invalid number format model 


SQL> SELECT SALARY , TO_CHAR(SALARY,'U99999.00') FROM EMPLOYEES;

    SALARY TO_CHAR(SALARY,'U99                                                                                                                                                                          
---------- -------------------                                                                                                                                                                          
     24000           $24000.00                                                                                                                                                                          
     17000           $17000.00                                                                                                                                                                          
     17000           $17000.00                                                                                                                                                                          
      9000            $9000.00                                                                                                                                                                          
      6000            $6000.00                                                                                                                                                                          
      4200            $4200.00                                                                                                                                                                          
      5800            $5800.00                                                                                                                                                                          
      3500            $3500.00                                                                                                                                                                          
      3100            $3100.00                                                                                                                                                                          
      2600            $2600.00                                                                                                                                                                          
      2500            $2500.00                                                                                                                                                                          
     10500           $10500.00                                                                                                                                                                          
     11000           $11000.00                                                                                                                                                                          
      8600            $8600.00                                                                                                                                                                          
      7000            $7000.00                                                                                                                                                                          
      4400            $4400.00                                                                                                                                                                          
     13000           $13000.00                                                                                                                                                                          
      6000            $6000.00                                                                                                                                                                          
     12000           $12000.00                                                                                                                                                                          
      8300            $8300.00                                                                                                                                                                          

20 rows selected.

SQL> SELECT SALARY , TO_CHAR(SALARY,'99999.00U') FROM EMPLOYEES;

    SALARY TO_CHAR(SALARY,'999                                                                                                                                                                          
---------- -------------------                                                                                                                                                                          
     24000           24000.00$                                                                                                                                                                          
     17000           17000.00$                                                                                                                                                                          
     17000           17000.00$                                                                                                                                                                          
      9000            9000.00$                                                                                                                                                                          
      6000            6000.00$                                                                                                                                                                          
      4200            4200.00$                                                                                                                                                                          
      5800            5800.00$                                                                                                                                                                          
      3500            3500.00$                                                                                                                                                                          
      3100            3100.00$                                                                                                                                                                          
      2600            2600.00$                                                                                                                                                                          
      2500            2500.00$                                                                                                                                                                          
     10500           10500.00$                                                                                                                                                                          
     11000           11000.00$                                                                                                                                                                          
      8600            8600.00$                                                                                                                                                                          
      7000            7000.00$                                                                                                                                                                          
      4400            4400.00$                                                                                                                                                                          
     13000           13000.00$                                                                                                                                                                          
      6000            6000.00$                                                                                                                                                                          
     12000           12000.00$                                                                                                                                                                          
      8300            8300.00$                                                                                                                                                                          

20 rows selected.

SQL> SELECT SALARY , TO_CHAR(SALARY,'99U999.00') FROM EMPLOYEES;
SELECT SALARY , TO_CHAR(SALARY,'99U999.00') FROM EMPLOYEES
                               *
ERROR at line 1:
ORA-01481: invalid number format model 


SQL> ALTER SESSION SET NLS_CURRENCY = 'Rs.';

Session altered.

SQL> ALTER SESSION SET NLS_DUAL_CURRENCY = ' CAD';

Session altered.

SQL> SELECT SALARY , TO_CHAR(SALARY,'L99999.00') FROM EMPLOYEES;

    SALARY TO_CHAR(SALARY,'L99                                                                                                                                                                          
---------- -------------------                                                                                                                                                                          
     24000         Rs.24000.00                                                                                                                                                                          
     17000         Rs.17000.00                                                                                                                                                                          
     17000         Rs.17000.00                                                                                                                                                                          
      9000          Rs.9000.00                                                                                                                                                                          
      6000          Rs.6000.00                                                                                                                                                                          
      4200          Rs.4200.00                                                                                                                                                                          
      5800          Rs.5800.00                                                                                                                                                                          
      3500          Rs.3500.00                                                                                                                                                                          
      3100          Rs.3100.00                                                                                                                                                                          
      2600          Rs.2600.00                                                                                                                                                                          
      2500          Rs.2500.00                                                                                                                                                                          
     10500         Rs.10500.00                                                                                                                                                                          
     11000         Rs.11000.00                                                                                                                                                                          
      8600          Rs.8600.00                                                                                                                                                                          
      7000          Rs.7000.00                                                                                                                                                                          
      4400          Rs.4400.00                                                                                                                                                                          
     13000         Rs.13000.00                                                                                                                                                                          
      6000          Rs.6000.00                                                                                                                                                                          
     12000         Rs.12000.00                                                                                                                                                                          
      8300          Rs.8300.00                                                                                                                                                                          

20 rows selected.

SQL> SELECT SALARY , TO_CHAR(SALARY,'99999.00U') FROM EMPLOYEES;

    SALARY TO_CHAR(SALARY,'999                                                                                                                                                                          
---------- -------------------                                                                                                                                                                          
     24000        24000.00 CAD                                                                                                                                                                          
     17000        17000.00 CAD                                                                                                                                                                          
     17000        17000.00 CAD                                                                                                                                                                          
      9000         9000.00 CAD                                                                                                                                                                          
      6000         6000.00 CAD                                                                                                                                                                          
      4200         4200.00 CAD                                                                                                                                                                          
      5800         5800.00 CAD                                                                                                                                                                          
      3500         3500.00 CAD                                                                                                                                                                          
      3100         3100.00 CAD                                                                                                                                                                          
      2600         2600.00 CAD                                                                                                                                                                          
      2500         2500.00 CAD                                                                                                                                                                          
     10500        10500.00 CAD                                                                                                                                                                          
     11000        11000.00 CAD                                                                                                                                                                          
      8600         8600.00 CAD                                                                                                                                                                          
      7000         7000.00 CAD                                                                                                                                                                          
      4400         4400.00 CAD                                                                                                                                                                          
     13000        13000.00 CAD                                                                                                                                                                          
      6000         6000.00 CAD                                                                                                                                                                          
     12000        12000.00 CAD                                                                                                                                                                          
      8300         8300.00 CAD                                                                                                                                                                          

20 rows selected.

SQL> SELECT SALARY , TO_CHAR(SALARY,'U99999.00') FROM EMPLOYEES;

    SALARY TO_CHAR(SALARY,'U99                                                                                                                                                                          
---------- -------------------                                                                                                                                                                          
     24000         CAD24000.00                                                                                                                                                                          
     17000         CAD17000.00                                                                                                                                                                          
     17000         CAD17000.00                                                                                                                                                                          
      9000          CAD9000.00                                                                                                                                                                          
      6000          CAD6000.00                                                                                                                                                                          
      4200          CAD4200.00                                                                                                                                                                          
      5800          CAD5800.00                                                                                                                                                                          
      3500          CAD3500.00                                                                                                                                                                          
      3100          CAD3100.00                                                                                                                                                                          
      2600          CAD2600.00                                                                                                                                                                          
      2500          CAD2500.00                                                                                                                                                                          
     10500         CAD10500.00                                                                                                                                                                          
     11000         CAD11000.00                                                                                                                                                                          
      8600          CAD8600.00                                                                                                                                                                          
      7000          CAD7000.00                                                                                                                                                                          
      4400          CAD4400.00                                                                                                                                                                          
     13000         CAD13000.00                                                                                                                                                                          
      6000          CAD6000.00                                                                                                                                                                          
     12000         CAD12000.00                                                                                                                                                                          
      8300          CAD8300.00                                                                                                                                                                          

20 rows selected.

SQL> SELECT SALARY , TO_CHAR(SALARY,'99999.00L') FROM EMPLOYEES;

    SALARY TO_CHAR(SALARY,'999                                                                                                                                                                          
---------- -------------------                                                                                                                                                                          
     24000         24000.00Rs.                                                                                                                                                                          
     17000         17000.00Rs.                                                                                                                                                                          
     17000         17000.00Rs.                                                                                                                                                                          
      9000          9000.00Rs.                                                                                                                                                                          
      6000          6000.00Rs.                                                                                                                                                                          
      4200          4200.00Rs.                                                                                                                                                                          
      5800          5800.00Rs.                                                                                                                                                                          
      3500          3500.00Rs.                                                                                                                                                                          
      3100          3100.00Rs.                                                                                                                                                                          
      2600          2600.00Rs.                                                                                                                                                                          
      2500          2500.00Rs.                                                                                                                                                                          
     10500         10500.00Rs.                                                                                                                                                                          
     11000         11000.00Rs.                                                                                                                                                                          
      8600          8600.00Rs.                                                                                                                                                                          
      7000          7000.00Rs.                                                                                                                                                                          
      4400          4400.00Rs.                                                                                                                                                                          
     13000         13000.00Rs.                                                                                                                                                                          
      6000          6000.00Rs.                                                                                                                                                                          
     12000         12000.00Rs.                                                                                                                                                                          
      8300          8300.00Rs.                                                                                                                                                                          

20 rows selected.

SQL> SELECT * FROM NLS_SESSION_PARAMETERS;

PARAMETER                      VALUE                                                                                                                                                                    
------------------------------ ------------------------------                                                                                                                                           
NLS_LANGUAGE                   AMERICAN                                                                                                                                                                 
NLS_TERRITORY                  AMERICA                                                                                                                                                                  
NLS_CURRENCY                   Rs.                                                                                                                                                                      
NLS_ISO_CURRENCY               AMERICA                                                                                                                                                                  
NLS_NUMERIC_CHARACTERS         .,                                                                                                                                                                       
NLS_CALENDAR                   GREGORIAN                                                                                                                                                                
NLS_DATE_FORMAT                DD-MON-RR                                                                                                                                                                
NLS_DATE_LANGUAGE              AMERICAN                                                                                                                                                                 
NLS_SORT                       BINARY                                                                                                                                                                   
NLS_TIME_FORMAT                HH.MI.SSXFF AM                                                                                                                                                           
NLS_TIMESTAMP_FORMAT           DD-MON-RR HH.MI.SSXFF AM                                                                                                                                                 
NLS_TIME_TZ_FORMAT             HH.MI.SSXFF AM TZR                                                                                                                                                       
NLS_TIMESTAMP_TZ_FORMAT        DD-MON-RR HH.MI.SSXFF AM TZR                                                                                                                                             
NLS_DUAL_CURRENCY               CAD                                                                                                                                                                     
NLS_COMP                       BINARY                                                                                                                                                                   
NLS_LENGTH_SEMANTICS           BYTE                                                                                                                                                                     
NLS_NCHAR_CONV_EXCP            FALSE                                                                                                                                                                    

17 rows selected.

SQL> SELECT SALARY , TO_CHAR(SALARY,'99,999.00L') FROM EMPLOYEES;

    SALARY TO_CHAR(SALARY,'99,9                                                                                                                                                                         
---------- --------------------                                                                                                                                                                         
     24000         24,000.00Rs.                                                                                                                                                                         
     17000         17,000.00Rs.                                                                                                                                                                         
     17000         17,000.00Rs.                                                                                                                                                                         
      9000          9,000.00Rs.                                                                                                                                                                         
      6000          6,000.00Rs.                                                                                                                                                                         
      4200          4,200.00Rs.                                                                                                                                                                         
      5800          5,800.00Rs.                                                                                                                                                                         
      3500          3,500.00Rs.                                                                                                                                                                         
      3100          3,100.00Rs.                                                                                                                                                                         
      2600          2,600.00Rs.                                                                                                                                                                         
      2500          2,500.00Rs.                                                                                                                                                                         
     10500         10,500.00Rs.                                                                                                                                                                         
     11000         11,000.00Rs.                                                                                                                                                                         
      8600          8,600.00Rs.                                                                                                                                                                         
      7000          7,000.00Rs.                                                                                                                                                                         
      4400          4,400.00Rs.                                                                                                                                                                         
     13000         13,000.00Rs.                                                                                                                                                                         
      6000          6,000.00Rs.                                                                                                                                                                         
     12000         12,000.00Rs.                                                                                                                                                                         
      8300          8,300.00Rs.                                                                                                                                                                         

20 rows selected.

SQL> REM G = GROUP SEPARATOR : NLS_NUMERIC_CHARACTERS
SQL> 
SQL> REM D = DECIMAL SEPARATOR : NLS_NUMERIC_CHARACTERS
SQL> 
SQL> REM D = DECIMAL SEPARATOR :. :  NLS_NUMERIC_CHARACTERS
SQL> 
SQL> REM G = GROUP SEPARATOR : , : NLS_NUMERIC_CHARACTERS
SQL> 
SQL> 
SQL> SELECT SALARY , TO_CHAR(SALARY,'99G999D00L') FROM EMPLOYEES;

    SALARY TO_CHAR(SALARY,'99G9                                                                                                                                                                         
---------- --------------------                                                                                                                                                                         
     24000         24,000.00Rs.                                                                                                                                                                         
     17000         17,000.00Rs.                                                                                                                                                                         
     17000         17,000.00Rs.                                                                                                                                                                         
      9000          9,000.00Rs.                                                                                                                                                                         
      6000          6,000.00Rs.                                                                                                                                                                         
      4200          4,200.00Rs.                                                                                                                                                                         
      5800          5,800.00Rs.                                                                                                                                                                         
      3500          3,500.00Rs.                                                                                                                                                                         
      3100          3,100.00Rs.                                                                                                                                                                         
      2600          2,600.00Rs.                                                                                                                                                                         
      2500          2,500.00Rs.                                                                                                                                                                         
     10500         10,500.00Rs.                                                                                                                                                                         
     11000         11,000.00Rs.                                                                                                                                                                         
      8600          8,600.00Rs.                                                                                                                                                                         
      7000          7,000.00Rs.                                                                                                                                                                         
      4400          4,400.00Rs.                                                                                                                                                                         
     13000         13,000.00Rs.                                                                                                                                                                         
      6000          6,000.00Rs.                                                                                                                                                                         
     12000         12,000.00Rs.                                                                                                                                                                         
      8300          8,300.00Rs.                                                                                                                                                                         

20 rows selected.

SQL> ALTER SESSION SET NLS_NUMERIC_CHARACTERS = '|~';

Session altered.

SQL> SELECT SALARY , TO_CHAR(SALARY,'99,999.00L') FROM EMPLOYEES;

    SALARY TO_CHAR(SALARY,'99,9                                                                                                                                                                         
---------- --------------------                                                                                                                                                                         
     24000         24,000.00Rs.                                                                                                                                                                         
     17000         17,000.00Rs.                                                                                                                                                                         
     17000         17,000.00Rs.                                                                                                                                                                         
      9000          9,000.00Rs.                                                                                                                                                                         
      6000          6,000.00Rs.                                                                                                                                                                         
      4200          4,200.00Rs.                                                                                                                                                                         
      5800          5,800.00Rs.                                                                                                                                                                         
      3500          3,500.00Rs.                                                                                                                                                                         
      3100          3,100.00Rs.                                                                                                                                                                         
      2600          2,600.00Rs.                                                                                                                                                                         
      2500          2,500.00Rs.                                                                                                                                                                         
     10500         10,500.00Rs.                                                                                                                                                                         
     11000         11,000.00Rs.                                                                                                                                                                         
      8600          8,600.00Rs.                                                                                                                                                                         
      7000          7,000.00Rs.                                                                                                                                                                         
      4400          4,400.00Rs.                                                                                                                                                                         
     13000         13,000.00Rs.                                                                                                                                                                         
      6000          6,000.00Rs.                                                                                                                                                                         
     12000         12,000.00Rs.                                                                                                                                                                         
      8300          8,300.00Rs.                                                                                                                                                                         

20 rows selected.

SQL> SELECT SALARY , TO_CHAR(SALARY,'99G999D00L') FROM EMPLOYEES;

    SALARY TO_CHAR(SALARY,'99G9                                                                                                                                                                         
---------- --------------------                                                                                                                                                                         
     24000         24~000|00Rs.                                                                                                                                                                         
     17000         17~000|00Rs.                                                                                                                                                                         
     17000         17~000|00Rs.                                                                                                                                                                         
      9000          9~000|00Rs.                                                                                                                                                                         
      6000          6~000|00Rs.                                                                                                                                                                         
      4200          4~200|00Rs.                                                                                                                                                                         
      5800          5~800|00Rs.                                                                                                                                                                         
      3500          3~500|00Rs.                                                                                                                                                                         
      3100          3~100|00Rs.                                                                                                                                                                         
      2600          2~600|00Rs.                                                                                                                                                                         
      2500          2~500|00Rs.                                                                                                                                                                         
     10500         10~500|00Rs.                                                                                                                                                                         
     11000         11~000|00Rs.                                                                                                                                                                         
      8600          8~600|00Rs.                                                                                                                                                                         
      7000          7~000|00Rs.                                                                                                                                                                         
      4400          4~400|00Rs.                                                                                                                                                                         
     13000         13~000|00Rs.                                                                                                                                                                         
      6000          6~000|00Rs.                                                                                                                                                                         
     12000         12~000|00Rs.                                                                                                                                                                         
      8300          8~300|00Rs.                                                                                                                                                                         

20 rows selected.

SQL> REM LIST OF VALID NUMBER FORMAT CHARACTERS : 9 0 (5 AS LAST DIGIT)   . ,    G D   $ L U   EEEE or eeee    V
SQL> 
SQL> REM LIST OF VALID NUMBER FORMAT CHARACTERS : 9 0 (5 AS LAST DIGIT)   . ,    G D   $ L U   S MI PR  EEEE or eeee    V
SQL> 
SQL> 
SQL> SELECT * FROM POSNEGNO;

        NO                                                                                                                                                                                              
----------                                                                                                                                                                                              
        12                                                                                                                                                                                              
                                                                                                                                                                                                        
         0                                                                                                                                                                                              
       -12                                                                                                                                                                                              

SQL> CONN SCOTT/TIGER
Connected.
SQL> SELECT * FROM NLS_SESSION_PARAMETERS;

PARAMETER                      VALUE                                                                                                                                                                    
------------------------------ ------------------------------                                                                                                                                           
NLS_LANGUAGE                   AMERICAN                                                                                                                                                                 
NLS_TERRITORY                  AMERICA                                                                                                                                                                  
NLS_CURRENCY                   $                                                                                                                                                                        
NLS_ISO_CURRENCY               AMERICA                                                                                                                                                                  
NLS_NUMERIC_CHARACTERS         .,                                                                                                                                                                       
NLS_CALENDAR                   GREGORIAN                                                                                                                                                                
NLS_DATE_FORMAT                DD-MON-RR                                                                                                                                                                
NLS_DATE_LANGUAGE              AMERICAN                                                                                                                                                                 
NLS_SORT                       BINARY                                                                                                                                                                   
NLS_TIME_FORMAT                HH.MI.SSXFF AM                                                                                                                                                           
NLS_TIMESTAMP_FORMAT           DD-MON-RR HH.MI.SSXFF AM                                                                                                                                                 
NLS_TIME_TZ_FORMAT             HH.MI.SSXFF AM TZR                                                                                                                                                       
NLS_TIMESTAMP_TZ_FORMAT        DD-MON-RR HH.MI.SSXFF AM TZR                                                                                                                                             
NLS_DUAL_CURRENCY              $                                                                                                                                                                        
NLS_COMP                       BINARY                                                                                                                                                                   
NLS_LENGTH_SEMANTICS           BYTE                                                                                                                                                                     
NLS_NCHAR_CONV_EXCP            FALSE                                                                                                                                                                    

17 rows selected.

SQL> SELECT * FROM POSNEGNO;

        NO                                                                                                                                                                                              
----------                                                                                                                                                                                              
        12                                                                                                                                                                                              
                                                                                                                                                                                                        
         0                                                                                                                                                                                              
       -12                                                                                                                                                                                              

SQL> SELECT NO , TO_CHAR(NO,'S99.99') FROM POSNEGNO;

        NO TO_CHA                                                                                                                                                                                       
---------- ------                                                                                                                                                                                       
        12 +12.00                                                                                                                                                                                       
                                                                                                                                                                                                        
         0   +.00                                                                                                                                                                                       
       -12 -12.00                                                                                                                                                                                       

SQL> SELECT NO , TO_CHAR(NO,'99.99S') FROM POSNEGNO;

        NO TO_CHA                                                                                                                                                                                       
---------- ------                                                                                                                                                                                       
        12 12.00+                                                                                                                                                                                       
                                                                                                                                                                                                        
         0   .00+                                                                                                                                                                                       
       -12 12.00-                                                                                                                                                                                       

SQL> SELECT NO , TO_CHAR(NO,'S99.99S') FROM POSNEGNO;
SELECT NO , TO_CHAR(NO,'S99.99S') FROM POSNEGNO
                       *
ERROR at line 1:
ORA-01481: invalid number format model 


SQL> SELECT NO , TO_CHAR(NO,'99.S99') FROM POSNEGNO;
SELECT NO , TO_CHAR(NO,'99.S99') FROM POSNEGNO
                       *
ERROR at line 1:
ORA-01481: invalid number format model 


SQL> SELECT NO , TO_CHAR(NO,'99.99MI') FROM POSNEGNO;

        NO TO_CHA                                                                                                                                                                                       
---------- ------                                                                                                                                                                                       
        12 12.00                                                                                                                                                                                        
                                                                                                                                                                                                        
         0   .00                                                                                                                                                                                        
       -12 12.00-                                                                                                                                                                                       

SQL> SELECT NO , TO_CHAR(NO,'MI99.99') FROM POSNEGNO;
SELECT NO , TO_CHAR(NO,'MI99.99') FROM POSNEGNO
                       *
ERROR at line 1:
ORA-01481: invalid number format model 


SQL> SELECT NO , TO_CHAR(NO,'99.99PR') FROM POSNEGNO;

        NO TO_CHAR                                                                                                                                                                                      
---------- -------                                                                                                                                                                                      
        12  12.00                                                                                                                                                                                       
                                                                                                                                                                                                        
         0    .00                                                                                                                                                                                       
       -12 <12.00>                                                                                                                                                                                      

SQL> REM PR = PARENTHESIS
SQL> 
SQL> SELECT NO , TO_CHAR(NO,'PR99.99') FROM POSNEGNO;
SELECT NO , TO_CHAR(NO,'PR99.99') FROM POSNEGNO
                       *
ERROR at line 1:
ORA-01481: invalid number format model 


SQL> SELECT NO , TRANSLATE(TO_CHAR(NO,'PR99.99'),'<>','[]') FROM POSNEGNO;
SELECT NO , TRANSLATE(TO_CHAR(NO,'PR99.99'),'<>','[]') FROM POSNEGNO
                                 *
ERROR at line 1:
ORA-01481: invalid number format model 


SQL> SELECT NO , TRANSLATE(TO_CHAR(NO,'99.99PR'),'<>','[]') FROM POSNEGNO;

        NO TRANSLATE(TO_CHAR(NO,'99.99P                                                                                                                                                                 
---------- ----------------------------                                                                                                                                                                 
        12  12.00                                                                                                                                                                                       
                                                                                                                                                                                                        
         0    .00                                                                                                                                                                                       
       -12 [12.00]                                                                                                                                                                                      

SQL> REM LIST OF VALID NUMBER FORMAT CHARACTERS : 9 0 (5 AS LAST DIGIT)   . ,    G D   $ L U   S MI PR  EEEE or eeee    V
SQL> 
SQL> REM eeee IS USED TO DISPLAY VALUES IN SCIENTIFIC NOTATION/EXPONENT FORMAT
SQL> 
SQL> REM EEEE IS GENERALLY USED TO DISPLAY VERY BIG AS WELL AS VERY SMALL VALUE IN SIMILAR FORMAT
SQL> 
SQL> SELECT TO_CHAR(240000000,'99.99EEEE') FROM DUAL;

TO_CHAR(24                                                                                                                                                                                              
----------                                                                                                                                                                                              
  2.40E+08                                                                                                                                                                                              

SQL> SELECT TO_CHAR(0.00000000456,'99.99EEEE') FROM DUAL;

TO_CHAR(0.                                                                                                                                                                                              
----------                                                                                                                                                                                              
  4.56E-09                                                                                                                                                                                              

SQL> SELECT SALARY , TO_CHAR(SALARY,'99.99EEEE') FROM EMPLOYEES;

    SALARY TO_CHAR(SA                                                                                                                                                                                   
---------- ----------                                                                                                                                                                                   
     24000   2.40E+04                                                                                                                                                                                   
     17000   1.70E+04                                                                                                                                                                                   
     17000   1.70E+04                                                                                                                                                                                   
      9000   9.00E+03                                                                                                                                                                                   
      6000   6.00E+03                                                                                                                                                                                   
      4200   4.20E+03                                                                                                                                                                                   
      5800   5.80E+03                                                                                                                                                                                   
      3500   3.50E+03                                                                                                                                                                                   
      3100   3.10E+03                                                                                                                                                                                   
      2600   2.60E+03                                                                                                                                                                                   
      2500   2.50E+03                                                                                                                                                                                   
     10500   1.05E+04                                                                                                                                                                                   
     11000   1.10E+04                                                                                                                                                                                   
      8600   8.60E+03                                                                                                                                                                                   
      7000   7.00E+03                                                                                                                                                                                   
      4400   4.40E+03                                                                                                                                                                                   
     13000   1.30E+04                                                                                                                                                                                   
      6000   6.00E+03                                                                                                                                                                                   
     12000   1.20E+04                                                                                                                                                                                   
      8300   8.30E+03                                                                                                                                                                                   

20 rows selected.

SQL> REM 2.40E+04 = 2.4 * POWER(10,4)
SQL> 
SQL> SELECT 2.4 * POWER(10,4) FROM DUAL;

2.4*POWER(10,4)                                                                                                                                                                                         
---------------                                                                                                                                                                                         
          24000                                                                                                                                                                                         

SQL> SELECT SALARY , TO_CHAR(SALARY,'99.99EEE') FROM EMPLOYEES;
SELECT SALARY , TO_CHAR(SALARY,'99.99EEE') FROM EMPLOYEES
                               *
ERROR at line 1:
ORA-01481: invalid number format model 


SQL> SELECT SALARY , TO_CHAR(SALARY,'99.99EEEEE') FROM EMPLOYEES;
SELECT SALARY , TO_CHAR(SALARY,'99.99EEEEE') FROM EMPLOYEES
                               *
ERROR at line 1:
ORA-01481: invalid number format model 


SQL> SELECT SALARY , TO_CHAR(SALARY,'99.99eeee') FROM EMPLOYEES;

    SALARY TO_CHAR(SA                                                                                                                                                                                   
---------- ----------                                                                                                                                                                                   
     24000   2.40E+04                                                                                                                                                                                   
     17000   1.70E+04                                                                                                                                                                                   
     17000   1.70E+04                                                                                                                                                                                   
      9000   9.00E+03                                                                                                                                                                                   
      6000   6.00E+03                                                                                                                                                                                   
      4200   4.20E+03                                                                                                                                                                                   
      5800   5.80E+03                                                                                                                                                                                   
      3500   3.50E+03                                                                                                                                                                                   
      3100   3.10E+03                                                                                                                                                                                   
      2600   2.60E+03                                                                                                                                                                                   
      2500   2.50E+03                                                                                                                                                                                   
     10500   1.05E+04                                                                                                                                                                                   
     11000   1.10E+04                                                                                                                                                                                   
      8600   8.60E+03                                                                                                                                                                                   
      7000   7.00E+03                                                                                                                                                                                   
      4400   4.40E+03                                                                                                                                                                                   
     13000   1.30E+04                                                                                                                                                                                   
      6000   6.00E+03                                                                                                                                                                                   
     12000   1.20E+04                                                                                                                                                                                   
      8300   8.30E+03                                                                                                                                                                                   

20 rows selected.

SQL> SELECT SALARY , TO_CHAR(SALARY,'99.99Eeee') FROM EMPLOYEES;
SELECT SALARY , TO_CHAR(SALARY,'99.99Eeee') FROM EMPLOYEES
                               *
ERROR at line 1:
ORA-01481: invalid number format model 


SQL> SELECT 345 , TO_CHAR(345,'999V0000000') FROM DUAL;

       345 TO_CHAR(345                                                                                                                                                                                  
---------- -----------                                                                                                                                                                                  
       345  3450000000                                                                                                                                                                                  

SQL> SELECT 345 , TO_CHAR(345,'999V00000') FROM DUAL;

       345 TO_CHAR(3                                                                                                                                                                                    
---------- ---------                                                                                                                                                                                    
       345  34500000                                                                                                                                                                                    

SQL> SELECT 345 , TO_CHAR(345,'999V000') FROM DUAL;

       345 TO_CHAR                                                                                                                                                                                      
---------- -------                                                                                                                                                                                      
       345  345000                                                                                                                                                                                      

SQL> SELECT 345 , TO_CHAR(345,'999V999') FROM DUAL;

       345 TO_CHAR                                                                                                                                                                                      
---------- -------                                                                                                                                                                                      
       345  345000                                                                                                                                                                                      

SQL> SELECT 345 , TO_CHAR(345,'000V999') FROM DUAL;

       345 TO_CHAR                                                                                                                                                                                      
---------- -------                                                                                                                                                                                      
       345  345000                                                                                                                                                                                      

SQL> SELECT 345 , TO_CHAR(345,'090V909') FROM DUAL;

       345 TO_CHAR                                                                                                                                                                                      
---------- -------                                                                                                                                                                                      
       345  345000                                                                                                                                                                                      

SQL> SELECT 345 , TO_CHAR(345,'090V905') FROM DUAL;

       345 TO_CHAR                                                                                                                                                                                      
---------- -------                                                                                                                                                                                      
       345  345000                                                                                                                                                                                      

SQL> SELECT 345 , TO_CHAR(345,'095V905') FROM DUAL;
SELECT 345 , TO_CHAR(345,'095V905') FROM DUAL
                         *
ERROR at line 1:
ORA-01481: invalid number format model 


SQL> SPOOL OFF
