SQL> 
SQL> CL SCR

SQL> REM GENERAL FUNCTIONS : NVL NVL2 NULLIF COEALESCE DECODE  CASE (2 SYNTAXES
SQL> 
SQL> 
SQL> SELECT FIRST_NAME , COMMISSION_PCT , NVL(COMMISSION_PCT,.25) FROM EMPLOYEES;

FIRST_NAME COMMISSION_PCT NVL(COMMISSION_PCT,.25)                               
---------- -------------- -----------------------                               
Steven                                        .25                               
Neena                                         .25                               
Lex                                           .25                               
Alexander                                     .25                               
Bruce                                         .25                               
Diana                                         .25                               
Kevin                                         .25                               
Trenna                                        .25                               
Curtis                                        .25                               
Randall                                       .25                               
Peter                                         .25                               

FIRST_NAME COMMISSION_PCT NVL(COMMISSION_PCT,.25)                               
---------- -------------- -----------------------                               
Eleni                  .2                      .2                               
Ellen                  .3                      .3                               
Jonathon               .3                      .3                               
Kimerely              .15                     .15                               
Jennifer                                      .25                               
Michael                                       .25                               
Pat                                           .25                               
Shelley                                       .25                               
William                                       .25                               

20 rows selected.

SQL> SET LINES 200 PAGES 24
SQL> 
SQL> R
  1* SELECT FIRST_NAME , COMMISSION_PCT , NVL(COMMISSION_PCT,.25) FROM EMPLOYEES

FIRST_NAME COMMISSION_PCT NVL(COMMISSION_PCT,.25)                                                                                                                                                       
---------- -------------- -----------------------                                                                                                                                                       
Steven                                        .25                                                                                                                                                       
Neena                                         .25                                                                                                                                                       
Lex                                           .25                                                                                                                                                       
Alexander                                     .25                                                                                                                                                       
Bruce                                         .25                                                                                                                                                       
Diana                                         .25                                                                                                                                                       
Kevin                                         .25                                                                                                                                                       
Trenna                                        .25                                                                                                                                                       
Curtis                                        .25                                                                                                                                                       
Randall                                       .25                                                                                                                                                       
Peter                                         .25                                                                                                                                                       
Eleni                  .2                      .2                                                                                                                                                       
Ellen                  .3                      .3                                                                                                                                                       
Jonathon               .3                      .3                                                                                                                                                       
Kimerely              .15                     .15                                                                                                                                                       
Jennifer                                      .25                                                                                                                                                       
Michael                                       .25                                                                                                                                                       
Pat                                           .25                                                                                                                                                       
Shelley                                       .25                                                                                                                                                       
William                                       .25                                                                                                                                                       

20 rows selected.

SQL> SELECT FIRST_NAME , COMMISSION_PCT , NVL2(COMMISSION_PCT,.50,.25) FROM EMPLOYEES;

FIRST_NAME COMMISSION_PCT NVL2(COMMISSION_PCT,.50,.25)                                                                                                                                                  
---------- -------------- ----------------------------                                                                                                                                                  
Steven                                             .25                                                                                                                                                  
Neena                                              .25                                                                                                                                                  
Lex                                                .25                                                                                                                                                  
Alexander                                          .25                                                                                                                                                  
Bruce                                              .25                                                                                                                                                  
Diana                                              .25                                                                                                                                                  
Kevin                                              .25                                                                                                                                                  
Trenna                                             .25                                                                                                                                                  
Curtis                                             .25                                                                                                                                                  
Randall                                            .25                                                                                                                                                  
Peter                                              .25                                                                                                                                                  
Eleni                  .2                           .5                                                                                                                                                  
Ellen                  .3                           .5                                                                                                                                                  
Jonathon               .3                           .5                                                                                                                                                  
Kimerely              .15                           .5                                                                                                                                                  
Jennifer                                           .25                                                                                                                                                  
Michael                                            .25                                                                                                                                                  
Pat                                                .25                                                                                                                                                  
Shelley                                            .25                                                                                                                                                  
William                                            .25                                                                                                                                                  

20 rows selected.

SQL> SELECT FIRST_NAME , LAST_NAME , SUBSTR(FIRST_NAME,2,1) , SUBSTR(LAST_NAME,2,1) ,
  2  NULLIF(SUBSTR(FIRST_NAME,2,1) , SUBSTR(LAST_NAME,2,1)) FROM EMPLOYEES;

FIRST_NAME LAST_NAME  SUBS SUBS NULL                                                                                                                                                                    
---------- ---------- ---- ---- ----                                                                                                                                                                    
Steven     King       t    i    t                                                                                                                                                                       
Neena      Kochhar    e    o    e                                                                                                                                                                       
Lex        De Haan    e    e                                                                                                                                                                            
Alexander  Hunold     l    u    l                                                                                                                                                                       
Bruce      Ernst      r    r                                                                                                                                                                            
Diana      Lorentz    i    o    i                                                                                                                                                                       
Kevin      Mourgos    e    o    e                                                                                                                                                                       
Trenna     Rajs       r    a    r                                                                                                                                                                       
Curtis     Davies     u    a    u                                                                                                                                                                       
Randall    Matos      a    a                                                                                                                                                                            
Peter      Vargas     e    a    e                                                                                                                                                                       
Eleni      Zlotkey    l    l                                                                                                                                                                            
Ellen      Abel       l    b    l                                                                                                                                                                       
Jonathon   Taylor     o    a    o                                                                                                                                                                       
Kimerely   Grant      i    r    i                                                                                                                                                                       
Jennifer   Whalen     e    h    e                                                                                                                                                                       
Michael    Hartstein  i    a    i                                                                                                                                                                       
Pat        Fay        a    a                                                                                                                                                                            
Shelley    Higgins    h    i    h                                                                                                                                                                       
William    Gietz      i    i                                                                                                                                                                            

20 rows selected.

SQL> SELECT * FROM CONTACTNO;

NAME                     MOBILE     OPHONE     RPHONE                                                                                                                                                   
-------------------- ---------- ---------- ----------                                                                                                                                                   
AMIT                 1234567890 9876543210 1122334455                                                                                                                                                   
BIREN                6644882244            9876452316                                                                                                                                                   
CHETAN                          2277554488                                                                                                                                                              
DHIREN                                     6789054123                                                                                                                                                   
EKTA                                                                                                                                                                                                    

SQL> SELECT NAME , COALESCE(MOBILE,OPHONE,RPHONE) FROM CONTACTNO;

NAME                 COALESCE(MOBILE,OPHONE,RPHONE)                                                                                                                                                     
-------------------- ------------------------------                                                                                                                                                     
AMIT                                     1234567890                                                                                                                                                     
BIREN                                    6644882244                                                                                                                                                     
CHETAN                                   2277554488                                                                                                                                                     
DHIREN                                   6789054123                                                                                                                                                     
EKTA                                                                                                                                                                                                    

SQL> SELECT NAME , COALESCE(MOBILE,OPHONE,RPHONE,1800600300) FROM CONTACTNO;

NAME                 COALESCE(MOBILE,OPHONE,RPHONE,1800600300)                                                                                                                                          
-------------------- -----------------------------------------                                                                                                                                          
AMIT                                                1234567890                                                                                                                                          
BIREN                                               6644882244                                                                                                                                          
CHETAN                                              2277554488                                                                                                                                          
DHIREN                                              6789054123                                                                                                                                          
EKTA                                                1800600300                                                                                                                                          

SQL> SELECT NAME , COALESCE(MOBILE,OPHONE,RPHONE,1800600300) CONTACTNO FROM CONTACTNO;

NAME                  CONTACTNO                                                                                                                                                                         
-------------------- ----------                                                                                                                                                                         
AMIT                 1234567890                                                                                                                                                                         
BIREN                6644882244                                                                                                                                                                         
CHETAN               2277554488                                                                                                                                                                         
DHIREN               6789054123                                                                                                                                                                         
EKTA                 1800600300                                                                                                                                                                         

SQL> REM DECODE AND CASE ARE CONDITIONAL FUNCTIONS LIKE IF STATEMENT OF ANY PROGRAMMING LANGUAGE
SQL> 
SQL> REM 1500 INCREMENT
SQL> 
SQL> SELECT FIRST_NAME , SALARY , SALARY + 1500 INCR_SALARY FROM EMPLOYEES;

FIRST_NAME     SALARY INCR_SALARY                                                                                                                                                                       
---------- ---------- -----------                                                                                                                                                                       
Steven          24000       25500                                                                                                                                                                       
Neena           17000       18500                                                                                                                                                                       
Lex             17000       18500                                                                                                                                                                       
Alexander        9000       10500                                                                                                                                                                       
Bruce            6000        7500                                                                                                                                                                       
Diana            4200        5700                                                                                                                                                                       
Kevin            5800        7300                                                                                                                                                                       
Trenna           3500        5000                                                                                                                                                                       
Curtis           3100        4600                                                                                                                                                                       
Randall          2600        4100                                                                                                                                                                       
Peter            2500        4000                                                                                                                                                                       
Eleni           10500       12000                                                                                                                                                                       
Ellen           11000       12500                                                                                                                                                                       
Jonathon         8600       10100                                                                                                                                                                       
Kimerely         7000        8500                                                                                                                                                                       
Jennifer         4400        5900                                                                                                                                                                       
Michael         13000       14500                                                                                                                                                                       
Pat              6000        7500                                                                                                                                                                       
Shelley         12000       13500                                                                                                                                                                       
William          8300        9800                                                                                                                                                                       

20 rows selected.

SQL> REM DEPARTMENT_ID : 20 +500 , 50 +1000 , 60 +1500 , REMAINING +750
SQL> 
SQL> SELECT FIRST_NAME , DEPARTMENT_ID , SALARY ,
  2  DECODE(DEPARTMENT_ID , 20 , SALARY + 500
  3                       , 50 , SALARY + 1000
  4                       , 60 , SALARY + 1500 , SALARY + 750) NEW_SALARY
  5  FROM EMPLOYEES;

FIRST_NAME DEPARTMENT_ID     SALARY NEW_SALARY                                                                                                                                                          
---------- ------------- ---------- ----------                                                                                                                                                          
Steven                90      24000      24750                                                                                                                                                          
Neena                 90      17000      17750                                                                                                                                                          
Lex                   90      17000      17750                                                                                                                                                          
Alexander             60       9000      10500                                                                                                                                                          
Bruce                 60       6000       7500                                                                                                                                                          
Diana                 60       4200       5700                                                                                                                                                          
Kevin                 50       5800       6800                                                                                                                                                          
Trenna                50       3500       4500                                                                                                                                                          
Curtis                50       3100       4100                                                                                                                                                          
Randall               50       2600       3600                                                                                                                                                          
Peter                 50       2500       3500                                                                                                                                                          
Eleni                 80      10500      11250                                                                                                                                                          
Ellen                 80      11000      11750                                                                                                                                                          
Jonathon              80       8600       9350                                                                                                                                                          
Kimerely                       7000       7750                                                                                                                                                          
Jennifer              10       4400       5150                                                                                                                                                          
Michael               20      13000      13500                                                                                                                                                          
Pat                   20       6000       6500                                                                                                                                                          
Shelley              110      12000      12750                                                                                                                                                          
William              110       8300       9050                                                                                                                                                          

20 rows selected.

SQL> REM CASE FUNCTION
SQL> 
SQL> SELECT FIRST_NAME , DEPARTMENT_ID , SALARY ,
  2  CASE DEPARTMENT_ID WHEN 20 THEN SALARY + 500
  3                     WHEN 50 THEN SALARY + 1000
  4                     WHEN 60 THEN SALARY + 1500 ELSE SALARY + 750 END NEW_SALARY
  5  FROM EMPLOYEES;

FIRST_NAME DEPARTMENT_ID     SALARY NEW_SALARY                                                                                                                                                          
---------- ------------- ---------- ----------                                                                                                                                                          
Steven                90      24000      24750                                                                                                                                                          
Neena                 90      17000      17750                                                                                                                                                          
Lex                   90      17000      17750                                                                                                                                                          
Alexander             60       9000      10500                                                                                                                                                          
Bruce                 60       6000       7500                                                                                                                                                          
Diana                 60       4200       5700                                                                                                                                                          
Kevin                 50       5800       6800                                                                                                                                                          
Trenna                50       3500       4500                                                                                                                                                          
Curtis                50       3100       4100                                                                                                                                                          
Randall               50       2600       3600                                                                                                                                                          
Peter                 50       2500       3500                                                                                                                                                          
Eleni                 80      10500      11250                                                                                                                                                          
Ellen                 80      11000      11750                                                                                                                                                          
Jonathon              80       8600       9350                                                                                                                                                          
Kimerely                       7000       7750                                                                                                                                                          
Jennifer              10       4400       5150                                                                                                                                                          
Michael               20      13000      13500                                                                                                                                                          
Pat                   20       6000       6500                                                                                                                                                          
Shelley              110      12000      12750                                                                                                                                                          
William              110       8300       9050                                                                                                                                                          

20 rows selected.

SQL> REM CASE 2ND SYNTAX ALLOWS US TO WRITE CONDITIONS
SQL> 
SQL> REM SALARY RANGE : 0-6000 10% , 6001-9000 20% , 9001-13000 30% , REMAINING NO INCREMENT
SQL> 
SQL> SELECT FIRST_NAME , SALARY ,
  2  CASE WHEN SALARY BETWEEN     0 AND  6000 THEN SALARY * 1.1
  3       WHEN SALARY BETWEEN  6001 AND  9000 THEN SALARY * 1.2
  4       WHEN SALARY BETWEEN  9001 AND 13000 THEN SALARY * 1.3 ELSE SALARY END NEW_SALARY
  5  FROM EMPLOYEES;

FIRST_NAME     SALARY NEW_SALARY                                                                                                                                                                        
---------- ---------- ----------                                                                                                                                                                        
Steven          24000      24000                                                                                                                                                                        
Neena           17000      17000                                                                                                                                                                        
Lex             17000      17000                                                                                                                                                                        
Alexander        9000      10800                                                                                                                                                                        
Bruce            6000       6600                                                                                                                                                                        
Diana            4200       4620                                                                                                                                                                        
Kevin            5800       6380                                                                                                                                                                        
Trenna           3500       3850                                                                                                                                                                        
Curtis           3100       3410                                                                                                                                                                        
Randall          2600       2860                                                                                                                                                                        
Peter            2500       2750                                                                                                                                                                        
Eleni           10500      13650                                                                                                                                                                        
Ellen           11000      14300                                                                                                                                                                        
Jonathon         8600      10320                                                                                                                                                                        
Kimerely         7000       8400                                                                                                                                                                        
Jennifer         4400       4840                                                                                                                                                                        
Michael         13000      16900                                                                                                                                                                        
Pat              6000       6600                                                                                                                                                                        
Shelley         12000      15600                                                                                                                                                                        
William          8300       9960                                                                                                                                                                        

20 rows selected.

SQL> SELECT FIRST_NAME , SALARY ,
  2  CASE WHEN SALARY BETWEEN     0 AND  6000 THEN SALARY * 1.1
  3       WHEN SALARY BETWEEN  6001 AND  9000 THEN SALARY * 1.2
  4       WHEN SALARY BETWEEN  9001 AND 13000 THEN SALARY * 1.3 ELSE SALARY END NEW_SALARY
  5  FROM EMPLOYEES
  6  ORDER BY 2;

FIRST_NAME     SALARY NEW_SALARY                                                                                                                                                                        
---------- ---------- ----------                                                                                                                                                                        
Peter            2500       2750                                                                                                                                                                        
Randall          2600       2860                                                                                                                                                                        
Curtis           3100       3410                                                                                                                                                                        
Trenna           3500       3850                                                                                                                                                                        
Diana            4200       4620                                                                                                                                                                        
Jennifer         4400       4840                                                                                                                                                                        
Kevin            5800       6380                                                                                                                                                                        
Bruce            6000       6600                                                                                                                                                                        
Pat              6000       6600                                                                                                                                                                        
Kimerely         7000       8400                                                                                                                                                                        
William          8300       9960                                                                                                                                                                        
Jonathon         8600      10320                                                                                                                                                                        
Alexander        9000      10800                                                                                                                                                                        
Eleni           10500      13650                                                                                                                                                                        
Ellen           11000      14300                                                                                                                                                                        
Shelley         12000      15600                                                                                                                                                                        
Michael         13000      16900                                                                                                                                                                        
Neena           17000      17000                                                                                                                                                                        
Lex             17000      17000                                                                                                                                                                        
Steven          24000      24000                                                                                                                                                                        

20 rows selected.

SQL> REM SALARY RANGE : 0-6000 10% , 6001-9000 20% , 9001-13000 30% , REMAINING NO INCREMENT
SQL> 
SQL> SELECT FIRST_NAME , SALARY ,
  2  CASE WHEN SALARY BETWEEN     0 AND  6000 THEN SALARY * 1.1
  3       WHEN SALARY BETWEEN  6001 AND  9000 THEN SALARY * 1.2
  4       WHEN SALARY BETWEEN  9001 AND 13000 THEN SALARY * 1.3 END NEW_SALARY
  5  FROM EMPLOYEES
  6  ORDER BY 2;

FIRST_NAME     SALARY NEW_SALARY                                                                                                                                                                        
---------- ---------- ----------                                                                                                                                                                        
Peter            2500       2750                                                                                                                                                                        
Randall          2600       2860                                                                                                                                                                        
Curtis           3100       3410                                                                                                                                                                        
Trenna           3500       3850                                                                                                                                                                        
Diana            4200       4620                                                                                                                                                                        
Jennifer         4400       4840                                                                                                                                                                        
Kevin            5800       6380                                                                                                                                                                        
Bruce            6000       6600                                                                                                                                                                        
Pat              6000       6600                                                                                                                                                                        
Kimerely         7000       8400                                                                                                                                                                        
William          8300       9960                                                                                                                                                                        
Jonathon         8600      10320                                                                                                                                                                        
Alexander        9000      10800                                                                                                                                                                        
Eleni           10500      13650                                                                                                                                                                        
Ellen           11000      14300                                                                                                                                                                        
Shelley         12000      15600                                                                                                                                                                        
Michael         13000      16900                                                                                                                                                                        
Neena           17000                                                                                                                                                                                   
Lex             17000                                                                                                                                                                                   
Steven          24000                                                                                                                                                                                   

20 rows selected.

SQL> REM CHAPTER 5
SQL> 
SQL> REM SUMMARY FUNCTIONS : MIN MAX COUNT SUM AVG
SQL> 
SQL> SELECT SALARY FROM EMPLOYEES ORDER BY 1;

    SALARY                                                                                                                                                                                              
----------                                                                                                                                                                                              
      2500                                                                                                                                                                                              
      2600                                                                                                                                                                                              
      3100                                                                                                                                                                                              
      3500                                                                                                                                                                                              
      4200                                                                                                                                                                                              
      4400                                                                                                                                                                                              
      5800                                                                                                                                                                                              
      6000                                                                                                                                                                                              
      6000                                                                                                                                                                                              
      7000                                                                                                                                                                                              
      8300                                                                                                                                                                                              
      8600                                                                                                                                                                                              
      9000                                                                                                                                                                                              
     10500                                                                                                                                                                                              
     11000                                                                                                                                                                                              
     12000                                                                                                                                                                                              
     13000                                                                                                                                                                                              
     17000                                                                                                                                                                                              
     17000                                                                                                                                                                                              
     24000                                                                                                                                                                                              

20 rows selected.

SQL> SELECT MIN(SALARY) , MAX(SALARY) FROM EMPLOYEES;

MIN(SALARY) MAX(SALARY)                                                                                                                                                                                 
----------- -----------                                                                                                                                                                                 
       2500       24000                                                                                                                                                                                 

SQL> SELECT COUNT(SALARY) , COUNT(*) FROM EMPLOYEES;

COUNT(SALARY)   COUNT(*)                                                                                                                                                                                
------------- ----------                                                                                                                                                                                
           20         20                                                                                                                                                                                

SQL> SELECT COUNT(COMMISSION_PCT) , COUNT(*) FROM EMPLOYEES;

COUNT(COMMISSION_PCT)   COUNT(*)                                                                                                                                                                        
--------------------- ----------                                                                                                                                                                        
                    4         20                                                                                                                                                                        

SQL> SELECT COUNT(COMMISSION_PCT) , COUNT(*) , COUNT(DISTINCT COMMISSION_PCT) FROM EMPLOYEES;

COUNT(COMMISSION_PCT)   COUNT(*) COUNT(DISTINCTCOMMISSION_PCT)                                                                                                                                          
--------------------- ---------- -----------------------------                                                                                                                                          
                    4         20                             3                                                                                                                                          

SQL> SELECT SUM(SALARY) FROM EMPLOYEES;

SUM(SALARY)                                                                                                                                                                                             
-----------                                                                                                                                                                                             
     175500                                                                                                                                                                                             

SQL> SELECT AVG(SALARY) FROM EMPLOYEES;

AVG(SALARY)                                                                                                                                                                                             
-----------                                                                                                                                                                                             
       8775                                                                                                                                                                                             

SQL> SELECT SUM(SALARY)/COUNT(SALARY) FROM EMPLOYEES;

SUM(SALARY)/COUNT(SALARY)                                                                                                                                                                               
-------------------------                                                                                                                                                                               
                     8775                                                                                                                                                                               

SQL> SELECT SUM(SALARY)/COUNT(*) FROM EMPLOYEES;

SUM(SALARY)/COUNT(*)                                                                                                                                                                                    
--------------------                                                                                                                                                                                    
                8775                                                                                                                                                                                    

SQL> SELECT SUM(COMMISSION_PCT)/COUNT(COMMISSION_PCT) , AVG(COMMISSION_PCT) FROM EMPLOYEES;

SUM(COMMISSION_PCT)/COUNT(COMMISSION_PCT) AVG(COMMISSION_PCT)                                                                                                                                           
----------------------------------------- -------------------                                                                                                                                           
                                    .2375               .2375                                                                                                                                           

SQL> SELECT SUM(COMMISSION_PCT)/COUNT(*) , AVG(COMMISSION_PCT) FROM EMPLOYEES;

SUM(COMMISSION_PCT)/COUNT(*) AVG(COMMISSION_PCT)                                                                                                                                                        
---------------------------- -------------------                                                                                                                                                        
                       .0475               .2375                                                                                                                                                        

SQL> SELECT SUM(SALARY) FROM EMPLOYEES;

SUM(SALARY)                                                                                                                                                                                             
-----------                                                                                                                                                                                             
     175500                                                                                                                                                                                             

SQL> SELECT SUM(SALARY) FROM EMPLOYEES WHERE DEPARTMENT_ID = 90;

SUM(SALARY)                                                                                                                                                                                             
-----------                                                                                                                                                                                             
      58000                                                                                                                                                                                             

SQL> SELECT DEPARTMENT_ID , SUM(SALARY) FROM EMPLOYEES;
SELECT DEPARTMENT_ID , SUM(SALARY) FROM EMPLOYEES
       *
ERROR at line 1:
ORA-00937: not a single-group group function 


SQL> SELECT DEPARTMENT_ID , SUM(SALARY) FROM EMPLOYEES GROUP BY DEPARTMENT_ID;

DEPARTMENT_ID SUM(SALARY)                                                                                                                                                                               
------------- -----------                                                                                                                                                                               
                     7000                                                                                                                                                                               
           90       58000                                                                                                                                                                               
           20       19000                                                                                                                                                                               
          110       20300                                                                                                                                                                               
           50       17500                                                                                                                                                                               
           80       30100                                                                                                                                                                               
           60       19200                                                                                                                                                                               
           10        4400                                                                                                                                                                               

8 rows selected.

SQL> REM SUMMARY ITEMS/FUNCTIONS : MIN MAX COUNT SUM AVG
SQL> 
SQL> REM ALL OTHER ITEMS ARE NON-SUMMARY ITEMS
SQL> 
SQL> SELECT JOB_ID , SUM(SALARY) FROM EMPLOYEES GROUP BY JOB_ID;

JOB_ID     SUM(SALARY)                                                                                                                                                                                  
---------- -----------                                                                                                                                                                                  
IT_PROG          19200                                                                                                                                                                                  
AC_MGR           12000                                                                                                                                                                                  
AC_ACCOUNT        8300                                                                                                                                                                                  
ST_MAN            5800                                                                                                                                                                                  
AD_ASST           4400                                                                                                                                                                                  
AD_VP            34000                                                                                                                                                                                  
SA_MAN           10500                                                                                                                                                                                  
MK_MAN           13000                                                                                                                                                                                  
AD_PRES          24000                                                                                                                                                                                  
SA_REP           26600                                                                                                                                                                                  
MK_REP            6000                                                                                                                                                                                  
ST_CLERK         11700                                                                                                                                                                                  

12 rows selected.

SQL> SELECT DEPARTMENT_ID , JOB_ID , SUM(SALARY) FROM EMPLOYEES GROUP BY JOB_ID , DEPARTMENT_ID;

DEPARTMENT_ID JOB_ID     SUM(SALARY)                                                                                                                                                                    
------------- ---------- -----------                                                                                                                                                                    
           60 IT_PROG          19200                                                                                                                                                                    
           50 ST_MAN            5800                                                                                                                                                                    
           80 SA_REP           19600                                                                                                                                                                    
           90 AD_VP            34000                                                                                                                                                                    
           10 AD_ASST           4400                                                                                                                                                                    
           20 MK_MAN           13000                                                                                                                                                                    
           20 MK_REP            6000                                                                                                                                                                    
           80 SA_MAN           10500                                                                                                                                                                    
              SA_REP            7000                                                                                                                                                                    
           90 AD_PRES          24000                                                                                                                                                                    
           50 ST_CLERK         11700                                                                                                                                                                    
          110 AC_MGR           12000                                                                                                                                                                    
          110 AC_ACCOUNT        8300                                                                                                                                                                    

13 rows selected.

SQL> SELECT SUM(SALARY) FROM EMPLOYEES GROUP BY DEPARTMENT_ID;

SUM(SALARY)                                                                                                                                                                                             
-----------                                                                                                                                                                                             
       7000                                                                                                                                                                                             
      58000                                                                                                                                                                                             
      19000                                                                                                                                                                                             
      20300                                                                                                                                                                                             
      17500                                                                                                                                                                                             
      30100                                                                                                                                                                                             
      19200                                                                                                                                                                                             
       4400                                                                                                                                                                                             

8 rows selected.

SQL> SELECT SUM(SALARY) FROM EMPLOYEES;

SUM(SALARY)                                                                                                                                                                                             
-----------                                                                                                                                                                                             
     175500                                                                                                                                                                                             

SQL> SELECT SUM(SALARY) FROM EMPLOYEES GROUP BY DEPARTMENT_ID;

SUM(SALARY)                                                                                                                                                                                             
-----------                                                                                                                                                                                             
       7000                                                                                                                                                                                             
      58000                                                                                                                                                                                             
      19000                                                                                                                                                                                             
      20300                                                                                                                                                                                             
      17500                                                                                                                                                                                             
      30100                                                                                                                                                                                             
      19200                                                                                                                                                                                             
       4400                                                                                                                                                                                             

8 rows selected.

SQL> SELECT JOB_ID , SUM(SALARY) FROM EMPLOYEES GROUP BY JOB_ID;

JOB_ID     SUM(SALARY)                                                                                                                                                                                  
---------- -----------                                                                                                                                                                                  
IT_PROG          19200                                                                                                                                                                                  
AC_MGR           12000                                                                                                                                                                                  
AC_ACCOUNT        8300                                                                                                                                                                                  
ST_MAN            5800                                                                                                                                                                                  
AD_ASST           4400                                                                                                                                                                                  
AD_VP            34000                                                                                                                                                                                  
SA_MAN           10500                                                                                                                                                                                  
MK_MAN           13000                                                                                                                                                                                  
AD_PRES          24000                                                                                                                                                                                  
SA_REP           26600                                                                                                                                                                                  
MK_REP            6000                                                                                                                                                                                  
ST_CLERK         11700                                                                                                                                                                                  

12 rows selected.

SQL> SELECT JOB_ID , SUM(SALARY) FROM EMPLOYEES GROUP BY JOB_ID HAVING SUM(SALARY) > 20000;

JOB_ID     SUM(SALARY)                                                                                                                                                                                  
---------- -----------                                                                                                                                                                                  
AD_VP            34000                                                                                                                                                                                  
AD_PRES          24000                                                                                                                                                                                  
SA_REP           26600                                                                                                                                                                                  

SQL> SELECT JOB_ID , SUM(SALARY) FROM EMPLOYEES GROUP BY JOB_ID WHERE SUM(SALARY) > 20000;
SELECT JOB_ID , SUM(SALARY) FROM EMPLOYEES GROUP BY JOB_ID WHERE SUM(SALARY) > 20000
                                                           *
ERROR at line 1:
ORA-00933: SQL command not properly ended 


SQL> SELECT JOB_ID , SUM(SALARY) FROM EMPLOYEES WHERE SUM(SALARY) > 20000 GROUP BY JOB_ID;
SELECT JOB_ID , SUM(SALARY) FROM EMPLOYEES WHERE SUM(SALARY) > 20000 GROUP BY JOB_ID
                                                 *
ERROR at line 1:
ORA-00934: group function is not allowed here 


SQL> SELECT AVG(SALARY) FROM EMPLOYEES;

AVG(SALARY)                                                                                                                                                                                             
-----------                                                                                                                                                                                             
       8775                                                                                                                                                                                             

SQL> SELECT AVG(SALARY) FROM EMPLOYEES GROUP BY JOB_ID;

AVG(SALARY)                                                                                                                                                                                             
-----------                                                                                                                                                                                             
       6400                                                                                                                                                                                             
      12000                                                                                                                                                                                             
       8300                                                                                                                                                                                             
       5800                                                                                                                                                                                             
       4400                                                                                                                                                                                             
      17000                                                                                                                                                                                             
      10500                                                                                                                                                                                             
      13000                                                                                                                                                                                             
      24000                                                                                                                                                                                             
 8866.66667                                                                                                                                                                                             
       6000                                                                                                                                                                                             
       2925                                                                                                                                                                                             

12 rows selected.

SQL> SELECT MAX(AVG(SALARY)) FROM EMPLOYEES GROUP BY JOB_ID;

MAX(AVG(SALARY))                                                                                                                                                                                        
----------------                                                                                                                                                                                        
           24000                                                                                                                                                                                        

SQL> SELECT MIN(AVG(SALARY)) FROM EMPLOYEES GROUP BY JOB_ID;

MIN(AVG(SALARY))                                                                                                                                                                                        
----------------                                                                                                                                                                                        
            2925                                                                                                                                                                                        

SQL> SELECT COUNT(MIN(AVG(SALARY))) FROM EMPLOYEES GROUP BY JOB_ID;
SELECT COUNT(MIN(AVG(SALARY))) FROM EMPLOYEES GROUP BY JOB_ID
                 *
ERROR at line 1:
ORA-00935: group function is nested too deeply 


SQL> SELECT MIN(AVG(SALARY)) FROM EMPLOYEES;
SELECT MIN(AVG(SALARY)) FROM EMPLOYEES
           *
ERROR at line 1:
ORA-00978: nested group function without GROUP BY 


SQL> SELECT MIN(AVG(SALARY)) , MAX(AVG(SALARY)) FROM EMPLOYEES GROUP BY DEPARTMENT_ID;

MIN(AVG(SALARY)) MAX(AVG(SALARY))                                                                                                                                                                       
---------------- ----------------                                                                                                                                                                       
            3500       19333.3333                                                                                                                                                                       

SQL> SELECT SUM(SALARY) , MIN(AVG(SALARY)) , MAX(AVG(SALARY)) FROM EMPLOYEES GROUP BY DEPARTMENT_ID;
SELECT SUM(SALARY) , MIN(AVG(SALARY)) , MAX(AVG(SALARY)) FROM EMPLOYEES GROUP BY DEPARTMENT_ID
           *
ERROR at line 1:
ORA-00979: not a GROUP BY expression 


SQL> SELECT DEPARTMENT_ID , MIN(AVG(SALARY)) , MAX(AVG(SALARY)) FROM EMPLOYEES GROUP BY DEPARTMENT_ID;
SELECT DEPARTMENT_ID , MIN(AVG(SALARY)) , MAX(AVG(SALARY)) FROM EMPLOYEES GROUP BY DEPARTMENT_ID
       *
ERROR at line 1:
ORA-00937: not a single-group group function 


SQL> SELECT JOB_ID , MIN(AVG(SALARY)) , MAX(AVG(SALARY)) FROM EMPLOYEES GROUP BY DEPARTMENT_ID;
SELECT JOB_ID , MIN(AVG(SALARY)) , MAX(AVG(SALARY)) FROM EMPLOYEES GROUP BY DEPARTMENT_ID
       *
ERROR at line 1:
ORA-00937: not a single-group group function 


SQL> SELECT COUNT(*) , COUNT(DEPARTMENT_ID) , MIN(AVG(SALARY)) , MAX(AVG(SALARY)) FROM EMPLOYEES GROUP BY DEPARTMENT_ID;

  COUNT(*) COUNT(DEPARTMENT_ID) MIN(AVG(SALARY)) MAX(AVG(SALARY))                                                                                                                                       
---------- -------------------- ---------------- ----------------                                                                                                                                       
         8                    7             3500       19333.3333                                                                                                                                       

SQL> REM PCM : PIVOTE REPORT/CROSS TAB REPORT/MATRIX REPORT
SQL> 
SQL> SELECT DEPARTMENT_ID , SUM(SALARY) FROM EMPLOYEES GROUP BY DEPARTMENT_ID;

DEPARTMENT_ID SUM(SALARY)                                                                                                                                                                               
------------- -----------                                                                                                                                                                               
                     7000                                                                                                                                                                               
           90       58000                                                                                                                                                                               
           20       19000                                                                                                                                                                               
          110       20300                                                                                                                                                                               
           50       17500                                                                                                                                                                               
           80       30100                                                                                                                                                                               
           60       19200                                                                                                                                                                               
           10        4400                                                                                                                                                                               

8 rows selected.

SQL> REM DEPT_90_SUM_SAL   DEPT_20_SUM_SAL
SQL> 
SQL> REM          58000             19000
SQL> 
SQL> 
SQL> SELECT SUM(SALARY) FROM EMPLOYEES WHERE DEPARTMENT_ID = 90;

SUM(SALARY)                                                                                                                                                                                             
-----------                                                                                                                                                                                             
      58000                                                                                                                                                                                             

SQL> SELECT SUM(SALARY) FROM EMPLOYEES WHERE DEPARTMENT_ID = 20;

SUM(SALARY)                                                                                                                                                                                             
-----------                                                                                                                                                                                             
      19000                                                                                                                                                                                             

SQL> SELECT SUM(CASE WHEN DEPARTMENT_ID = 20 THEN SALARY END) DEPT_20_SUM_SAL,
  2         SUM(CASE WHEN DEPARTMENT_ID = 90 THEN SALARY END) DEPT_90_SUM_SAL
  3  FROM EMPLOYEES;

DEPT_20_SUM_SAL DEPT_90_SUM_SAL                                                                                                                                                                         
--------------- ---------------                                                                                                                                                                         
          19000           58000                                                                                                                                                                         

SQL> SELECT JOB_ID , SUM(CASE WHEN DEPARTMENT_ID = 20 THEN SALARY END) DEPT_20_SUM_SAL,
  2                  SUM(CASE WHEN DEPARTMENT_ID = 90 THEN SALARY END) DEPT_90_SUM_SAL
  3  FROM EMPLOYEES
  4  GROUP BY JOB_ID;

JOB_ID     DEPT_20_SUM_SAL DEPT_90_SUM_SAL                                                                                                                                                              
---------- --------------- ---------------                                                                                                                                                              
IT_PROG                                                                                                                                                                                                 
AC_MGR                                                                                                                                                                                                  
AC_ACCOUNT                                                                                                                                                                                              
ST_MAN                                                                                                                                                                                                  
AD_ASST                                                                                                                                                                                                 
AD_VP                                34000                                                                                                                                                              
SA_MAN                                                                                                                                                                                                  
MK_MAN               13000                                                                                                                                                                              
AD_PRES                              24000                                                                                                                                                              
SA_REP                                                                                                                                                                                                  
MK_REP                6000                                                                                                                                                                              
ST_CLERK                                                                                                                                                                                                

12 rows selected.

SQL> REM CHAPTER 6 :
SQL> 
SQL> REM JOINS : NATURAL CROSS INNER OUTER
SQL> 
SQL> REM NATURAL JOIN : IDENTICAL COLUMN NAME,DATA TYPE,VALUES,MEANINGS
SQL> 
SQL> SELECT * FROM DEPARTMENTS;

DEPARTMENT_ID DEPARTMENT_NAME                MANAGER_ID LOCATION_ID                                                                                                                                     
------------- ------------------------------ ---------- -----------                                                                                                                                     
           10 Administration                        200        1700                                                                                                                                     
           20 Marketing                             201        1800                                                                                                                                     
           50 Shiping                               124        1500                                                                                                                                     
           60 IT                                    103        1400                                                                                                                                     
           80 Sales                                 149        2500                                                                                                                                     
           90 Executive                             100        1700                                                                                                                                     
          110 Accounting                            205        1700                                                                                                                                     
          190 Contracting                                      1700                                                                                                                                     

8 rows selected.

SQL> SELECT * FROM LOCATIONS;

LOCATION_ID STREET_ADRESS                            POSTAL_CODE  CITY                           STATE_PROVINCE            CO                                                                           
----------- ---------------------------------------- ------------ ------------------------------ ------------------------- --                                                                           
       1400 2014 Jabberwocky Rd                      26192        Southlake                      Texas                     US                                                                           
       1500 2011 Interiors Blvd                      99236        South San Francisco            California                US                                                                           
       1700 2004 Charade Rd                          98199        Seattle                        Washington                US                                                                           
       1800 460 Bloor St. W.                         ON M5S 1X8   Toronto                        Ontario                   CA                                                                           
       2500 Magdalen Centre, The Oxford Science Park OX9 9ZB      Oxford                         Oxford                    UK                                                                           

SQL> DESC DEPARTMENTS;
 Name                                                                                                              Null?    Type
 ----------------------------------------------------------------------------------------------------------------- -------- ----------------------------------------------------------------------------
 DEPARTMENT_ID                                                                                                     NOT NULL NUMBER(4)
 DEPARTMENT_NAME                                                                                                   NOT NULL VARCHAR2(30)
 MANAGER_ID                                                                                                                 NUMBER(6)
 LOCATION_ID                                                                                                                NUMBER(4)

SQL> DESC LOCATIONS
 Name                   Null?Type----------------------------------------------------------------------------------------------------------------- -------- ----------------------------------------------------------------------------
 LOCATION_ID                                                                                                       NOT NULL NUMBER(4)
 STREET_ADRESS                                                                                                              VARCHAR2(40)
 POSTAL_CODE                                                                                                                VARCHAR2(12)
 CITY                                                                                                              NOT NULL VARCHAR2(30)
 STATE_PROVINCE                                                                                                             VARCHAR2(25)
 COUNTRY_ID                                                                                                                 CHAR(2)

SQL> REM E D L C R
SQL> 
SQL> REM EMPLOYEES    DEPARTMENTS    LOCATIONS    COUNTRIES    REGIONS
SQL> 
SQL> REM       DEPARTMENT_ID   LOCATION_ID  COUNTRY_ID    REGION_ID
SQL> 
SQL> 
SQL> 
SQL> REM        MANAGER_ID
SQL> 
SQL> SELECT DEPARTMENT_NAME , CITY
  2  FROM DEPARTMENTS
  3  NATURAL JOIN LOCATIONS;

DEPARTMENT_NAME                CITY                                                                                                                                                                     
------------------------------ ------------------------------                                                                                                                                           
Administration                 Seattle                                                                                                                                                                  
Marketing                      Toronto                                                                                                                                                                  
Shiping                        South San Francisco                                                                                                                                                      
IT                             Southlake                                                                                                                                                                
Sales                          Oxford                                                                                                                                                                   
Executive                      Seattle                                                                                                                                                                  
Accounting                     Seattle                                                                                                                                                                  
Contracting                    Seattle                                                                                                                                                                  

8 rows selected.

SQL> SELECT DEPARTMENT_NAME , CITY
  2  FROM DEPARTMENTS
  3  CROSS JOIN LOCATIONS;

DEPARTMENT_NAME                CITY                                                                                                                                                                     
------------------------------ ------------------------------                                                                                                                                           
Administration                 Southlake                                                                                                                                                                
Marketing                      Southlake                                                                                                                                                                
Shiping                        Southlake                                                                                                                                                                
IT                             Southlake                                                                                                                                                                
Sales                          Southlake                                                                                                                                                                
Executive                      Southlake                                                                                                                                                                
Accounting                     Southlake                                                                                                                                                                
Contracting                    Southlake                                                                                                                                                                
Administration                 South San Francisco                                                                                                                                                      
Marketing                      South San Francisco                                                                                                                                                      
Shiping                        South San Francisco                                                                                                                                                      
IT                             South San Francisco                                                                                                                                                      
Sales                          South San Francisco                                                                                                                                                      
Executive                      South San Francisco                                                                                                                                                      
Accounting                     South San Francisco                                                                                                                                                      
Contracting                    South San Francisco                                                                                                                                                      
Administration                 Seattle                                                                                                                                                                  
Marketing                      Seattle                                                                                                                                                                  
Shiping                        Seattle                                                                                                                                                                  
IT                             Seattle                                                                                                                                                                  
Sales                          Seattle                                                                                                                                                                  

DEPARTMENT_NAME                CITY                                                                                                                                                                     
------------------------------ ------------------------------                                                                                                                                           
Executive                      Seattle                                                                                                                                                                  
Accounting                     Seattle                                                                                                                                                                  
Contracting                    Seattle                                                                                                                                                                  
Administration                 Toronto                                                                                                                                                                  
Marketing                      Toronto                                                                                                                                                                  
Shiping                        Toronto                                                                                                                                                                  
IT                             Toronto                                                                                                                                                                  
Sales                          Toronto                                                                                                                                                                  
Executive                      Toronto                                                                                                                                                                  
Accounting                     Toronto                                                                                                                                                                  
Contracting                    Toronto                                                                                                                                                                  
Administration                 Oxford                                                                                                                                                                   
Marketing                      Oxford                                                                                                                                                                   
Shiping                        Oxford                                                                                                                                                                   
IT                             Oxford                                                                                                                                                                   
Sales                          Oxford                                                                                                                                                                   
Executive                      Oxford                                                                                                                                                                   
Accounting                     Oxford                                                                                                                                                                   
Contracting                    Oxford                                                                                                                                                                   

40 rows selected.

SQL> SELECT DEPARTMENT_ID , CITY , COUNTRY_NAME
  2  FROM DEPARTMENTS
  3  NATURAL JOIN LOCATIONS
  4  NATURAL JOIN COUNTRIES;

DEPARTMENT_ID CITY                           COUNTRY_NAME                                                                                                                                               
------------- ------------------------------ ----------------------------------------                                                                                                                   
           10 Seattle                        United States of America                                                                                                                                   
           20 Toronto                        Canada                                                                                                                                                     
           50 South San Francisco            United States of America                                                                                                                                   
           60 Southlake                      United States of America                                                                                                                                   
           80 Oxford                         United Kingdom                                                                                                                                             
           90 Seattle                        United States of America                                                                                                                                   
          110 Seattle                        United States of America                                                                                                                                   
          190 Seattle                        United States of America                                                                                                                                   

8 rows selected.

SQL> SELECT DEPARTMENT_ID , CITY , COUNTRY_NAME
  2  FROM DEPARTMENTS
  3  CROSS JOIN LOCATIONS
  4  CROSS JOIN COUNTRIES;

DEPARTMENT_ID CITY                           COUNTRY_NAME                                                                                                                                               
------------- ------------------------------ ----------------------------------------                                                                                                                   
           10 Southlake                      Canada                                                                                                                                                     
           20 Southlake                      Canada                                                                                                                                                     
           50 Southlake                      Canada                                                                                                                                                     
           60 Southlake                      Canada                                                                                                                                                     
           80 Southlake                      Canada                                                                                                                                                     
           90 Southlake                      Canada                                                                                                                                                     
          110 Southlake                      Canada                                                                                                                                                     
          190 Southlake                      Canada                                                                                                                                                     
           10 South San Francisco            Canada                                                                                                                                                     
           20 South San Francisco            Canada                                                                                                                                                     
           50 South San Francisco            Canada                                                                                                                                                     
           60 South San Francisco            Canada                                                                                                                                                     
           80 South San Francisco            Canada                                                                                                                                                     
           90 South San Francisco            Canada                                                                                                                                                     
          110 South San Francisco            Canada                                                                                                                                                     
          190 South San Francisco            Canada                                                                                                                                                     
           10 Seattle                        Canada                                                                                                                                                     
           20 Seattle                        Canada                                                                                                                                                     
           50 Seattle                        Canada                                                                                                                                                     
           60 Seattle                        Canada                                                                                                                                                     
           80 Seattle                        Canada                                                                                                                                                     

DEPARTMENT_ID CITY                           COUNTRY_NAME                                                                                                                                               
------------- ------------------------------ ----------------------------------------                                                                                                                   
           90 Seattle                        Canada                                                                                                                                                     
          110 Seattle                        Canada                                                                                                                                                     
          190 Seattle                        Canada                                                                                                                                                     
           10 Toronto                        Canada                                                                                                                                                     
           20 Toronto                        Canada                                                                                                                                                     
           50 Toronto                        Canada                                                                                                                                                     
           60 Toronto                        Canada                                                                                                                                                     
           80 Toronto                        Canada                                                                                                                                                     
           90 Toronto                        Canada                                                                                                                                                     
          110 Toronto                        Canada                                                                                                                                                     
          190 Toronto                        Canada                                                                                                                                                     
           10 Oxford                         Canada                                                                                                                                                     
           20 Oxford                         Canada                                                                                                                                                     
           50 Oxford                         Canada                                                                                                                                                     
           60 Oxford                         Canada                                                                                                                                                     
           80 Oxford                         Canada                                                                                                                                                     
           90 Oxford                         Canada                                                                                                                                                     
          110 Oxford                         Canada                                                                                                                                                     
          190 Oxford                         Canada                                                                                                                                                     
           10 Southlake                      Germany                                                                                                                                                    
           20 Southlake                      Germany                                                                                                                                                    

DEPARTMENT_ID CITY                           COUNTRY_NAME                                                                                                                                               
------------- ------------------------------ ----------------------------------------                                                                                                                   
           50 Southlake                      Germany                                                                                                                                                    
           60 Southlake                      Germany                                                                                                                                                    
           80 Southlake                      Germany                                                                                                                                                    
           90 Southlake                      Germany                                                                                                                                                    
          110 Southlake                      Germany                                                                                                                                                    
          190 Southlake                      Germany                                                                                                                                                    
           10 South San Francisco            Germany                                                                                                                                                    
           20 South San Francisco            Germany                                                                                                                                                    
           50 South San Francisco            Germany                                                                                                                                                    
           60 South San Francisco            Germany                                                                                                                                                    
           80 South San Francisco            Germany                                                                                                                                                    
           90 South San Francisco            Germany                                                                                                                                                    
          110 South San Francisco            Germany                                                                                                                                                    
          190 South San Francisco            Germany                                                                                                                                                    
           10 Seattle                        Germany                                                                                                                                                    
           20 Seattle                        Germany                                                                                                                                                    
           50 Seattle                        Germany                                                                                                                                                    
           60 Seattle                        Germany                                                                                                                                                    
           80 Seattle                        Germany                                                                                                                                                    
           90 Seattle                        Germany                                                                                                                                                    
          110 Seattle                        Germany                                                                                                                                                    

DEPARTMENT_ID CITY                           COUNTRY_NAME                                                                                                                                               
------------- ------------------------------ ----------------------------------------                                                                                                                   
          190 Seattle                        Germany                                                                                                                                                    
           10 Toronto                        Germany                                                                                                                                                    
           20 Toronto                        Germany                                                                                                                                                    
           50 Toronto                        Germany                                                                                                                                                    
           60 Toronto                        Germany                                                                                                                                                    
           80 Toronto                        Germany                                                                                                                                                    
           90 Toronto                        Germany                                                                                                                                                    
          110 Toronto                        Germany                                                                                                                                                    
          190 Toronto                        Germany                                                                                                                                                    
           10 Oxford                         Germany                                                                                                                                                    
           20 Oxford                         Germany                                                                                                                                                    
           50 Oxford                         Germany                                                                                                                                                    
           60 Oxford                         Germany                                                                                                                                                    
           80 Oxford                         Germany                                                                                                                                                    
           90 Oxford                         Germany                                                                                                                                                    
          110 Oxford                         Germany                                                                                                                                                    
          190 Oxford                         Germany                                                                                                                                                    
           10 Southlake                      United Kingdom                                                                                                                                             
           20 Southlake                      United Kingdom                                                                                                                                             
           50 Southlake                      United Kingdom                                                                                                                                             
           60 Southlake                      United Kingdom                                                                                                                                             

DEPARTMENT_ID CITY                           COUNTRY_NAME                                                                                                                                               
------------- ------------------------------ ----------------------------------------                                                                                                                   
           80 Southlake                      United Kingdom                                                                                                                                             
           90 Southlake                      United Kingdom                                                                                                                                             
          110 Southlake                      United Kingdom                                                                                                                                             
          190 Southlake                      United Kingdom                                                                                                                                             
           10 South San Francisco            United Kingdom                                                                                                                                             
           20 South San Francisco            United Kingdom                                                                                                                                             
           50 South San Francisco            United Kingdom                                                                                                                                             
           60 South San Francisco            United Kingdom                                                                                                                                             
           80 South San Francisco            United Kingdom                                                                                                                                             
           90 South San Francisco            United Kingdom                                                                                                                                             
          110 South San Francisco            United Kingdom                                                                                                                                             
          190 South San Francisco            United Kingdom                                                                                                                                             
           10 Seattle                        United Kingdom                                                                                                                                             
           20 Seattle                        United Kingdom                                                                                                                                             
           50 Seattle                        United Kingdom                                                                                                                                             
           60 Seattle                        United Kingdom                                                                                                                                             
           80 Seattle                        United Kingdom                                                                                                                                             
           90 Seattle                        United Kingdom                                                                                                                                             
          110 Seattle                        United Kingdom                                                                                                                                             
          190 Seattle                        United Kingdom                                                                                                                                             
           10 Toronto                        United Kingdom                                                                                                                                             

DEPARTMENT_ID CITY                           COUNTRY_NAME                                                                                                                                               
------------- ------------------------------ ----------------------------------------                                                                                                                   
           20 Toronto                        United Kingdom                                                                                                                                             
           50 Toronto                        United Kingdom                                                                                                                                             
           60 Toronto                        United Kingdom                                                                                                                                             
           80 Toronto                        United Kingdom                                                                                                                                             
           90 Toronto                        United Kingdom                                                                                                                                             
          110 Toronto                        United Kingdom                                                                                                                                             
          190 Toronto                        United Kingdom                                                                                                                                             
           10 Oxford                         United Kingdom                                                                                                                                             
           20 Oxford                         United Kingdom                                                                                                                                             
           50 Oxford                         United Kingdom                                                                                                                                             
           60 Oxford                         United Kingdom                                                                                                                                             
           80 Oxford                         United Kingdom                                                                                                                                             
           90 Oxford                         United Kingdom                                                                                                                                             
          110 Oxford                         United Kingdom                                                                                                                                             
          190 Oxford                         United Kingdom                                                                                                                                             
           10 Southlake                      United States of America                                                                                                                                   
           20 Southlake                      United States of America                                                                                                                                   
           50 Southlake                      United States of America                                                                                                                                   
           60 Southlake                      United States of America                                                                                                                                   
           80 Southlake                      United States of America                                                                                                                                   
           90 Southlake                      United States of America                                                                                                                                   

DEPARTMENT_ID CITY                           COUNTRY_NAME                                                                                                                                               
------------- ------------------------------ ----------------------------------------                                                                                                                   
          110 Southlake                      United States of America                                                                                                                                   
          190 Southlake                      United States of America                                                                                                                                   
           10 South San Francisco            United States of America                                                                                                                                   
           20 South San Francisco            United States of America                                                                                                                                   
           50 South San Francisco            United States of America                                                                                                                                   
           60 South San Francisco            United States of America                                                                                                                                   
           80 South San Francisco            United States of America                                                                                                                                   
           90 South San Francisco            United States of America                                                                                                                                   
          110 South San Francisco            United States of America                                                                                                                                   
          190 South San Francisco            United States of America                                                                                                                                   
           10 Seattle                        United States of America                                                                                                                                   
           20 Seattle                        United States of America                                                                                                                                   
           50 Seattle                        United States of America                                                                                                                                   
           60 Seattle                        United States of America                                                                                                                                   
           80 Seattle                        United States of America                                                                                                                                   
           90 Seattle                        United States of America                                                                                                                                   
          110 Seattle                        United States of America                                                                                                                                   
          190 Seattle                        United States of America                                                                                                                                   
           10 Toronto                        United States of America                                                                                                                                   
           20 Toronto                        United States of America                                                                                                                                   
           50 Toronto                        United States of America                                                                                                                                   

DEPARTMENT_ID CITY                           COUNTRY_NAME                                                                                                                                               
------------- ------------------------------ ----------------------------------------                                                                                                                   
           60 Toronto                        United States of America                                                                                                                                   
           80 Toronto                        United States of America                                                                                                                                   
           90 Toronto                        United States of America                                                                                                                                   
          110 Toronto                        United States of America                                                                                                                                   
          190 Toronto                        United States of America                                                                                                                                   
           10 Oxford                         United States of America                                                                                                                                   
           20 Oxford                         United States of America                                                                                                                                   
           50 Oxford                         United States of America                                                                                                                                   
           60 Oxford                         United States of America                                                                                                                                   
           80 Oxford                         United States of America                                                                                                                                   
           90 Oxford                         United States of America                                                                                                                                   
          110 Oxford                         United States of America                                                                                                                                   
          190 Oxford                         United States of America                                                                                                                                   

160 rows selected.

SQL> REM INNER JOIN SYNTAX 1: FROM TABLE1 INNER JOIN TABLE2 USING (COMMON COLUMN LIST)
SQL> 
SQL> REM INNER JOIN SYNTAX 2: FROM TABLE1 INNER JOIN TABLE2 ON JOIN CONDITION(S)
SQL> 
SQL> 
SQL> 
SQL> REM IF BOTH TABLES HAS COMMON COLUMN WE CAN USE BOTH EITHER USING OR ON SYNTAX
SQL> 
SQL> 
SQL> 
SQL> SELECT * FROM DEPARTMENTS;

DEPARTMENT_ID DEPARTMENT_NAME                MANAGER_ID LOCATION_ID                                                                                                                                     
------------- ------------------------------ ---------- -----------                                                                                                                                     
           10 Administration                        200        1700                                                                                                                                     
           20 Marketing                             201        1800                                                                                                                                     
           50 Shiping                               124        1500                                                                                                                                     
           60 IT                                    103        1400                                                                                                                                     
           80 Sales                                 149        2500                                                                                                                                     
           90 Executive                             100        1700                                                                                                                                     
          110 Accounting                            205        1700                                                                                                                                     
          190 Contracting                                      1700                                                                                                                                     

8 rows selected.

SQL> SELECT * FROM LOCATIONS;

LOCATION_ID STREET_ADRESS                            POSTAL_CODE  CITY                           STATE_PROVINCE            CO                                                                           
----------- ---------------------------------------- ------------ ------------------------------ ------------------------- --                                                                           
       1400 2014 Jabberwocky Rd                      26192        Southlake                      Texas                     US                                                                           
       1500 2011 Interiors Blvd                      99236        South San Francisco            California                US                                                                           
       1700 2004 Charade Rd                          98199        Seattle                        Washington                US                                                                           
       1800 460 Bloor St. W.                         ON M5S 1X8   Toronto                        Ontario                   CA                                                                           
       2500 Magdalen Centre, The Oxford Science Park OX9 9ZB      Oxford                         Oxford                    UK                                                                           

SQL> SELECT DEPARTMENT_NAME , CITY
  2  FROM DEPARTMENTS
  3  INNER JOIN LOCATIONS USING (LOCATION_ID);

DEPARTMENT_NAME                CITY                                                                                                                                                                     
------------------------------ ------------------------------                                                                                                                                           
Administration                 Seattle                                                                                                                                                                  
Marketing                      Toronto                                                                                                                                                                  
Shiping                        South San Francisco                                                                                                                                                      
IT                             Southlake                                                                                                                                                                
Sales                          Oxford                                                                                                                                                                   
Executive                      Seattle                                                                                                                                                                  
Accounting                     Seattle                                                                                                                                                                  
Contracting                    Seattle                                                                                                                                                                  

8 rows selected.

SQL> SELECT DEPARTMENT_NAME , CITY
  2  FROM DEPARTMENTS
  3  INNER JOIN LOCATIONS ON LOCATION_ID = LOCATION_ID;
INNER JOIN LOCATIONS ON LOCATION_ID = LOCATION_ID
                                      *
ERROR at line 3:
ORA-00918: column ambiguously defined 


SQL> SELECT DEPARTMENT_NAME , CITY
  2  FROM DEPARTMENTS
  3  INNER JOIN LOCATIONS ON DEPARTMENTS.LOCATION_ID = LOCATIONS.LOCATION_ID;

DEPARTMENT_NAME                CITY                                                                                                                                                                     
------------------------------ ------------------------------                                                                                                                                           
Administration                 Seattle                                                                                                                                                                  
Marketing                      Toronto                                                                                                                                                                  
Shiping                        South San Francisco                                                                                                                                                      
IT                             Southlake                                                                                                                                                                
Sales                          Oxford                                                                                                                                                                   
Executive                      Seattle                                                                                                                                                                  
Accounting                     Seattle                                                                                                                                                                  
Contracting                    Seattle                                                                                                                                                                  

8 rows selected.

SQL> SELECT DEPARTMENT_NAME , CITY
  2  FROM DEPARTMENTS D
  3  INNER JOIN LOCATIONS L ON D.LOCATION_ID = L.LOCATION_ID;

DEPARTMENT_NAME                CITY                                                                                                                                                                     
------------------------------ ------------------------------                                                                                                                                           
Administration                 Seattle                                                                                                                                                                  
Marketing                      Toronto                                                                                                                                                                  
Shiping                        South San Francisco                                                                                                                                                      
IT                             Southlake                                                                                                                                                                
Sales                          Oxford                                                                                                                                                                   
Executive                      Seattle                                                                                                                                                                  
Accounting                     Seattle                                                                                                                                                                  
Contracting                    Seattle                                                                                                                                                                  

8 rows selected.

SQL> SELECT DEPARTMENT_NAME , CITY , LOCATION_ID
  2  FROM DEPARTMENTS
  3  INNER JOIN LOCATIONS USING (LOCATION_ID);

DEPARTMENT_NAME                CITY                           LOCATION_ID                                                                                                                               
------------------------------ ------------------------------ -----------                                                                                                                               
Administration                 Seattle                               1700                                                                                                                               
Marketing                      Toronto                               1800                                                                                                                               
Shiping                        South San Francisco                   1500                                                                                                                               
IT                             Southlake                             1400                                                                                                                               
Sales                          Oxford                                2500                                                                                                                               
Executive                      Seattle                               1700                                                                                                                               
Accounting                     Seattle                               1700                                                                                                                               
Contracting                    Seattle                               1700                                                                                                                               

8 rows selected.

SQL> SELECT DEPARTMENT_NAME , CITY , LOCATION_ID
  2  FROM DEPARTMENTS D
  3  INNER JOIN LOCATIONS L ON D.LOCATION_ID = L.LOCATION_ID;
SELECT DEPARTMENT_NAME , CITY , LOCATION_ID
                                *
ERROR at line 1:
ORA-00918: column ambiguously defined 


SQL> SELECT DEPARTMENT_NAME , CITY , D.LOCATION_ID
  2  FROM DEPARTMENTS D
  3  INNER JOIN LOCATIONS L ON D.LOCATION_ID = L.LOCATION_ID;

DEPARTMENT_NAME                CITY                           LOCATION_ID                                                                                                                               
------------------------------ ------------------------------ -----------                                                                                                                               
Administration                 Seattle                               1700                                                                                                                               
Marketing                      Toronto                               1800                                                                                                                               
Shiping                        South San Francisco                   1500                                                                                                                               
IT                             Southlake                             1400                                                                                                                               
Sales                          Oxford                                2500                                                                                                                               
Executive                      Seattle                               1700                                                                                                                               
Accounting                     Seattle                               1700                                                                                                                               
Contracting                    Seattle                               1700                                                                                                                               

8 rows selected.

SQL> ALTER TABLE LOCATIONS RENAME COLUMN LOCATION_ID TO LID;

Table altered.

SQL> SELECT * FROM DEPARTMENTS;

DEPARTMENT_ID DEPARTMENT_NAME                MANAGER_ID LOCATION_ID                                                                                                                                     
------------- ------------------------------ ---------- -----------                                                                                                                                     
           10 Administration                        200        1700                                                                                                                                     
           20 Marketing                             201        1800                                                                                                                                     
           50 Shiping                               124        1500                                                                                                                                     
           60 IT                                    103        1400                                                                                                                                     
           80 Sales                                 149        2500                                                                                                                                     
           90 Executive                             100        1700                                                                                                                                     
          110 Accounting                            205        1700                                                                                                                                     
          190 Contracting                                      1700                                                                                                                                     

8 rows selected.

SQL> SELECT * FROM LOCATIONS;

       LID STREET_ADRESS                            POSTAL_CODE  CITY                           STATE_PROVINCE            CO                                                                            
---------- ---------------------------------------- ------------ ------------------------------ ------------------------- --                                                                            
      1400 2014 Jabberwocky Rd                      26192        Southlake                      Texas                     US                                                                            
      1500 2011 Interiors Blvd                      99236        South San Francisco            California                US                                                                            
      1700 2004 Charade Rd                          98199        Seattle                        Washington                US                                                                            
      1800 460 Bloor St. W.                         ON M5S 1X8   Toronto                        Ontario                   CA                                                                            
      2500 Magdalen Centre, The Oxford Science Park OX9 9ZB      Oxford                         Oxford                    UK                                                                            

SQL> SELECT DEPARTMENT_NAME , CITY
  2  FROM DEPARTMENTS
  3  NATURAL JOIN LOCATIONS;

DEPARTMENT_NAME                CITY                                                                                                                                                                     
------------------------------ ------------------------------                                                                                                                                           
Administration                 Southlake                                                                                                                                                                
Marketing                      Southlake                                                                                                                                                                
Shiping                        Southlake                                                                                                                                                                
IT                             Southlake                                                                                                                                                                
Sales                          Southlake                                                                                                                                                                
Executive                      Southlake                                                                                                                                                                
Accounting                     Southlake                                                                                                                                                                
Contracting                    Southlake                                                                                                                                                                
Administration                 South San Francisco                                                                                                                                                      
Marketing                      South San Francisco                                                                                                                                                      
Shiping                        South San Francisco                                                                                                                                                      
IT                             South San Francisco                                                                                                                                                      
Sales                          South San Francisco                                                                                                                                                      
Executive                      South San Francisco                                                                                                                                                      
Accounting                     South San Francisco                                                                                                                                                      
Contracting                    South San Francisco                                                                                                                                                      
Administration                 Seattle                                                                                                                                                                  
Marketing                      Seattle                                                                                                                                                                  
Shiping                        Seattle                                                                                                                                                                  
IT                             Seattle                                                                                                                                                                  
Sales                          Seattle                                                                                                                                                                  

DEPARTMENT_NAME                CITY                                                                                                                                                                     
------------------------------ ------------------------------                                                                                                                                           
Executive                      Seattle                                                                                                                                                                  
Accounting                     Seattle                                                                                                                                                                  
Contracting                    Seattle                                                                                                                                                                  
Administration                 Toronto                                                                                                                                                                  
Marketing                      Toronto                                                                                                                                                                  
Shiping                        Toronto                                                                                                                                                                  
IT                             Toronto                                                                                                                                                                  
Sales                          Toronto                                                                                                                                                                  
Executive                      Toronto                                                                                                                                                                  
Accounting                     Toronto                                                                                                                                                                  
Contracting                    Toronto                                                                                                                                                                  
Administration                 Oxford                                                                                                                                                                   
Marketing                      Oxford                                                                                                                                                                   
Shiping                        Oxford                                                                                                                                                                   
IT                             Oxford                                                                                                                                                                   
Sales                          Oxford                                                                                                                                                                   
Executive                      Oxford                                                                                                                                                                   
Accounting                     Oxford                                                                                                                                                                   
Contracting                    Oxford                                                                                                                                                                   

40 rows selected.

SQL> SELECT DEPARTMENT_NAME , CITY
  2  FROM DEPARTMENTS
  3  JOIN LOCATIONS USING (LID);
JOIN LOCATIONS USING (LID)
                      *
ERROR at line 3:
ORA-00904: "DEPARTMENTS"."LID": invalid identifier 


SQL> SELECT DEPARTMENT_NAME , CITY
  2  FROM DEPARTMENTS
  3  JOIN LOCATIONS USING (LOCATION_ID);
JOIN LOCATIONS USING (LOCATION_ID)
                      *
ERROR at line 3:
ORA-00904: "LOCATIONS"."LOCATION_ID": invalid identifier 


SQL> SELECT DEPARTMENT_NAME , CITY
  2  FROM DEPARTMENTS
  3  JOIN LOCATIONS USING (LOCATION_ID,LID);
JOIN LOCATIONS USING (LOCATION_ID,LID)
                                  *
ERROR at line 3:
ORA-00904: "DEPARTMENTS"."LID": invalid identifier 


SQL> SELECT DEPARTMENT_NAME , CITY
  2  FROM DEPARTMENTS
  3  JOIN LOCATIONS ON LID = LOCATION_ID;

DEPARTMENT_NAME                CITY                                                                                                                                                                     
------------------------------ ------------------------------                                                                                                                                           
Administration                 Seattle                                                                                                                                                                  
Marketing                      Toronto                                                                                                                                                                  
Shiping                        South San Francisco                                                                                                                                                      
IT                             Southlake                                                                                                                                                                
Sales                          Oxford                                                                                                                                                                   
Executive                      Seattle                                                                                                                                                                  
Accounting                     Seattle                                                                                                                                                                  
Contracting                    Seattle                                                                                                                                                                  

8 rows selected.

SQL> SELECT FIRST_NAME , SALARY FROM EMPLOYEES;

FIRST_NAME     SALARY                                                                                                                                                                                   
---------- ----------                                                                                                                                                                                   
Steven          24000                                                                                                                                                                                   
Neena           17000                                                                                                                                                                                   
Lex             17000                                                                                                                                                                                   
Alexander        9000                                                                                                                                                                                   
Bruce            6000                                                                                                                                                                                   
Diana            4200                                                                                                                                                                                   
Kevin            5800                                                                                                                                                                                   
Trenna           3500                                                                                                                                                                                   
Curtis           3100                                                                                                                                                                                   
Randall          2600                                                                                                                                                                                   
Peter            2500                                                                                                                                                                                   
Eleni           10500                                                                                                                                                                                   
Ellen           11000                                                                                                                                                                                   
Jonathon         8600                                                                                                                                                                                   
Kimerely         7000                                                                                                                                                                                   
Jennifer         4400                                                                                                                                                                                   
Michael         13000                                                                                                                                                                                   
Pat              6000                                                                                                                                                                                   
Shelley         12000                                                                                                                                                                                   
William          8300                                                                                                                                                                                   

20 rows selected.

SQL> SELECT * FROM JOB_GRADES;

GRA LOWEST_SAL HIGHEST_SAL                                                                                                                                                                              
--- ---------- -----------                                                                                                                                                                              
A         1000        2999                                                                                                                                                                              
B         3000        5999                                                                                                                                                                              
C         6000        9999                                                                                                                                                                              
D        10000       14999                                                                                                                                                                              
E        15000       24999                                                                                                                                                                              
F        25000       40000                                                                                                                                                                              

6 rows selected.

SQL> SELECT FIRST_NAME , SALARY , GRADE_LEVEL
  2  FROM EMPLOYEES
  3  JOIN JOB_GRADES ON SALARY BETWEEN LOWEST_SAL AND HIGHEST_SAL;

FIRST_NAME     SALARY GRA                                                                                                                                                                               
---------- ---------- ---                                                                                                                                                                               
Peter            2500 A                                                                                                                                                                                 
Randall          2600 A                                                                                                                                                                                 
Curtis           3100 B                                                                                                                                                                                 
Trenna           3500 B                                                                                                                                                                                 
Diana            4200 B                                                                                                                                                                                 
Jennifer         4400 B                                                                                                                                                                                 
Kevin            5800 B                                                                                                                                                                                 
Bruce            6000 C                                                                                                                                                                                 
Pat              6000 C                                                                                                                                                                                 
Kimerely         7000 C                                                                                                                                                                                 
William          8300 C                                                                                                                                                                                 
Jonathon         8600 C                                                                                                                                                                                 
Alexander        9000 C                                                                                                                                                                                 
Eleni           10500 D                                                                                                                                                                                 
Ellen           11000 D                                                                                                                                                                                 
Shelley         12000 D                                                                                                                                                                                 
Michael         13000 D                                                                                                                                                                                 
Neena           17000 E                                                                                                                                                                                 
Lex             17000 E                                                                                                                                                                                 
Steven          24000 E                                                                                                                                                                                 

20 rows selected.

SQL> SELECT * FROM EMPLOYEES;

EMPLOYEE_ID FIRST_NAME LAST_NAME  EMAIL      PHONE_NUMBER         HIRE_DATE JOB_ID         SALARY COMMISSION_PCT MANAGER_ID DEPARTMENT_ID                                                               
----------- ---------- ---------- ---------- -------------------- --------- ---------- ---------- -------------- ---------- -------------                                                               
        100 Steven     King       SKING      515.123.4567         17-JUL-87 AD_PRES         24000                                      90                                                               
        101 Neena      Kochhar    NKOCHHAR   515.123.4568         21-SEP-89 AD_VP           17000                       100            90                                                               
        102 Lex        De Haan    LDEHAAN    515.123.4569         13-JAN-93 AD_VP           17000                       100            90                                                               
        103 Alexander  Hunold     AHUNOLD    590.423.4567         03-JAN-90 IT_PROG          9000                       102            60                                                               
        104 Bruce      Ernst      BERNST     590.423.4568         21-MAY-91 IT_PROG          6000                       103            60                                                               
        107 Diana      Lorentz    DLORENTZ   590.423.5567         07-FEB-99 IT_PROG          4200                       103            60                                                               
        124 Kevin      Mourgos    KMOURGOS   650.123.5234         16-NOV-99 ST_MAN           5800                       100            50                                                               
        141 Trenna     Rajs       TRAJS      650.121.8009         17-OCT-95 ST_CLERK         3500                       124            50                                                               
        142 Curtis     Davies     CDAVIES    650.121.2994         29-JAN-97 ST_CLERK         3100                       124            50                                                               
        143 Randall    Matos      RMATOS     650.121.2874         15-MAR-98 ST_CLERK         2600                       124            50                                                               
        144 Peter      Vargas     PVARGAS    650.121.2004         09-JUL-98 ST_CLERK         2500                       124            50                                                               
        149 Eleni      Zlotkey    EZLOTKEY   011.44.1344.429018   29-JAN-00 SA_MAN          10500             .2        100            80                                                               
        174 Ellen      Abel       EABEL      011.44.1644.429267   11-MAY-96 SA_REP          11000             .3        149            80                                                               
        176 Jonathon   Taylor     JTAYLOR    011.44.1644.429265   24-MAR-98 SA_REP           8600             .3        149            80                                                               
        178 Kimerely   Grant      KGRANT     011.44.1644.429263   24-MAY-99 SA_REP           7000            .15        149                                                                             
        200 Jennifer   Whalen     JWAHLEN    515.123.4444         17-SEP-87 AD_ASST          4400                       101            10                                                               
        201 Michael    Hartstein  MHARTSTE   515.123.5555         17-FEB-96 MK_MAN          13000                       100            20                                                               
        202 Pat        Fay        PFAY       603.123.6666         17-AUG-97 MK_REP           6000                       201            20                                                               
        205 Shelley    Higgins    SHIGGINS   515.123.8080         07-JUN-94 AC_MGR          12000                       101           110                                                               
        206 William    Gietz      WGIETZ     515.123.8181         07-JUN-94 AC_ACCOUNT       8300                       205           110                                                               

20 rows selected.

SQL> SELECT * FROM DEPARTMENTS;

DEPARTMENT_ID DEPARTMENT_NAME                MANAGER_ID LOCATION_ID                                                                                                                                     
------------- ------------------------------ ---------- -----------                                                                                                                                     
           10 Administration                        200        1700                                                                                                                                     
           20 Marketing                             201        1800                                                                                                                                     
           50 Shiping                               124        1500                                                                                                                                     
           60 IT                                    103        1400                                                                                                                                     
           80 Sales                                 149        2500                                                                                                                                     
           90 Executive                             100        1700                                                                                                                                     
          110 Accounting                            205        1700                                                                                                                                     
          190 Contracting                                      1700                                                                                                                                     

8 rows selected.

SQL> SELECT FIRST_NAME , DEPARTMENT_NAME
  2  FROM EMPLOYEES
  3  INNER JOIN DEPARTMENTS USING (DEPARTMENT_ID);

FIRST_NAME DEPARTMENT_NAME                                                                                                                                                                              
---------- ------------------------------                                                                                                                                                               
Jennifer   Administration                                                                                                                                                                               
Michael    Marketing                                                                                                                                                                                    
Pat        Marketing                                                                                                                                                                                    
Kevin      Shiping                                                                                                                                                                                      
Peter      Shiping                                                                                                                                                                                      
Randall    Shiping                                                                                                                                                                                      
Curtis     Shiping                                                                                                                                                                                      
Trenna     Shiping                                                                                                                                                                                      
Diana      IT                                                                                                                                                                                           
Bruce      IT                                                                                                                                                                                           
Alexander  IT                                                                                                                                                                                           
Ellen      Sales                                                                                                                                                                                        
Eleni      Sales                                                                                                                                                                                        
Jonathon   Sales                                                                                                                                                                                        
Lex        Executive                                                                                                                                                                                    
Steven     Executive                                                                                                                                                                                    
Neena      Executive                                                                                                                                                                                    
William    Accounting                                                                                                                                                                                   
Shelley    Accounting                                                                                                                                                                                   

19 rows selected.

SQL> SELECT FIRST_NAME , DEPARTMENT_NAME
  2  FROM EMPLOYEES
  3  LEFT OUTER JOIN DEPARTMENTS USING (DEPARTMENT_ID);

FIRST_NAME DEPARTMENT_NAME                                                                                                                                                                              
---------- ------------------------------                                                                                                                                                               
Jennifer   Administration                                                                                                                                                                               
Michael    Marketing                                                                                                                                                                                    
Pat        Marketing                                                                                                                                                                                    
Kevin      Shiping                                                                                                                                                                                      
Trenna     Shiping                                                                                                                                                                                      
Curtis     Shiping                                                                                                                                                                                      
Randall    Shiping                                                                                                                                                                                      
Peter      Shiping                                                                                                                                                                                      
Alexander  IT                                                                                                                                                                                           
Bruce      IT                                                                                                                                                                                           
Diana      IT                                                                                                                                                                                           
Eleni      Sales                                                                                                                                                                                        
Ellen      Sales                                                                                                                                                                                        
Jonathon   Sales                                                                                                                                                                                        
Steven     Executive                                                                                                                                                                                    
Neena      Executive                                                                                                                                                                                    
Lex        Executive                                                                                                                                                                                    
Shelley    Accounting                                                                                                                                                                                   
William    Accounting                                                                                                                                                                                   
Kimerely                                                                                                                                                                                                

20 rows selected.

SQL> SELECT FIRST_NAME , DEPARTMENT_NAME
  2  FROM EMPLOYEES
  3  RIGHT JOIN DEPARTMENTS USING (DEPARTMENT_ID);

FIRST_NAME DEPARTMENT_NAME                                                                                                                                                                              
---------- ------------------------------                                                                                                                                                               
Jennifer   Administration                                                                                                                                                                               
Michael    Marketing                                                                                                                                                                                    
Pat        Marketing                                                                                                                                                                                    
Kevin      Shiping                                                                                                                                                                                      
Peter      Shiping                                                                                                                                                                                      
Randall    Shiping                                                                                                                                                                                      
Curtis     Shiping                                                                                                                                                                                      
Trenna     Shiping                                                                                                                                                                                      
Diana      IT                                                                                                                                                                                           
Bruce      IT                                                                                                                                                                                           
Alexander  IT                                                                                                                                                                                           
Ellen      Sales                                                                                                                                                                                        
Eleni      Sales                                                                                                                                                                                        
Jonathon   Sales                                                                                                                                                                                        
Lex        Executive                                                                                                                                                                                    
Steven     Executive                                                                                                                                                                                    
Neena      Executive                                                                                                                                                                                    
William    Accounting                                                                                                                                                                                   
Shelley    Accounting                                                                                                                                                                                   
           Contracting                                                                                                                                                                                  

20 rows selected.

SQL> SELECT FIRST_NAME , DEPARTMENT_NAME
  2  FROM EMPLOYEES
  3  FULL JOIN DEPARTMENTS USING (DEPARTMENT_ID);

FIRST_NAME DEPARTMENT_NAME                                                                                                                                                                              
---------- ------------------------------                                                                                                                                                               
Steven     Executive                                                                                                                                                                                    
Neena      Executive                                                                                                                                                                                    
Lex        Executive                                                                                                                                                                                    
Alexander  IT                                                                                                                                                                                           
Bruce      IT                                                                                                                                                                                           
Diana      IT                                                                                                                                                                                           
Kevin      Shiping                                                                                                                                                                                      
Trenna     Shiping                                                                                                                                                                                      
Curtis     Shiping                                                                                                                                                                                      
Randall    Shiping                                                                                                                                                                                      
Peter      Shiping                                                                                                                                                                                      
Eleni      Sales                                                                                                                                                                                        
Ellen      Sales                                                                                                                                                                                        
Jonathon   Sales                                                                                                                                                                                        
Kimerely                                                                                                                                                                                                
Jennifer   Administration                                                                                                                                                                               
Michael    Marketing                                                                                                                                                                                    
Pat        Marketing                                                                                                                                                                                    
Shelley    Accounting                                                                                                                                                                                   
William    Accounting                                                                                                                                                                                   
           Contracting                                                                                                                                                                                  

21 rows selected.

SQL> SELECT EMPLOYEE_ID , FIRST_NAME , MANAGER_ID FROM EMPLOYEES;

EMPLOYEE_ID FIRST_NAME MANAGER_ID                                                                                                                                                                       
----------- ---------- ----------                                                                                                                                                                       
        100 Steven                                                                                                                                                                                      
        101 Neena             100                                                                                                                                                                       
        102 Lex               100                                                                                                                                                                       
        103 Alexander         102                                                                                                                                                                       
        104 Bruce             103                                                                                                                                                                       
        107 Diana             103                                                                                                                                                                       
        124 Kevin             100                                                                                                                                                                       
        141 Trenna            124                                                                                                                                                                       
        142 Curtis            124                                                                                                                                                                       
        143 Randall           124                                                                                                                                                                       
        144 Peter             124                                                                                                                                                                       
        149 Eleni             100                                                                                                                                                                       
        174 Ellen             149                                                                                                                                                                       
        176 Jonathon          149                                                                                                                                                                       
        178 Kimerely          149                                                                                                                                                                       
        200 Jennifer          101                                                                                                                                                                       
        201 Michael           100                                                                                                                                                                       
        202 Pat               201                                                                                                                                                                       
        205 Shelley           101                                                                                                                                                                       
        206 William           205                                                                                                                                                                       

20 rows selected.

SQL> SELECT E.FIRST_NAME EMP_NAME , M.FIRST_NAME MGR_NAME
  2  FROM EMPLOYEES E
  3  JOIN EMPLOYEES M ON E.MANAGER_ID = M.EMPLOYEE_ID;

EMP_NAME   MGR_NAME                                                                                                                                                                                     
---------- ----------                                                                                                                                                                                   
Neena      Steven                                                                                                                                                                                       
Lex        Steven                                                                                                                                                                                       
Kevin      Steven                                                                                                                                                                                       
Eleni      Steven                                                                                                                                                                                       
Michael    Steven                                                                                                                                                                                       
Jennifer   Neena                                                                                                                                                                                        
Shelley    Neena                                                                                                                                                                                        
Alexander  Lex                                                                                                                                                                                          
Bruce      Alexander                                                                                                                                                                                    
Diana      Alexander                                                                                                                                                                                    
Trenna     Kevin                                                                                                                                                                                        
Curtis     Kevin                                                                                                                                                                                        
Randall    Kevin                                                                                                                                                                                        
Peter      Kevin                                                                                                                                                                                        
Ellen      Eleni                                                                                                                                                                                        
Jonathon   Eleni                                                                                                                                                                                        
Kimerely   Eleni                                                                                                                                                                                        
Pat        Michael                                                                                                                                                                                      
William    Shelley                                                                                                                                                                                      

19 rows selected.

SQL> SELECT * FROM DEPARTMENTS;

DEPARTMENT_ID DEPARTMENT_NAME                MANAGER_ID LOCATION_ID                                                                                                                                     
------------- ------------------------------ ---------- -----------                                                                                                                                     
           10 Administration                        200        1700                                                                                                                                     
           20 Marketing                             201        1800                                                                                                                                     
           50 Shiping                               124        1500                                                                                                                                     
           60 IT                                    103        1400                                                                                                                                     
           80 Sales                                 149        2500                                                                                                                                     
           90 Executive                             100        1700                                                                                                                                     
          110 Accounting                            205        1700                                                                                                                                     
          190 Contracting                                      1700                                                                                                                                     

8 rows selected.

SQL> SELECT * FROM LOCATIONS;

       LID STREET_ADRESS                            POSTAL_CODE  CITY                           STATE_PROVINCE            CO                                                                            
---------- ---------------------------------------- ------------ ------------------------------ ------------------------- --                                                                            
      1400 2014 Jabberwocky Rd                      26192        Southlake                      Texas                     US                                                                            
      1500 2011 Interiors Blvd                      99236        South San Francisco            California                US                                                                            
      1700 2004 Charade Rd                          98199        Seattle                        Washington                US                                                                            
      1800 460 Bloor St. W.                         ON M5S 1X8   Toronto                        Ontario                   CA                                                                            
      2500 Magdalen Centre, The Oxford Science Park OX9 9ZB      Oxford                         Oxford                    UK                                                                            

SQL> SELECT DEPARTMENT_NAME , CITY
  2  FROM DEPARTMENTS D
  3  
SQL> 
SQL> SELECT DEPARTMENT_NAME , CITY
  2  FROM DEPARTMENTS
  3  INNER JOIN LOCATIONS ON LID = LOCATION_ID;

DEPARTMENT_NAME                CITY                                                                                                                                                                     
------------------------------ ------------------------------                                                                                                                                           
Administration                 Seattle                                                                                                                                                                  
Marketing                      Toronto                                                                                                                                                                  
Shiping                        South San Francisco                                                                                                                                                      
IT                             Southlake                                                                                                                                                                
Sales                          Oxford                                                                                                                                                                   
Executive                      Seattle                                                                                                                                                                  
Accounting                     Seattle                                                                                                                                                                  
Contracting                    Seattle                                                                                                                                                                  

8 rows selected.

SQL> ALTER TABLE LOCATIONS RENAME COLUMN LID TO LOCATION_ID;

Table altered.

SQL> SPOOL OFF
